Archive member included to satisfy reference by file (symbol)

c:/program files (x86)/gnu tools arm embedded/6 2017-q1-update/bin/../lib/gcc/arm-none-eabi/6.3.1/../../../../arm-none-eabi/lib/thumb/v7e-m/fpv4-sp/hard\libc_nano.a(lib_a-exit.o)
                              c:/program files (x86)/gnu tools arm embedded/6 2017-q1-update/bin/../lib/gcc/arm-none-eabi/6.3.1/../../../../arm-none-eabi/lib/thumb/v7e-m/fpv4-sp/hard/crt0.o (exit)
c:/program files (x86)/gnu tools arm embedded/6 2017-q1-update/bin/../lib/gcc/arm-none-eabi/6.3.1/../../../../arm-none-eabi/lib/thumb/v7e-m/fpv4-sp/hard\libc_nano.a(lib_a-impure.o)
                              c:/program files (x86)/gnu tools arm embedded/6 2017-q1-update/bin/../lib/gcc/arm-none-eabi/6.3.1/../../../../arm-none-eabi/lib/thumb/v7e-m/fpv4-sp/hard\libc_nano.a(lib_a-exit.o) (_global_impure_ptr)
c:/program files (x86)/gnu tools arm embedded/6 2017-q1-update/bin/../lib/gcc/arm-none-eabi/6.3.1/../../../../arm-none-eabi/lib/thumb/v7e-m/fpv4-sp/hard\libc_nano.a(lib_a-init.o)
                              c:/program files (x86)/gnu tools arm embedded/6 2017-q1-update/bin/../lib/gcc/arm-none-eabi/6.3.1/../../../../arm-none-eabi/lib/thumb/v7e-m/fpv4-sp/hard/crt0.o (__libc_init_array)
c:/program files (x86)/gnu tools arm embedded/6 2017-q1-update/bin/../lib/gcc/arm-none-eabi/6.3.1/../../../../arm-none-eabi/lib/thumb/v7e-m/fpv4-sp/hard\libc_nano.a(lib_a-memset.o)
                              c:/program files (x86)/gnu tools arm embedded/6 2017-q1-update/bin/../lib/gcc/arm-none-eabi/6.3.1/../../../../arm-none-eabi/lib/thumb/v7e-m/fpv4-sp/hard/crt0.o (memset)
c:/program files (x86)/gnu tools arm embedded/6 2017-q1-update/bin/../lib/gcc/arm-none-eabi/6.3.1/../../../../arm-none-eabi/lib/thumb/v7e-m/fpv4-sp/hard\libnosys.a(_exit.o)
                              c:/program files (x86)/gnu tools arm embedded/6 2017-q1-update/bin/../lib/gcc/arm-none-eabi/6.3.1/../../../../arm-none-eabi/lib/thumb/v7e-m/fpv4-sp/hard\libc_nano.a(lib_a-exit.o) (_exit)
c:/program files (x86)/gnu tools arm embedded/6 2017-q1-update/bin/../lib/gcc/arm-none-eabi/6.3.1/../../../../arm-none-eabi/lib/thumb/v7e-m/fpv4-sp/hard\libc_nano.a(lib_a-calloc.o)
                              _build/nrf52832_xxaa_app.c.o (calloc)
c:/program files (x86)/gnu tools arm embedded/6 2017-q1-update/bin/../lib/gcc/arm-none-eabi/6.3.1/../../../../arm-none-eabi/lib/thumb/v7e-m/fpv4-sp/hard\libc_nano.a(lib_a-locale.o)
                              _build/nrf52832_xxaa_nrf_log_backend_serial.c.o (__locale_ctype_ptr)
c:/program files (x86)/gnu tools arm embedded/6 2017-q1-update/bin/../lib/gcc/arm-none-eabi/6.3.1/../../../../arm-none-eabi/lib/thumb/v7e-m/fpv4-sp/hard\libc_nano.a(lib_a-malloc.o)
                              _build/nrf52832_xxaa_service_if.c.o (malloc)
c:/program files (x86)/gnu tools arm embedded/6 2017-q1-update/bin/../lib/gcc/arm-none-eabi/6.3.1/../../../../arm-none-eabi/lib/thumb/v7e-m/fpv4-sp/hard\libc_nano.a(lib_a-mbtowc_r.o)
                              c:/program files (x86)/gnu tools arm embedded/6 2017-q1-update/bin/../lib/gcc/arm-none-eabi/6.3.1/../../../../arm-none-eabi/lib/thumb/v7e-m/fpv4-sp/hard\libc_nano.a(lib_a-locale.o) (__ascii_mbtowc)
c:/program files (x86)/gnu tools arm embedded/6 2017-q1-update/bin/../lib/gcc/arm-none-eabi/6.3.1/../../../../arm-none-eabi/lib/thumb/v7e-m/fpv4-sp/hard\libc_nano.a(lib_a-memcmp.o)
                              _build/nrf52832_xxaa_id_manager.c.o (memcmp)
c:/program files (x86)/gnu tools arm embedded/6 2017-q1-update/bin/../lib/gcc/arm-none-eabi/6.3.1/../../../../arm-none-eabi/lib/thumb/v7e-m/fpv4-sp/hard\libc_nano.a(lib_a-memcpy-stub.o)
                              _build/nrf52832_xxaa_nrf_log_backend_serial.c.o (memcpy)
c:/program files (x86)/gnu tools arm embedded/6 2017-q1-update/bin/../lib/gcc/arm-none-eabi/6.3.1/../../../../arm-none-eabi/lib/thumb/v7e-m/fpv4-sp/hard\libc_nano.a(lib_a-nano-callocr.o)
                              c:/program files (x86)/gnu tools arm embedded/6 2017-q1-update/bin/../lib/gcc/arm-none-eabi/6.3.1/../../../../arm-none-eabi/lib/thumb/v7e-m/fpv4-sp/hard\libc_nano.a(lib_a-calloc.o) (_calloc_r)
c:/program files (x86)/gnu tools arm embedded/6 2017-q1-update/bin/../lib/gcc/arm-none-eabi/6.3.1/../../../../arm-none-eabi/lib/thumb/v7e-m/fpv4-sp/hard\libc_nano.a(lib_a-nano-freer.o)
                              c:/program files (x86)/gnu tools arm embedded/6 2017-q1-update/bin/../lib/gcc/arm-none-eabi/6.3.1/../../../../arm-none-eabi/lib/thumb/v7e-m/fpv4-sp/hard\libc_nano.a(lib_a-malloc.o) (_free_r)
c:/program files (x86)/gnu tools arm embedded/6 2017-q1-update/bin/../lib/gcc/arm-none-eabi/6.3.1/../../../../arm-none-eabi/lib/thumb/v7e-m/fpv4-sp/hard\libc_nano.a(lib_a-nano-mallocr.o)
                              c:/program files (x86)/gnu tools arm embedded/6 2017-q1-update/bin/../lib/gcc/arm-none-eabi/6.3.1/../../../../arm-none-eabi/lib/thumb/v7e-m/fpv4-sp/hard\libc_nano.a(lib_a-malloc.o) (_malloc_r)
[...]
Memory Configuration

Name             Origin             Length             Attributes
FLASH            0x0001f000         0x00061000         xr
RAM              0x20002128         0x0000ded8         xrw
*default*        0x00000000         0xffffffff

Linker script and memory map


.text           0x0001f000    0x1180c
 *(.isr_vector)
 .isr_vector    0x0001f000      0x400 _build/nrf52832_xxaa_gcc_startup_nrf52.S.o
                0x0001f000                __isr_vector
 *(.text*)
 .text          0x0001f400       0x6c c:/program files (x86)/gnu tools arm embedded/6 2017-q1-update/bin/../lib/gcc/arm-none-eabi/6.3.1/thumb/v7e-m/fpv4-sp/hard/crtbegin.o
 .text          0x0001f46c       0x74 c:/program files (x86)/gnu tools arm embedded/6 2017-q1-update/bin/../lib/gcc/arm-none-eabi/6.3.1/../../../../arm-none-eabi/lib/thumb/v7e-m/fpv4-sp/hard/crt0.o
                0x0001f46c                _start
                0x0001f46c                _mainCRTStartup
 .text.exit     0x0001f4e0       0x28 c:/program files (x86)/gnu tools arm embedded/6 2017-q1-update/bin/../lib/gcc/arm-none-eabi/6.3.1/../../../../arm-none-eabi/lib/thumb/v7e-m/fpv4-sp/hard\libc_nano.a(lib_a-exit.o)
                0x0001f4e0                exit
 .text.__libc_init_array
                0x0001f508       0x48 c:/program files (x86)/gnu tools arm embedded/6 2017-q1-update/bin/../lib/gcc/arm-none-eabi/6.3.1/../../../../arm-none-eabi/lib/thumb/v7e-m/fpv4-sp/hard\libc_nano.a(lib_a-init.o)
                0x0001f508                __libc_init_array
 .text.memset   0x0001f550       0x10 c:/program files (x86)/gnu tools arm embedded/6 2017-q1-update/bin/../lib/gcc/arm-none-eabi/6.3.1/../../../../arm-none-eabi/lib/thumb/v7e-m/fpv4-sp/hard\libc_nano.a(lib_a-memset.o)
                0x0001f550                memset
 .text._exit    0x0001f560        0x4 c:/program files (x86)/gnu tools arm embedded/6 2017-q1-update/bin/../lib/gcc/arm-none-eabi/6.3.1/../../../../arm-none-eabi/lib/thumb/v7e-m/fpv4-sp/hard\libnosys.a(_exit.o)
                0x0001f560                _exit
 .text.nrf_log_backend_init
                0x0001f564       0x44 _build/nrf52832_xxaa_nrf_log_backend_serial.c.o
                0x0001f564                nrf_log_backend_init
 .text.serial_is_busy
                0x0001f5a8       0x18 _build/nrf52832_xxaa_nrf_log_backend_serial.c.o
 .text.serial_tx
                0x0001f5c0       0x62 _build/nrf52832_xxaa_nrf_log_backend_serial.c.o
 .text.buf_len_update
                0x0001f622       0x34 _build/nrf52832_xxaa_nrf_log_backend_serial.c.o
 *fill*         0x0001f656        0x2 
 .text.timestamp_process
                0x0001f658       0x54 _build/nrf52832_xxaa_nrf_log_backend_serial.c.o
 .text.nrf_log_backend_serial_std_handler
                0x0001f6ac      0x318 _build/nrf52832_xxaa_nrf_log_backend_serial.c.o
 .text.byte2hex
                0x0001f9c4       0x5a _build/nrf52832_xxaa_nrf_log_backend_serial.c.o
 .text.nrf_log_backend_serial_hexdump_handler
                0x0001fa1e      0x2c6 _build/nrf52832_xxaa_nrf_log_backend_serial.c.o
 .text.nrf_log_backend_std_handler_get
                0x0001fce4       0x14 _build/nrf52832_xxaa_nrf_log_backend_serial.c.o
                0x0001fce4                nrf_log_backend_std_handler_get
 .text.nrf_log_backend_hexdump_handler_get
                0x0001fcf8       0x14 _build/nrf52832_xxaa_nrf_log_backend_serial.c.o
                0x0001fcf8                nrf_log_backend_hexdump_handler_get
 .text.nrf_log_init
                0x0001fd0c       0x36 _build/nrf52832_xxaa_nrf_log_frontend.c.o
                0x0001fd0c                nrf_log_init
 .text.nrf_log_blocking_backend_set
                0x0001fd42       0x10 _build/nrf52832_xxaa_nrf_log_frontend.c.o
                0x0001fd42                nrf_log_blocking_backend_set
 *fill*         0x0001fd52        0x2 
 .text.nrf_log_frontend_init
                0x0001fd54       0x34 _build/nrf52832_xxaa_nrf_log_frontend.c.o
                0x0001fd54                nrf_log_frontend_init
 .text.nrf_log_handlers_set
                0x0001fd88       0x2c _build/nrf52832_xxaa_nrf_log_frontend.c.o
                0x0001fd88                nrf_log_handlers_set
 .text.buf_prealloc
                0x0001fdb4       0xd4 _build/nrf52832_xxaa_nrf_log_frontend.c.o
 .text.nrf_log_frontend_std_0
                0x0001fe88       0x8c _build/nrf52832_xxaa_nrf_log_frontend.c.o
                0x0001fe88                nrf_log_frontend_std_0
 .text.nrf_log_frontend_std_1
                0x0001ff14       0xa0 _build/nrf52832_xxaa_nrf_log_frontend.c.o
                0x0001ff14                nrf_log_frontend_std_1
 .text.nrf_log_frontend_std_3
                0x0001ffb4       0xd0 _build/nrf52832_xxaa_nrf_log_frontend.c.o
                0x0001ffb4                nrf_log_frontend_std_3
 .text.buffer_is_empty
                0x00020084       0x24 _build/nrf52832_xxaa_nrf_log_frontend.c.o
                0x00020084                buffer_is_empty
 .text.nrf_log_frontend_dequeue
                0x000200a8      0x280 _build/nrf52832_xxaa_nrf_log_frontend.c.o
                0x000200a8                nrf_log_frontend_dequeue
 .text.detection_delay_timeout_handler
                0x00020328       0xc8 _build/nrf52832_xxaa_app_button.c.o
 .text.gpiote_event_handler
                0x000203f0       0xa0 _build/nrf52832_xxaa_app_button.c.o
 .text.app_button_init
                0x00020490       0xd4 _build/nrf52832_xxaa_app_button.c.o
                0x00020490                app_button_init
 .text.app_button_enable
                0x00020564       0x44 _build/nrf52832_xxaa_app_button.c.o
                0x00020564                app_button_enable
 .text.app_error_handler_bare
                0x000205a8       0x2c _build/nrf52832_xxaa_app_error.c.o
                0x000205a8                app_error_handler_bare
 .text.NVIC_SystemReset
                0x000205d4       0x28 _build/nrf52832_xxaa_app_error_weak.c.o
 .text.app_error_fault_handler
                0x000205fc       0x48 _build/nrf52832_xxaa_app_error_weak.c.o
                0x000205fc                app_error_fault_handler
 .text.NVIC_EnableIRQ
                0x00020644       0x34 _build/nrf52832_xxaa_app_timer.c.o
 .text.NVIC_DisableIRQ
                0x00020678       0x34 _build/nrf52832_xxaa_app_timer.c.o
 .text.NVIC_SetPendingIRQ
                0x000206ac       0x34 _build/nrf52832_xxaa_app_timer.c.o
 .text.NVIC_ClearPendingIRQ
                0x000206e0       0x34 _build/nrf52832_xxaa_app_timer.c.o
 .text.NVIC_SetPriority
                0x00020714       0x54 _build/nrf52832_xxaa_app_timer.c.o
 .text.is_word_aligned
                0x00020768       0x24 _build/nrf52832_xxaa_app_timer.c.o
 .text.nrf_delay_us
                0x0002078c       0xa8 _build/nrf52832_xxaa_app_timer.c.o
 .text.rtc1_init
                0x00020834       0x24 _build/nrf52832_xxaa_app_timer.c.o
 .text.rtc1_start
                0x00020858       0x44 _build/nrf52832_xxaa_app_timer.c.o
 .text.rtc1_stop
                0x0002089c       0x54 _build/nrf52832_xxaa_app_timer.c.o
 .text.rtc1_counter_get
                0x000208f0       0x18 _build/nrf52832_xxaa_app_timer.c.o
 .text.ticks_diff_get
                0x00020908       0x20 _build/nrf52832_xxaa_app_timer.c.o
 .text.rtc1_compare0_set
                0x00020928       0x20 _build/nrf52832_xxaa_app_timer.c.o
 .text.timer_list_insert
                0x00020948       0xb4 _build/nrf52832_xxaa_app_timer.c.o
 .text.timer_list_remove
                0x000209fc       0xa8 _build/nrf52832_xxaa_app_timer.c.o
 .text.timer_timeouts_check_sched
                0x00020aa4        0xe _build/nrf52832_xxaa_app_timer.c.o
 .text.timer_list_handler_sched
                0x00020ab2        0xe _build/nrf52832_xxaa_app_timer.c.o
 .text.timeout_handler_exec
                0x00020ac0       0x4c _build/nrf52832_xxaa_app_timer.c.o
 .text.timer_timeouts_check
                0x00020b0c       0xc8 _build/nrf52832_xxaa_app_timer.c.o
 .text.elapsed_ticks_acquire
                0x00020bd4       0x80 _build/nrf52832_xxaa_app_timer.c.o
 .text.list_deletions_handler
                0x00020c54       0xa0 _build/nrf52832_xxaa_app_timer.c.o
 .text.expired_timers_handler
                0x00020cf4       0x9c _build/nrf52832_xxaa_app_timer.c.o
 .text.list_insertions_handler
                0x00020d90      0x160 _build/nrf52832_xxaa_app_timer.c.o
 .text.compare_reg_update
                0x00020ef0       0xb4 _build/nrf52832_xxaa_app_timer.c.o
 .text.timer_list_handler
                0x00020fa4       0x78 _build/nrf52832_xxaa_app_timer.c.o
 .text.user_op_enque
                0x0002101c       0x20 _build/nrf52832_xxaa_app_timer.c.o
 .text.user_op_alloc
                0x0002103c       0x5c _build/nrf52832_xxaa_app_timer.c.o
 .text.timer_start_op_schedule
                0x00021098       0x84 _build/nrf52832_xxaa_app_timer.c.o
 .text.timer_stop_op_schedule
                0x0002111c       0x66 _build/nrf52832_xxaa_app_timer.c.o
 *fill*         0x00021182        0x2 
 .text.RTC1_IRQHandler
                0x00021184       0x40 _build/nrf52832_xxaa_app_timer.c.o
                0x00021184                RTC1_IRQHandler
 .text.SWI0_EGU0_IRQHandler
                0x000211c4        0xc _build/nrf52832_xxaa_app_timer.c.o
                0x000211c4                SWI0_EGU0_IRQHandler
 .text.app_timer_init
                0x000211d0       0xac _build/nrf52832_xxaa_app_timer.c.o
                0x000211d0                app_timer_init
 .text.app_timer_create
                0x0002127c       0x68 _build/nrf52832_xxaa_app_timer.c.o
                0x0002127c                app_timer_create
 .text.app_timer_start
                0x000212e4       0x68 _build/nrf52832_xxaa_app_timer.c.o
                0x000212e4                app_timer_start
 .text.app_timer_stop
                0x0002134c       0x48 _build/nrf52832_xxaa_app_timer.c.o
                0x0002134c                app_timer_stop
 .text.__sd_nvic_irq_disable
                0x00021394       0x20 _build/nrf52832_xxaa_app_util_platform.c.o
 .text.__sd_nvic_irq_enable
                0x000213b4       0x10 _build/nrf52832_xxaa_app_util_platform.c.o
 .text.sd_nvic_critical_region_enter
                0x000213c4       0x74 _build/nrf52832_xxaa_app_util_platform.c.o
 .text.sd_nvic_critical_region_exit
                0x00021438       0x50 _build/nrf52832_xxaa_app_util_platform.c.o
 .text.app_util_critical_region_enter
                0x00021488       0x16 _build/nrf52832_xxaa_app_util_platform.c.o
                0x00021488                app_util_critical_region_enter
 .text.app_util_critical_region_exit
                0x0002149e       0x1a _build/nrf52832_xxaa_app_util_platform.c.o
                0x0002149e                app_util_critical_region_exit
 .text.is_word_aligned
                0x000214b8       0x24 _build/nrf52832_xxaa_fds.c.o
 .text.flag_set
                0x000214dc       0x28 _build/nrf52832_xxaa_fds.c.o
 .text.flag_clear
                0x00021504       0x34 _build/nrf52832_xxaa_fds.c.o
 .text.flag_is_set
                0x00021538       0x30 _build/nrf52832_xxaa_fds.c.o
 .text.event_send
                0x00021568       0x40 _build/nrf52832_xxaa_fds.c.o
 .text.event_prepare
                0x000215a8       0xdc _build/nrf52832_xxaa_fds.c.o
 .text.header_is_valid
                0x00021684       0x34 _build/nrf52832_xxaa_fds.c.o
 .text.address_is_valid
                0x000216b8       0x48 _build/nrf52832_xxaa_fds.c.o
 .text.chunk_is_aligned
                0x00021700       0x48 _build/nrf52832_xxaa_fds.c.o
 .text.page_identify
                0x00021748       0x4c _build/nrf52832_xxaa_fds.c.o
 .text.page_is_erased
                0x00021794       0x3e _build/nrf52832_xxaa_fds.c.o
 *fill*         0x000217d2        0x2 
 .text.page_has_space
                0x000217d4       0x54 _build/nrf52832_xxaa_fds.c.o
 .text.page_from_record
                0x00021828       0x68 _build/nrf52832_xxaa_fds.c.o
 .text.page_scan
                0x00021890       0xa4 _build/nrf52832_xxaa_fds.c.o
 .text.page_offsets_update
                0x00021934       0x3c _build/nrf52832_xxaa_fds.c.o
 .text.page_tag_write_swap
                0x00021970       0x2c _build/nrf52832_xxaa_fds.c.o
 .text.page_tag_write_data
                0x0002199c       0x2c _build/nrf52832_xxaa_fds.c.o
 .text.write_space_reserve
                0x000219c8       0x9c _build/nrf52832_xxaa_fds.c.o
 .text.write_space_free
                0x00021a64       0x44 _build/nrf52832_xxaa_fds.c.o
 .text.record_id_new
                0x00021aa8       0x20 _build/nrf52832_xxaa_fds.c.o
 .text.record_find_next
                0x00021ac8       0x94 _build/nrf52832_xxaa_fds.c.o
 .text.record_find_by_desc
                0x00021b5c       0xb8 _build/nrf52832_xxaa_fds.c.o
 .text.record_find
                0x00021c14       0xd4 _build/nrf52832_xxaa_fds.c.o
 .text.queue_advance
                0x00021ce8       0x54 _build/nrf52832_xxaa_fds.c.o
 .text.chunk_queue_next
                0x00021d3c       0x38 _build/nrf52832_xxaa_fds.c.o
                0x00021d3c                chunk_queue_next
 .text.chunk_queue_get_and_advance
                0x00021d74       0x48 _build/nrf52832_xxaa_fds.c.o
 .text.chunk_queue_skip
                0x00021dbc       0x44 _build/nrf52832_xxaa_fds.c.o
 .text.op_enqueue
                0x00021e00       0xd4 _build/nrf52832_xxaa_fds.c.o
 .text.pages_init
                0x00021ed4      0x188 _build/nrf52832_xxaa_fds.c.o
 .text.record_header_write_begin
                0x0002205c       0x40 _build/nrf52832_xxaa_fds.c.o
 .text.record_header_write_id
                0x0002209c       0x50 _build/nrf52832_xxaa_fds.c.o
 .text.record_header_write_finalize
                0x000220ec       0x50 _build/nrf52832_xxaa_fds.c.o
 .text.record_header_flag_dirty
                0x0002213c       0x38 _build/nrf52832_xxaa_fds.c.o
 .text.record_find_and_delete
                0x00022174       0x70 _build/nrf52832_xxaa_fds.c.o
 .text.file_find_and_delete
                0x000221e4       0x58 _build/nrf52832_xxaa_fds.c.o
 .text.record_write_chunk
                0x0002223c       0x7c _build/nrf52832_xxaa_fds.c.o
 .text.gc_init  0x000222b8       0x64 _build/nrf52832_xxaa_fds.c.o
 .text.gc_page_next
                0x0002231c       0x78 _build/nrf52832_xxaa_fds.c.o
 .text.gc_swap_erase
                0x00022394       0x30 _build/nrf52832_xxaa_fds.c.o
 .text.gc_page_erase
                0x000223c4       0x5c _build/nrf52832_xxaa_fds.c.o
 .text.gc_record_copy
                0x00022420       0x54 _build/nrf52832_xxaa_fds.c.o
 .text.gc_record_find_next
                0x00022474       0x38 _build/nrf52832_xxaa_fds.c.o
 .text.gc_swap_promote
                0x000224ac       0x2c _build/nrf52832_xxaa_fds.c.o
 .text.gc_tag_new_swap
                0x000224d8       0x20 _build/nrf52832_xxaa_fds.c.o
 .text.gc_next_page
                0x000224f8       0x40 _build/nrf52832_xxaa_fds.c.o
 .text.gc_update_swap_offset
                0x00022538       0x38 _build/nrf52832_xxaa_fds.c.o
 .text.gc_swap_pages
                0x00022570       0x64 _build/nrf52832_xxaa_fds.c.o
 .text.gc_state_advance
                0x000225d4       0x74 _build/nrf52832_xxaa_fds.c.o
 .text.init_execute
                0x00022648      0x168 _build/nrf52832_xxaa_fds.c.o
 .text.write_execute
                0x000227b0      0x104 _build/nrf52832_xxaa_fds.c.o
 .text.delete_execute
                0x000228b4       0x64 _build/nrf52832_xxaa_fds.c.o
 .text.gc_execute
                0x00022918       0x98 _build/nrf52832_xxaa_fds.c.o
 .text.queue_process
                0x000229b0       0xdc _build/nrf52832_xxaa_fds.c.o
 .text.queue_start
                0x00022a8c       0x26 _build/nrf52832_xxaa_fds.c.o
 .text.fs_event_handler
                0x00022ab2       0x1c _build/nrf52832_xxaa_fds.c.o
 *fill*         0x00022ace        0x2 
 .text.write_enqueue
                0x00022ad0      0x170 _build/nrf52832_xxaa_fds.c.o
 .text.fds_register
                0x00022c40       0x4c _build/nrf52832_xxaa_fds.c.o
                0x00022c40                fds_register
 .text.fds_init
                0x00022c8c       0xf8 _build/nrf52832_xxaa_fds.c.o
                0x00022c8c                fds_init
 .text.fds_record_open
                0x00022d84       0x78 _build/nrf52832_xxaa_fds.c.o
                0x00022d84                fds_record_open
 .text.fds_record_close
                0x00022dfc       0x7c _build/nrf52832_xxaa_fds.c.o
                0x00022dfc                fds_record_close
 .text.fds_reserve
                0x00022e78       0x58 _build/nrf52832_xxaa_fds.c.o
                0x00022e78                fds_reserve
 .text.fds_reserve_cancel
                0x00022ed0       0x88 _build/nrf52832_xxaa_fds.c.o
                0x00022ed0                fds_reserve_cancel
 .text.fds_record_write
                0x00022f58       0x20 _build/nrf52832_xxaa_fds.c.o
                0x00022f58                fds_record_write
 .text.fds_record_write_reserved
                0x00022f78       0x2c _build/nrf52832_xxaa_fds.c.o
                0x00022f78                fds_record_write_reserved
 .text.fds_record_update
                0x00022fa4       0x2a _build/nrf52832_xxaa_fds.c.o
                0x00022fa4                fds_record_update
 .text.fds_file_delete
                0x00022fce       0x60 _build/nrf52832_xxaa_fds.c.o
                0x00022fce                fds_file_delete
 *fill*         0x0002302e        0x2 
 .text.fds_gc   0x00023030       0x58 _build/nrf52832_xxaa_fds.c.o
                0x00023030                fds_gc
 .text.fds_record_find
                0x00023088       0x2c _build/nrf52832_xxaa_fds.c.o
                0x00023088                fds_record_find
 .text.fds_record_find_by_key
                0x000230b4       0x26 _build/nrf52832_xxaa_fds.c.o
                0x000230b4                fds_record_find_by_key
 .text.fds_record_find_in_file
                0x000230da       0x26 _build/nrf52832_xxaa_fds.c.o
                0x000230da                fds_record_find_in_file
 .text.fds_record_id_from_desc
                0x00023100       0x30 _build/nrf52832_xxaa_fds.c.o
                0x00023100                fds_record_id_from_desc
 .text.fs_flash_page_end_addr
                0x00023130       0x2e _build/nrf52832_xxaa_fstorage.c.o
 .text.sd_flash_write
                0x0002315e        0x8 _build/nrf52832_xxaa_fstorage.c.o
 .text.sd_flash_page_erase
                0x00023166        0x8 _build/nrf52832_xxaa_fstorage.c.o
 .text.send_event
                0x0002316e       0x72 _build/nrf52832_xxaa_fstorage.c.o
 .text.check_config
                0x000231e0       0x38 _build/nrf52832_xxaa_fstorage.c.o
 .text.store_execute
                0x00023218       0x58 _build/nrf52832_xxaa_fstorage.c.o
 .text.erase_execute
                0x00023270       0x1c _build/nrf52832_xxaa_fstorage.c.o
 .text.queue_advance
                0x0002328c       0x50 _build/nrf52832_xxaa_fstorage.c.o
 .text.queue_process
                0x000232dc       0x8c _build/nrf52832_xxaa_fstorage.c.o
 .text.queue_start
                0x00023368       0x38 _build/nrf52832_xxaa_fstorage.c.o
 .text.on_operation_success
                0x000233a0       0xb0 _build/nrf52832_xxaa_fstorage.c.o
 .text.on_operation_failure
                0x00023450       0x3c _build/nrf52832_xxaa_fstorage.c.o
 .text.queue_get_next_free
                0x0002348c       0x80 _build/nrf52832_xxaa_fstorage.c.o
 .text.fs_init  0x0002350c      0x11c _build/nrf52832_xxaa_fstorage.c.o
                0x0002350c                fs_init
 .text.fs_store
                0x00023628       0xd4 _build/nrf52832_xxaa_fstorage.c.o
                0x00023628                fs_store
 .text.fs_erase
                0x000236fc       0xc4 _build/nrf52832_xxaa_fstorage.c.o
                0x000236fc                fs_erase
 .text.fs_queued_op_count_get
                0x000237c0       0x2c _build/nrf52832_xxaa_fstorage.c.o
                0x000237c0                fs_queued_op_count_get
 .text.fs_sys_event_handler
                0x000237ec       0x88 _build/nrf52832_xxaa_fstorage.c.o
                0x000237ec                fs_sys_event_handler
 .text.sdk_mapped_flags_set_by_index
                0x00023874       0x2e _build/nrf52832_xxaa_sdk_mapped_flags.c.o
 .text.sdk_mapped_flags_clear_by_index
                0x000238a2       0x32 _build/nrf52832_xxaa_sdk_mapped_flags.c.o
 .text.sdk_mapped_flags_get_by_index
                0x000238d4       0x32 _build/nrf52832_xxaa_sdk_mapped_flags.c.o
 .text.sdk_mapped_flags_first_key_index_get
                0x00023906       0x3e _build/nrf52832_xxaa_sdk_mapped_flags.c.o
                0x00023906                sdk_mapped_flags_first_key_index_get
 .text.sdk_mapped_flags_update_by_key
                0x00023944       0x30 _build/nrf52832_xxaa_sdk_mapped_flags.c.o
                0x00023944                sdk_mapped_flags_update_by_key
 .text.sdk_mapped_flags_bulk_update_by_key
                0x00023974       0x8c _build/nrf52832_xxaa_sdk_mapped_flags.c.o
                0x00023974                sdk_mapped_flags_bulk_update_by_key
 .text.sdk_mapped_flags_get_by_key
                0x00023a00       0x54 _build/nrf52832_xxaa_sdk_mapped_flags.c.o
                0x00023a00                sdk_mapped_flags_get_by_key
 .text.sdk_mapped_flags_key_list_get
                0x00023a54       0x72 _build/nrf52832_xxaa_sdk_mapped_flags.c.o
                0x00023a54                sdk_mapped_flags_key_list_get
 .text.nrf_gpio_pin_port_decode
                0x00023ac6       0x18 _build/nrf52832_xxaa_boards.c.o
 .text.nrf_gpio_cfg
                0x00023ade       0x52 _build/nrf52832_xxaa_boards.c.o
 .text.nrf_gpio_cfg_output
                0x00023b30       0x24 _build/nrf52832_xxaa_boards.c.o
 .text.nrf_gpio_pin_set
                0x00023b54       0x2a _build/nrf52832_xxaa_boards.c.o
 .text.nrf_gpio_pin_clear
                0x00023b7e       0x2a _build/nrf52832_xxaa_boards.c.o
 .text.nrf_gpio_pin_toggle
                0x00023ba8       0x46 _build/nrf52832_xxaa_boards.c.o
 .text.nrf_gpio_pin_write
                0x00023bee       0x26 _build/nrf52832_xxaa_boards.c.o
 .text.nrf_gpio_pin_read
                0x00023c14       0x2c _build/nrf52832_xxaa_boards.c.o
 .text.nrf_gpio_pin_out_read
                0x00023c40       0x2c _build/nrf52832_xxaa_boards.c.o
 .text.nrf_gpio_port_in_read
                0x00023c6c       0x1a _build/nrf52832_xxaa_boards.c.o
 .text.nrf_gpio_port_out_read
                0x00023c86       0x1a _build/nrf52832_xxaa_boards.c.o
 .text.nrf_gpio_port_out_set
                0x00023ca0       0x1e _build/nrf52832_xxaa_boards.c.o
 .text.nrf_gpio_port_out_clear
                0x00023cbe       0x1e _build/nrf52832_xxaa_boards.c.o
 .text.bsp_board_led_state_get
                0x00023cdc       0x48 _build/nrf52832_xxaa_boards.c.o
                0x00023cdc                bsp_board_led_state_get
 .text.bsp_board_led_on
                0x00023d24       0x24 _build/nrf52832_xxaa_boards.c.o
                0x00023d24                bsp_board_led_on
 .text.bsp_board_led_off
                0x00023d48       0x24 _build/nrf52832_xxaa_boards.c.o
                0x00023d48                bsp_board_led_off
 .text.bsp_board_leds_off
                0x00023d6c       0x26 _build/nrf52832_xxaa_boards.c.o
                0x00023d6c                bsp_board_leds_off
 .text.bsp_board_leds_on
                0x00023d92       0x26 _build/nrf52832_xxaa_boards.c.o
                0x00023d92                bsp_board_leds_on
 .text.bsp_board_led_invert
                0x00023db8       0x24 _build/nrf52832_xxaa_boards.c.o
                0x00023db8                bsp_board_led_invert
 .text.bsp_board_leds_init
                0x00023ddc       0x38 _build/nrf52832_xxaa_boards.c.o
                0x00023ddc                bsp_board_leds_init
 .text.bsp_board_button_state_get
                0x00023e14       0x48 _build/nrf52832_xxaa_boards.c.o
                0x00023e14                bsp_board_button_state_get
 .text.bsp_board_pin_to_button_idx
                0x00023e5c       0x48 _build/nrf52832_xxaa_boards.c.o
                0x00023e5c                bsp_board_pin_to_button_idx
 .text.bsp_board_button_idx_to_pin
                0x00023ea4       0x20 _build/nrf52832_xxaa_boards.c.o
                0x00023ea4                bsp_board_button_idx_to_pin
 .text.nrf_clock_int_disable
                0x00023ec4       0x1e _build/nrf52832_xxaa_nrf_drv_clock.c.o
 .text.nrf_clock_event_clear
                0x00023ee2       0x2c _build/nrf52832_xxaa_nrf_drv_clock.c.o
 .text.nrf_clock_event_check
                0x00023f0e       0x28 _build/nrf52832_xxaa_nrf_drv_clock.c.o
 .text.nrf_clock_lf_src_set
                0x00023f36       0x24 _build/nrf52832_xxaa_nrf_drv_clock.c.o
 *fill*         0x00023f5a        0x2 
 .text.nrf_drv_common_irq_enable_check
                0x00023f5c       0x40 _build/nrf52832_xxaa_nrf_drv_clock.c.o
 .text.nrf_drv_common_power_clock_irq_init
                0x00023f9c       0x22 _build/nrf52832_xxaa_nrf_drv_clock.c.o
 *fill*         0x00023fbe        0x2 
 .text.nrf_drv_clock_init
                0x00023fc0       0x60 _build/nrf52832_xxaa_nrf_drv_clock.c.o
                0x00023fc0                nrf_drv_clock_init
 .text.item_dequeue
                0x00024020       0x2a _build/nrf52832_xxaa_nrf_drv_clock.c.o
 *fill*         0x0002404a        0x2 
 .text.clock_clk_started_notify
                0x0002404c       0x48 _build/nrf52832_xxaa_nrf_drv_clock.c.o
 .text.POWER_CLOCK_IRQHandler
                0x00024094       0x5c _build/nrf52832_xxaa_nrf_drv_clock.c.o
                0x00024094                POWER_CLOCK_IRQHandler
 .text.nrf_drv_clock_on_soc_event
                0x000240f0       0x1c _build/nrf52832_xxaa_nrf_drv_clock.c.o
                0x000240f0                nrf_drv_clock_on_soc_event
 .text.nrf_drv_clock_on_sd_enable
                0x0002410c       0x48 _build/nrf52832_xxaa_nrf_drv_clock.c.o
                0x0002410c                nrf_drv_clock_on_sd_enable
 .text.NVIC_EnableIRQ
                0x00024154       0x34 _build/nrf52832_xxaa_nrf_drv_common.c.o
 .text.NVIC_ClearPendingIRQ
                0x00024188       0x34 _build/nrf52832_xxaa_nrf_drv_common.c.o
 .text.NVIC_SetPriority
                0x000241bc       0x54 _build/nrf52832_xxaa_nrf_drv_common.c.o
 .text.nrf_drv_common_irq_enable
                0x00024210       0x3a _build/nrf52832_xxaa_nrf_drv_common.c.o
                0x00024210                nrf_drv_common_irq_enable
 .text.nrf_gpiote_event_is_set
                0x0002424a       0x28 _build/nrf52832_xxaa_nrf_drv_gpiote.c.o
 .text.nrf_gpiote_event_clear
                0x00024272       0x32 _build/nrf52832_xxaa_nrf_drv_gpiote.c.o
 .text.nrf_gpiote_event_addr_get
                0x000242a4       0x20 _build/nrf52832_xxaa_nrf_drv_gpiote.c.o
 .text.nrf_gpiote_int_enable
                0x000242c4       0x20 _build/nrf52832_xxaa_nrf_drv_gpiote.c.o
 .text.nrf_gpiote_int_is_enabled
                0x000242e4       0x24 _build/nrf52832_xxaa_nrf_drv_gpiote.c.o
 .text.nrf_gpiote_event_enable
                0x00024308       0x34 _build/nrf52832_xxaa_nrf_drv_gpiote.c.o
 .text.nrf_gpiote_event_configure
                0x0002433c       0x6c _build/nrf52832_xxaa_nrf_drv_gpiote.c.o
 .text.nrf_gpiote_event_pin_get
                0x000243a8       0x2c _build/nrf52832_xxaa_nrf_drv_gpiote.c.o
 .text.nrf_gpiote_event_polarity_get
                0x000243d4       0x2c _build/nrf52832_xxaa_nrf_drv_gpiote.c.o
 .text.nrf_gpio_pin_port_decode
                0x00024400       0x18 _build/nrf52832_xxaa_nrf_drv_gpiote.c.o
 .text.nrf_gpio_cfg
                0x00024418       0x52 _build/nrf52832_xxaa_nrf_drv_gpiote.c.o
 .text.nrf_gpio_cfg_input
                0x0002446a       0x2a _build/nrf52832_xxaa_nrf_drv_gpiote.c.o
 .text.nrf_gpio_cfg_watcher
                0x00024494       0x3a _build/nrf52832_xxaa_nrf_drv_gpiote.c.o
 .text.nrf_gpio_cfg_sense_set
                0x000244ce       0x58 _build/nrf52832_xxaa_nrf_drv_gpiote.c.o
 .text.nrf_gpio_pin_read
                0x00024526       0x2c _build/nrf52832_xxaa_nrf_drv_gpiote.c.o
 .text.nrf_gpio_pin_sense_get
                0x00024552       0x2e _build/nrf52832_xxaa_nrf_drv_gpiote.c.o
 .text.nrf_gpio_port_in_read
                0x00024580       0x1a _build/nrf52832_xxaa_nrf_drv_gpiote.c.o
 .text.nrf_gpio_ports_read
                0x0002459a       0x52 _build/nrf52832_xxaa_nrf_drv_gpiote.c.o
 .text.nrf_bitmask_bit_is_set
                0x000245ec       0x3a _build/nrf52832_xxaa_nrf_drv_gpiote.c.o
 .text.nrf_bitmask_bit_set
                0x00024626       0x4a _build/nrf52832_xxaa_nrf_drv_gpiote.c.o
 .text.pin_in_use_by_te
                0x00024670       0x44 _build/nrf52832_xxaa_nrf_drv_gpiote.c.o
 .text.pin_in_use_by_port
                0x000246b4       0x30 _build/nrf52832_xxaa_nrf_drv_gpiote.c.o
 .text.pin_in_use_by_gpiote
                0x000246e4       0x2c _build/nrf52832_xxaa_nrf_drv_gpiote.c.o
 .text.pin_in_use_by_te_set
                0x00024710       0x58 _build/nrf52832_xxaa_nrf_drv_gpiote.c.o
 .text.pin_in_use_clear
                0x00024768       0x24 _build/nrf52832_xxaa_nrf_drv_gpiote.c.o
 .text.channel_port_get
                0x0002478c       0x24 _build/nrf52832_xxaa_nrf_drv_gpiote.c.o
 .text.channel_handler_get
                0x000247b0       0x20 _build/nrf52832_xxaa_nrf_drv_gpiote.c.o
 .text.channel_port_alloc
                0x000247d0       0x74 _build/nrf52832_xxaa_nrf_drv_gpiote.c.o
 .text.channel_free
                0x00024844       0x3c _build/nrf52832_xxaa_nrf_drv_gpiote.c.o
 .text.nrf_drv_gpiote_init
                0x00024880       0x80 _build/nrf52832_xxaa_nrf_drv_gpiote.c.o
                0x00024880                nrf_drv_gpiote_init
 .text.nrf_drv_gpiote_is_init
                0x00024900       0x24 _build/nrf52832_xxaa_nrf_drv_gpiote.c.o
                0x00024900                nrf_drv_gpiote_is_init
 .text.nrf_drv_gpiote_in_init
                0x00024924       0xb4 _build/nrf52832_xxaa_nrf_drv_gpiote.c.o
                0x00024924                nrf_drv_gpiote_in_init
 .text.nrf_drv_gpiote_in_event_enable
                0x000249d8       0xd0 _build/nrf52832_xxaa_nrf_drv_gpiote.c.o
                0x000249d8                nrf_drv_gpiote_in_event_enable
 .text.nrf_drv_gpiote_in_is_set
                0x00024aa8       0x22 _build/nrf52832_xxaa_nrf_drv_gpiote.c.o
                0x00024aa8                nrf_drv_gpiote_in_is_set
 *fill*         0x00024aca        0x2 
 .text.GPIOTE_IRQHandler
                0x00024acc      0x2e8 _build/nrf52832_xxaa_nrf_drv_gpiote.c.o
                0x00024acc                GPIOTE_IRQHandler
 .text.nrf_uart_event_clear
                0x00024db4       0x2e _build/nrf52832_xxaa_nrf_drv_uart.c.o
 .text.nrf_uart_event_check
                0x00024de2       0x2a _build/nrf52832_xxaa_nrf_drv_uart.c.o
 .text.nrf_uart_int_enable_check
                0x00024e0c       0x2a _build/nrf52832_xxaa_nrf_drv_uart.c.o
 .text.nrf_uart_int_disable
                0x00024e36       0x1e _build/nrf52832_xxaa_nrf_drv_uart.c.o
 .text.nrf_uart_errorsrc_get_and_clear
                0x00024e54       0x26 _build/nrf52832_xxaa_nrf_drv_uart.c.o
 .text.nrf_uart_rxd_get
                0x00024e7a       0x1c _build/nrf52832_xxaa_nrf_drv_uart.c.o
 .text.nrf_uart_txd_set
                0x00024e96       0x20 _build/nrf52832_xxaa_nrf_drv_uart.c.o
 .text.nrf_uart_task_trigger
                0x00024eb6       0x22 _build/nrf52832_xxaa_nrf_drv_uart.c.o
 .text.nrf_uarte_event_clear
                0x00024ed8       0x2e _build/nrf52832_xxaa_nrf_drv_uart.c.o
 .text.nrf_uarte_event_check
                0x00024f06       0x2a _build/nrf52832_xxaa_nrf_drv_uart.c.o
 .text.nrf_uarte_shorts_disable
                0x00024f30       0x28 _build/nrf52832_xxaa_nrf_drv_uart.c.o
 .text.nrf_uarte_errorsrc_get_and_clear
                0x00024f58       0x26 _build/nrf52832_xxaa_nrf_drv_uart.c.o
 .text.nrf_uarte_tx_amount_get
                0x00024f7e       0x1a _build/nrf52832_xxaa_nrf_drv_uart.c.o
 .text.nrf_uarte_rx_amount_get
                0x00024f98       0x1a _build/nrf52832_xxaa_nrf_drv_uart.c.o
 .text.tx_byte  0x00024fb2       0x44 _build/nrf52832_xxaa_nrf_drv_uart.c.o
 .text.rx_byte  0x00024ff6       0x58 _build/nrf52832_xxaa_nrf_drv_uart.c.o
 .text.rx_done_event
                0x0002504e       0x32 _build/nrf52832_xxaa_nrf_drv_uart.c.o
 .text.tx_done_event
                0x00025080       0x38 _build/nrf52832_xxaa_nrf_drv_uart.c.o
 .text.uart_irq_handler
                0x000250b8      0x1d0 _build/nrf52832_xxaa_nrf_drv_uart.c.o
 .text.uarte_irq_handler
                0x00025288      0x158 _build/nrf52832_xxaa_nrf_drv_uart.c.o
 .text.UARTE0_UART0_IRQHandler
                0x000253e0       0x2c _build/nrf52832_xxaa_nrf_drv_uart.c.o
                0x000253e0                UARTE0_UART0_IRQHandler
 .text.nrf_gpio_pin_port_decode
                0x0002540c       0x18 _build/nrf52832_xxaa_bsp.c.o
 .text.nrf_gpio_cfg_sense_set
                0x00025424       0x58 _build/nrf52832_xxaa_bsp.c.o
 .text.bsp_button_is_pressed
                0x0002547c       0x18 _build/nrf52832_xxaa_bsp.c.o
                0x0002547c                bsp_button_is_pressed
 .text.bsp_button_event_handler
                0x00025494      0x124 _build/nrf52832_xxaa_bsp.c.o
 .text.button_timer_handler
                0x000255b8       0x1c _build/nrf52832_xxaa_bsp.c.o
 .text.bsp_led_indication
                0x000255d4      0x3a8 _build/nrf52832_xxaa_bsp.c.o
 .text.leds_timer_handler
                0x0002597c       0x30 _build/nrf52832_xxaa_bsp.c.o
 .text.alert_timer_handler
                0x000259ac       0x16 _build/nrf52832_xxaa_bsp.c.o
 *fill*         0x000259c2        0x2 
 .text.bsp_indication_set
                0x000259c4       0x34 _build/nrf52832_xxaa_bsp.c.o
                0x000259c4                bsp_indication_set
 .text.bsp_init
                0x000259f8       0xe8 _build/nrf52832_xxaa_bsp.c.o
                0x000259f8                bsp_init
 .text.bsp_event_to_button_action_assign
                0x00025ae0       0x9c _build/nrf52832_xxaa_bsp.c.o
                0x00025ae0                bsp_event_to_button_action_assign
 .text.bsp_wakeup_button_enable
                0x00025b7c       0x22 _build/nrf52832_xxaa_bsp.c.o
                0x00025b7c                bsp_wakeup_button_enable
 .text.connection_buttons_configure
                0x00025b9e       0x64 _build/nrf52832_xxaa_bsp_btn_ble.c.o
 .text.advertising_buttons_configure
                0x00025c02       0x64 _build/nrf52832_xxaa_bsp_btn_ble.c.o
 .text.startup_event_extract
                0x00025c66       0x3e _build/nrf52832_xxaa_bsp_btn_ble.c.o
 .text.bsp_btn_ble_sleep_mode_prepare
                0x00025ca4       0x40 _build/nrf52832_xxaa_bsp_btn_ble.c.o
                0x00025ca4                bsp_btn_ble_sleep_mode_prepare
 .text.bsp_btn_ble_on_ble_evt
                0x00025ce4       0x88 _build/nrf52832_xxaa_bsp_btn_ble.c.o
                0x00025ce4                bsp_btn_ble_on_ble_evt
 .text.bsp_btn_ble_init
                0x00025d6c       0x40 _build/nrf52832_xxaa_bsp_btn_ble.c.o
                0x00025d6c                bsp_btn_ble_init
 .text.sd_ble_gap_disconnect
                0x00025dac        0x8 _build/nrf52832_xxaa_main.c.o
 .text.sd_ble_gap_appearance_set
                0x00025db4        0x8 _build/nrf52832_xxaa_main.c.o
 .text.sd_ble_gap_ppcp_set
                0x00025dbc        0x8 _build/nrf52832_xxaa_main.c.o
 .text.sd_ble_gap_device_name_set
                0x00025dc4        0x8 _build/nrf52832_xxaa_main.c.o
 .text.sd_ble_gatts_exchange_mtu_reply
                0x00025dcc        0x8 _build/nrf52832_xxaa_main.c.o
 .text.sd_power_system_off
                0x00025dd4        0x8 _build/nrf52832_xxaa_main.c.o
 .text.sd_app_evt_wait
                0x00025ddc        0x8 _build/nrf52832_xxaa_main.c.o
 .text.nrf_delay_us
                0x00025de4       0xa8 _build/nrf52832_xxaa_main.c.o
 .text.nrf_delay_ms
                0x00025e8c       0x20 _build/nrf52832_xxaa_main.c.o
 .text.spi_event_handler
                0x00025eac       0x20 _build/nrf52832_xxaa_main.c.o
                0x00025eac                spi_event_handler
 .text.fds_evt_handler
                0x00025ecc       0x24 _build/nrf52832_xxaa_main.c.o
 .text.timers_init
                0x00025ef0       0x30 _build/nrf52832_xxaa_main.c.o
 .text.gap_params_init
                0x00025f20       0xa4 _build/nrf52832_xxaa_main.c.o
 .text.services_init
                0x00025fc4       0x58 _build/nrf52832_xxaa_main.c.o
 .text.on_conn_params_evt
                0x0002601c       0x3c _build/nrf52832_xxaa_main.c.o
 .text.conn_params_error_handler
                0x00026058       0x16 _build/nrf52832_xxaa_main.c.o
 *fill*         0x0002606e        0x2 
 .text.conn_params_init
                0x00026070       0x60 _build/nrf52832_xxaa_main.c.o
 .text.application_timers_start
                0x000260d0        0xe _build/nrf52832_xxaa_main.c.o
 .text.sleep_mode_enter
                0x000260de       0x52 _build/nrf52832_xxaa_main.c.o
 .text.on_adv_evt
                0x00026130       0x4c _build/nrf52832_xxaa_main.c.o
 .text.on_ble_evt
                0x0002617c       0xe4 _build/nrf52832_xxaa_main.c.o
 .text.ble_evt_dispatch
                0x00026260       0x48 _build/nrf52832_xxaa_main.c.o
 .text.sys_evt_dispatch
                0x000262a8       0x1c _build/nrf52832_xxaa_main.c.o
 .text.ble_stack_init
                0x000262c4       0xb0 _build/nrf52832_xxaa_main.c.o
 .text.bsp_event_handler
                0x00026374       0x84 _build/nrf52832_xxaa_main.c.o
                0x00026374                bsp_event_handler
 .text.pm_evt_handler
                0x000263f8      0x148 _build/nrf52832_xxaa_main.c.o
 .text.peer_manager_init
                0x00026540       0xf0 _build/nrf52832_xxaa_main.c.o
 .text.advertising_init
                0x00026630       0x7c _build/nrf52832_xxaa_main.c.o
 .text.buttons_leds_init
                0x000266ac       0x60 _build/nrf52832_xxaa_main.c.o
 .text.power_manage
                0x0002670c       0x24 _build/nrf52832_xxaa_main.c.o
 .text.fncdebug
                0x00026730        0xe _build/nrf52832_xxaa_main.c.o
                0x00026730                fncdebug
 *fill*         0x0002673e        0x2 
 .text.main_spi
                0x00026740       0xcc _build/nrf52832_xxaa_main.c.o
                0x00026740                main_spi
 .text.main     0x0002680c       0xa4 _build/nrf52832_xxaa_main.c.o
                0x0002680c                main
 .text.on_ias_evt
                0x000268b0       0x22 _build/nrf52832_xxaa_service_if.c.o
 .text.on_stuff_list_evt
                0x000268d2       0x2a _build/nrf52832_xxaa_service_if.c.o
 .text.bluetooth_init
                0x000268fc       0xa0 _build/nrf52832_xxaa_service_if.c.o
                0x000268fc                bluetooth_init
 .text.bluetooth_on_ble_evt
                0x0002699c       0x28 _build/nrf52832_xxaa_service_if.c.o
                0x0002699c                bluetooth_on_ble_evt
 .text.stuff_list_number_write
                0x000269c4       0x34 _build/nrf52832_xxaa_service_if.c.o
                0x000269c4                stuff_list_number_write
 .text.sd_ble_gatts_service_add
                0x000269f8        0x8 _build/nrf52832_xxaa_ble_ias.c.o
 .text.alert_level_alert_level_encode
                0x00026a00       0x24 _build/nrf52832_xxaa_ble_ias.c.o
 .text.alert_level_encode
                0x00026a24       0x30 _build/nrf52832_xxaa_ble_ias.c.o
 .text.alert_level_alert_level_decode
                0x00026a54       0x32 _build/nrf52832_xxaa_ble_ias.c.o
 .text.alert_level_decode
                0x00026a86       0x3c _build/nrf52832_xxaa_ble_ias.c.o
 .text.on_connect
                0x00026ac2       0x1e _build/nrf52832_xxaa_ble_ias.c.o
 .text.on_disconnect
                0x00026ae0       0x1e _build/nrf52832_xxaa_ble_ias.c.o
 .text.on_write
                0x00026afe       0x50 _build/nrf52832_xxaa_ble_ias.c.o
 .text.on_rw_authorize_request
                0x00026b4e       0x32 _build/nrf52832_xxaa_ble_ias.c.o
 .text.ble_ias_on_ble_evt
                0x00026b80       0x5e _build/nrf52832_xxaa_ble_ias.c.o
                0x00026b80                ble_ias_on_ble_evt
 .text.ble_ias_init
                0x00026bde       0xb8 _build/nrf52832_xxaa_ble_ias.c.o
                0x00026bde                ble_ias_init
 .text.sd_ble_gatts_service_add
                0x00026c96        0x8 _build/nrf52832_xxaa_ble_stuff_list.c.o
 .text.sd_ble_gatts_value_set
                0x00026c9e        0x8 _build/nrf52832_xxaa_ble_stuff_list.c.o
 .text.sd_ble_uuid_vs_add
                0x00026ca6        0x8 _build/nrf52832_xxaa_ble_stuff_list.c.o
 .text.bds_uint16_encode
                0x00026cae       0x32 _build/nrf52832_xxaa_ble_stuff_list.c.o
 .text.bds_uint8_array_encode
                0x00026ce0       0x28 _build/nrf52832_xxaa_ble_stuff_list.c.o
 .text.bds_uint16_decode
                0x00026d08       0x36 _build/nrf52832_xxaa_ble_stuff_list.c.o
 .text.stuff_value_encode
                0x00026d3e       0x30 _build/nrf52832_xxaa_ble_stuff_list.c.o
 .text.stuff_entry_encode
                0x00026d6e       0x30 _build/nrf52832_xxaa_ble_stuff_list.c.o
 .text.stuff_entry_decode
                0x00026d9e       0x3c _build/nrf52832_xxaa_ble_stuff_list.c.o
 .text.stuff_readed_all_readed_encode
                0x00026dda       0x24 _build/nrf52832_xxaa_ble_stuff_list.c.o
 .text.stuff_readed_encode
                0x00026dfe       0x30 _build/nrf52832_xxaa_ble_stuff_list.c.o
 .text.stuff_readed_all_readed_decode
                0x00026e2e       0x32 _build/nrf52832_xxaa_ble_stuff_list.c.o
 .text.stuff_readed_decode
                0x00026e60       0x3c _build/nrf52832_xxaa_ble_stuff_list.c.o
 .text.stuff_number_encode
                0x00026e9c       0x30 _build/nrf52832_xxaa_ble_stuff_list.c.o
 .text.on_connect
                0x00026ecc       0x1e _build/nrf52832_xxaa_ble_stuff_list.c.o
 .text.on_disconnect
                0x00026eea       0x1e _build/nrf52832_xxaa_ble_stuff_list.c.o
 .text.on_write
                0x00026f08       0x8e _build/nrf52832_xxaa_ble_stuff_list.c.o
 .text.on_rw_authorize_request
                0x00026f96       0x50 _build/nrf52832_xxaa_ble_stuff_list.c.o
 .text.ble_stuff_list_on_ble_evt
                0x00026fe6       0x5e _build/nrf52832_xxaa_ble_stuff_list.c.o
                0x00026fe6                ble_stuff_list_on_ble_evt
 .text.ble_stuff_list_init
                0x00027044      0x2e8 _build/nrf52832_xxaa_ble_stuff_list.c.o
                0x00027044                ble_stuff_list_init
 .text.ble_stuff_list_stuff_number_set
                0x0002732c       0x50 _build/nrf52832_xxaa_ble_stuff_list.c.o
                0x0002732c                ble_stuff_list_stuff_number_set
 .text.rfid_id_init
                0x0002737c       0x32 _build/nrf52832_xxaa_app.c.o
                0x0002737c                rfid_id_init
 *fill*         0x000273ae        0x2 
 .text.app_init
                0x000273b0       0x30 _build/nrf52832_xxaa_app.c.o
                0x000273b0                app_init
 .text._DoInit  0x000273e0       0x9c _build/nrf52832_xxaa_SEGGER_RTT.c.o
 .text._WriteBlocking
                0x0002747c       0xb4 _build/nrf52832_xxaa_SEGGER_RTT.c.o
 .text._WriteNoCheck
                0x00027530       0x80 _build/nrf52832_xxaa_SEGGER_RTT.c.o
 .text._GetAvailWriteSpace
                0x000275b0       0x46 _build/nrf52832_xxaa_SEGGER_RTT.c.o
 *fill*         0x000275f6        0x2 
 .text.SEGGER_RTT_WriteNoLock
                0x000275f8       0x9c _build/nrf52832_xxaa_SEGGER_RTT.c.o
                0x000275f8                SEGGER_RTT_WriteNoLock
 .text.SEGGER_RTT_Init
                0x00027694       0x18 _build/nrf52832_xxaa_SEGGER_RTT.c.o
                0x00027694                SEGGER_RTT_Init
 .text.sd_ble_gap_addr_get
                0x000276ac        0x8 _build/nrf52832_xxaa_ble_advdata.c.o
 .text.sd_ble_gap_adv_data_set
                0x000276b4        0x8 _build/nrf52832_xxaa_ble_advdata.c.o
 .text.sd_ble_gap_appearance_get
                0x000276bc        0x8 _build/nrf52832_xxaa_ble_advdata.c.o
 .text.sd_ble_gap_device_name_get
                0x000276c4        0x8 _build/nrf52832_xxaa_ble_advdata.c.o
 .text.sd_ble_uuid_encode
                0x000276cc        0x8 _build/nrf52832_xxaa_ble_advdata.c.o
 .text.uint16_encode
                0x000276d4       0x30 _build/nrf52832_xxaa_ble_advdata.c.o
 .text.ble_device_addr_encode
                0x00027704       0xce _build/nrf52832_xxaa_ble_advdata.c.o
 .text.name_encode
                0x000277d2      0x11a _build/nrf52832_xxaa_ble_advdata.c.o
 .text.appearance_encode
                0x000278ec       0x98 _build/nrf52832_xxaa_ble_advdata.c.o
 .text.flags_encode
                0x00027984       0x80 _build/nrf52832_xxaa_ble_advdata.c.o
 .text.tx_power_level_encode
                0x00027a04       0x80 _build/nrf52832_xxaa_ble_advdata.c.o
 .text.uuid_list_sized_encode
                0x00027a84      0x138 _build/nrf52832_xxaa_ble_advdata.c.o
 .text.uuid_list_encode
                0x00027bbc       0x5c _build/nrf52832_xxaa_ble_advdata.c.o
 .text.conn_int_check
                0x00027c18       0x82 _build/nrf52832_xxaa_ble_advdata.c.o
 .text.conn_int_encode
                0x00027c9a       0xbe _build/nrf52832_xxaa_ble_advdata.c.o
 .text.manuf_specific_data_encode
                0x00027d58       0xde _build/nrf52832_xxaa_ble_advdata.c.o
 .text.service_data_encode
                0x00027e36       0xfe _build/nrf52832_xxaa_ble_advdata.c.o
 .text.adv_data_encode
                0x00027f34      0x1bc _build/nrf52832_xxaa_ble_advdata.c.o
                0x00027f34                adv_data_encode
 .text.advdata_check
                0x000280f0       0x26 _build/nrf52832_xxaa_ble_advdata.c.o
 .text.srdata_check
                0x00028116       0x22 _build/nrf52832_xxaa_ble_advdata.c.o
 .text.ble_advdata_set
                0x00028138       0xc0 _build/nrf52832_xxaa_ble_advdata.c.o
                0x00028138                ble_advdata_set
 .text.sd_ble_gap_adv_start
                0x000281f8        0x8 _build/nrf52832_xxaa_ble_advertising.c.o
 .text.sd_ble_gap_adv_stop
                0x00028200        0x8 _build/nrf52832_xxaa_ble_advertising.c.o
 .text.whitelist_has_entries
                0x00028208       0x18 _build/nrf52832_xxaa_ble_advertising.c.o
 .text.addr_is_valid
                0x00028220       0x38 _build/nrf52832_xxaa_ble_advertising.c.o
 .text.adv_mode_next_get
                0x00028258       0x34 _build/nrf52832_xxaa_ble_advertising.c.o
 .text.on_connected
                0x0002828c       0x28 _build/nrf52832_xxaa_ble_advertising.c.o
 .text.on_disconnected
                0x000282b4       0x4c _build/nrf52832_xxaa_ble_advertising.c.o
 .text.on_timeout
                0x00028300       0x4c _build/nrf52832_xxaa_ble_advertising.c.o
 .text.flash_access_in_progress
                0x0002834c       0x22 _build/nrf52832_xxaa_ble_advertising.c.o
 *fill*         0x0002836e        0x2 
 .text.adv_mode_next_avail_get
                0x00028370       0x84 _build/nrf52832_xxaa_ble_advertising.c.o
 .text.set_adv_mode_directed
                0x000283f4       0x3c _build/nrf52832_xxaa_ble_advertising.c.o
 .text.set_adv_mode_directed_slow
                0x00028430       0x48 _build/nrf52832_xxaa_ble_advertising.c.o
 .text.set_adv_mode_fast
                0x00028478       0x84 _build/nrf52832_xxaa_ble_advertising.c.o
 .text.set_adv_mode_slow
                0x000284fc       0x84 _build/nrf52832_xxaa_ble_advertising.c.o
 .text.ble_advertising_init
                0x00028580      0x200 _build/nrf52832_xxaa_ble_advertising.c.o
                0x00028580                ble_advertising_init
 .text.ble_advertising_start
                0x00028780      0x1cc _build/nrf52832_xxaa_ble_advertising.c.o
                0x00028780                ble_advertising_start
 .text.ble_advertising_on_ble_evt
                0x0002894c       0x3a _build/nrf52832_xxaa_ble_advertising.c.o
                0x0002894c                ble_advertising_on_ble_evt
 *fill*         0x00028986        0x2 
 .text.ble_advertising_on_sys_evt
                0x00028988       0x5c _build/nrf52832_xxaa_ble_advertising.c.o
                0x00028988                ble_advertising_on_sys_evt
 .text.ble_advertising_restart_without_whitelist
                0x000289e4       0x70 _build/nrf52832_xxaa_ble_advertising.c.o
                0x000289e4                ble_advertising_restart_without_whitelist
 .text.sd_ble_gap_conn_param_update
                0x00028a54        0x8 _build/nrf52832_xxaa_ble_conn_params.c.o
 .text.sd_ble_gap_disconnect
                0x00028a5c        0x8 _build/nrf52832_xxaa_ble_conn_params.c.o
 .text.sd_ble_gap_ppcp_set
                0x00028a64        0x8 _build/nrf52832_xxaa_ble_conn_params.c.o
 .text.sd_ble_gap_ppcp_get
                0x00028a6c        0x8 _build/nrf52832_xxaa_ble_conn_params.c.o
 .text.is_conn_params_ok
                0x00028a74       0x38 _build/nrf52832_xxaa_ble_conn_params.c.o
 .text.update_timeout_handler
                0x00028aac       0xb4 _build/nrf52832_xxaa_ble_conn_params.c.o
 .text.ble_conn_params_init
                0x00028b60       0x98 _build/nrf52832_xxaa_ble_conn_params.c.o
                0x00028b60                ble_conn_params_init
 .text.conn_params_negotiation
                0x00028bf8       0xac _build/nrf52832_xxaa_ble_conn_params.c.o
 .text.on_connect
                0x00028ca4       0x48 _build/nrf52832_xxaa_ble_conn_params.c.o
 .text.on_disconnect
                0x00028cec       0x50 _build/nrf52832_xxaa_ble_conn_params.c.o
 .text.on_write
                0x00028d3c       0x68 _build/nrf52832_xxaa_ble_conn_params.c.o
 .text.on_conn_params_update
                0x00028da4       0x28 _build/nrf52832_xxaa_ble_conn_params.c.o
 .text.ble_conn_params_on_ble_evt
                0x00028dcc       0x4c _build/nrf52832_xxaa_ble_conn_params.c.o
                0x00028dcc                ble_conn_params_on_ble_evt
 .text.record_activate
                0x00028e18       0x68 _build/nrf52832_xxaa_ble_conn_state.c.o
 .text.record_invalidate
                0x00028e80       0x2c _build/nrf52832_xxaa_ble_conn_state.c.o
 .text.record_set_disconnected
                0x00028eac       0x28 _build/nrf52832_xxaa_ble_conn_state.c.o
 .text.record_purge_disconnected
                0x00028ed4       0x6c _build/nrf52832_xxaa_ble_conn_state.c.o
 .text.user_flag_is_acquired
                0x00028f40       0x34 _build/nrf52832_xxaa_ble_conn_state.c.o
 .text.user_flag_acquire
                0x00028f74       0x2c _build/nrf52832_xxaa_ble_conn_state.c.o
 .text.ble_conn_state_on_ble_evt
                0x00028fa0       0xc0 _build/nrf52832_xxaa_ble_conn_state.c.o
                0x00028fa0                ble_conn_state_on_ble_evt
 .text.ble_conn_state_role
                0x00029060       0x54 _build/nrf52832_xxaa_ble_conn_state.c.o
                0x00029060                ble_conn_state_role
 .text.ble_conn_state_encrypted
                0x000290b4       0x2c _build/nrf52832_xxaa_ble_conn_state.c.o
                0x000290b4                ble_conn_state_encrypted
 .text.ble_conn_state_mitm_protected
                0x000290e0       0x2c _build/nrf52832_xxaa_ble_conn_state.c.o
                0x000290e0                ble_conn_state_mitm_protected
 .text.ble_conn_state_conn_handles
                0x0002910c       0x28 _build/nrf52832_xxaa_ble_conn_state.c.o
                0x0002910c                ble_conn_state_conn_handles
 .text.ble_conn_state_user_flag_acquire
                0x00029134       0x42 _build/nrf52832_xxaa_ble_conn_state.c.o
                0x00029134                ble_conn_state_user_flag_acquire
 *fill*         0x00029176        0x2 
 .text.ble_conn_state_user_flag_get
                0x00029178       0x48 _build/nrf52832_xxaa_ble_conn_state.c.o
                0x00029178                ble_conn_state_user_flag_get
 .text.ble_conn_state_user_flag_set
                0x000291c0       0x48 _build/nrf52832_xxaa_ble_conn_state.c.o
                0x000291c0                ble_conn_state_user_flag_set
 .text.ble_conn_state_user_flag_collection
                0x00029208       0x30 _build/nrf52832_xxaa_ble_conn_state.c.o
                0x00029208                ble_conn_state_user_flag_collection
 .text.uint16_decode
                0x00029238       0x2a _build/nrf52832_xxaa_ble_srv_common.c.o
 .text.sd_ble_gatts_characteristic_add
                0x00029262        0x8 _build/nrf52832_xxaa_ble_srv_common.c.o
 .text.ble_srv_is_notification_enabled
                0x0002926a       0x2a _build/nrf52832_xxaa_ble_srv_common.c.o
                0x0002926a                ble_srv_is_notification_enabled
 .text.set_security_req
                0x00029294       0xec _build/nrf52832_xxaa_ble_srv_common.c.o
 .text.characteristic_add
                0x00029380      0x208 _build/nrf52832_xxaa_ble_srv_common.c.o
                0x00029380                characteristic_add
 .text.sdk_mapped_flags_any_set
                0x00029588       0x22 _build/nrf52832_xxaa_gatt_cache_manager.c.o
 *fill*         0x000295aa        0x2 
 .text.internal_state_reset
                0x000295ac       0x18 _build/nrf52832_xxaa_gatt_cache_manager.c.o
 .text.evt_send
                0x000295c4       0x34 _build/nrf52832_xxaa_gatt_cache_manager.c.o
 .text.cccd_written
                0x000295f8       0x3c _build/nrf52832_xxaa_gatt_cache_manager.c.o
 .text.local_db_apply_in_evt
                0x00029634       0xc8 _build/nrf52832_xxaa_gatt_cache_manager.c.o
 .text.local_db_update_in_evt
                0x000296fc       0xe0 _build/nrf52832_xxaa_gatt_cache_manager.c.o
 .text.service_changed_send_in_evt
                0x000297dc       0xe0 _build/nrf52832_xxaa_gatt_cache_manager.c.o
 .text.gcm_gscm_evt_handler
                0x000298bc       0x98 _build/nrf52832_xxaa_gatt_cache_manager.c.o
                0x000298bc                gcm_gscm_evt_handler
 .text.gcm_im_evt_handler
                0x00029954       0x4c _build/nrf52832_xxaa_gatt_cache_manager.c.o
                0x00029954                gcm_im_evt_handler
 .text.gcm_smd_evt_handler
                0x000299a0       0x26 _build/nrf52832_xxaa_gatt_cache_manager.c.o
                0x000299a0                gcm_smd_evt_handler
 *fill*         0x000299c6        0x2 
 .text.gcm_init
                0x000299c8       0x7c _build/nrf52832_xxaa_gatt_cache_manager.c.o
                0x000299c8                gcm_init
 .text.apply_pending_flags_check
                0x00029a44       0x90 _build/nrf52832_xxaa_gatt_cache_manager.c.o
 .text.update_pending_flags_check
                0x00029ad4       0x90 _build/nrf52832_xxaa_gatt_cache_manager.c.o
 .text.service_changed_pending_flags_check
                0x00029b64       0xbc _build/nrf52832_xxaa_gatt_cache_manager.c.o
 .text.gcm_ble_evt_handler
                0x00029c20       0x98 _build/nrf52832_xxaa_gatt_cache_manager.c.o
                0x00029c20                gcm_ble_evt_handler
 .text.gcm_local_database_has_changed
                0x00029cb8       0x70 _build/nrf52832_xxaa_gatt_cache_manager.c.o
                0x00029cb8                gcm_local_database_has_changed
 .text.sd_ble_gatts_service_changed
                0x00029d28        0x8 _build/nrf52832_xxaa_gatts_cache_manager.c.o
 .text.sd_ble_gatts_sys_attr_set
                0x00029d30        0x8 _build/nrf52832_xxaa_gatts_cache_manager.c.o
 .text.sd_ble_gatts_sys_attr_get
                0x00029d38        0x8 _build/nrf52832_xxaa_gatts_cache_manager.c.o
 .text.internal_state_reset
                0x00029d40       0x24 _build/nrf52832_xxaa_gatts_cache_manager.c.o
 .text.evt_send
                0x00029d64       0x34 _build/nrf52832_xxaa_gatts_cache_manager.c.o
 .text.service_changed_pending_set
                0x00029d98       0x68 _build/nrf52832_xxaa_gatts_cache_manager.c.o
 .text.gscm_pdb_evt_handler
                0x00029e00       0x64 _build/nrf52832_xxaa_gatts_cache_manager.c.o
                0x00029e00                gscm_pdb_evt_handler
 .text.gscm_init
                0x00029e64       0x18 _build/nrf52832_xxaa_gatts_cache_manager.c.o
                0x00029e64                gscm_init
 .text.gscm_local_db_cache_update
                0x00029e7c       0xd0 _build/nrf52832_xxaa_gatts_cache_manager.c.o
                0x00029e7c                gscm_local_db_cache_update
 .text.gscm_local_db_cache_apply
                0x00029f4c       0xda _build/nrf52832_xxaa_gatts_cache_manager.c.o
                0x00029f4c                gscm_local_db_cache_apply
 *fill*         0x0002a026        0x2 
 .text.gscm_local_database_has_changed
                0x0002a028       0x20 _build/nrf52832_xxaa_gatts_cache_manager.c.o
                0x0002a028                gscm_local_database_has_changed
 .text.gscm_service_changed_ind_needed
                0x0002a048       0x3c _build/nrf52832_xxaa_gatts_cache_manager.c.o
                0x0002a048                gscm_service_changed_ind_needed
 .text.gscm_service_changed_ind_send
                0x0002a084       0x50 _build/nrf52832_xxaa_gatts_cache_manager.c.o
                0x0002a084                gscm_service_changed_ind_send
 .text.gscm_db_change_notification_done
                0x0002a0d4       0x34 _build/nrf52832_xxaa_gatts_cache_manager.c.o
                0x0002a0d4                gscm_db_change_notification_done
 .text.sd_ecb_block_encrypt
                0x0002a108        0x8 _build/nrf52832_xxaa_id_manager.c.o
 .text.internal_state_reset
                0x0002a110       0x48 _build/nrf52832_xxaa_id_manager.c.o
 .text.evt_send
                0x0002a158       0x34 _build/nrf52832_xxaa_id_manager.c.o
 .text.get_free_connection
                0x0002a18c       0x5c _build/nrf52832_xxaa_id_manager.c.o
                0x0002a18c                get_free_connection
 .text.get_connection_by_conn_handle
                0x0002a1e8       0x60 _build/nrf52832_xxaa_id_manager.c.o
                0x0002a1e8                get_connection_by_conn_handle
 .text.new_connection
                0x0002a248       0xa8 _build/nrf52832_xxaa_id_manager.c.o
                0x0002a248                new_connection
 .text.is_valid_irk
                0x0002a2f0       0x38 _build/nrf52832_xxaa_id_manager.c.o
                0x0002a2f0                is_valid_irk
 .text.addr_compare
                0x0002a328       0x5a _build/nrf52832_xxaa_id_manager.c.o
                0x0002a328                addr_compare
 .text.im_ble_evt_handler
                0x0002a382      0x120 _build/nrf52832_xxaa_id_manager.c.o
                0x0002a382                im_ble_evt_handler
 .text.im_is_duplicate_bonding_data
                0x0002a4a2       0x76 _build/nrf52832_xxaa_id_manager.c.o
                0x0002a4a2                im_is_duplicate_bonding_data
 .text.im_pdb_evt_handler
                0x0002a518       0xa2 _build/nrf52832_xxaa_id_manager.c.o
                0x0002a518                im_pdb_evt_handler
 *fill*         0x0002a5ba        0x2 
 .text.im_init  0x0002a5bc       0x34 _build/nrf52832_xxaa_id_manager.c.o
                0x0002a5bc                im_init
 .text.im_peer_id_get_by_conn_handle
                0x0002a5f0       0x40 _build/nrf52832_xxaa_id_manager.c.o
                0x0002a5f0                im_peer_id_get_by_conn_handle
 .text.im_ble_addr_get
                0x0002a630       0x50 _build/nrf52832_xxaa_id_manager.c.o
                0x0002a630                im_ble_addr_get
 .text.im_master_ids_compare
                0x0002a680       0x54 _build/nrf52832_xxaa_id_manager.c.o
                0x0002a680                im_master_ids_compare
 .text.im_peer_id_get_by_master_id
                0x0002a6d4       0x58 _build/nrf52832_xxaa_id_manager.c.o
                0x0002a6d4                im_peer_id_get_by_master_id
 .text.im_conn_handle_get
                0x0002a72c       0x5c _build/nrf52832_xxaa_id_manager.c.o
                0x0002a72c                im_conn_handle_get
 .text.im_master_id_is_valid
                0x0002a788       0x46 _build/nrf52832_xxaa_id_manager.c.o
                0x0002a788                im_master_id_is_valid
 *fill*         0x0002a7ce        0x2 
 .text.peer_id_set
                0x0002a7d0       0x40 _build/nrf52832_xxaa_id_manager.c.o
 .text.im_new_peer_id
                0x0002a810       0x24 _build/nrf52832_xxaa_id_manager.c.o
                0x0002a810                im_new_peer_id
 .text.im_peer_free
                0x0002a834       0x46 _build/nrf52832_xxaa_id_manager.c.o
                0x0002a834                im_peer_free
 .text.ah       0x0002a87a       0xac _build/nrf52832_xxaa_id_manager.c.o
                0x0002a87a                ah
 .text.im_address_resolve
                0x0002a926       0x70 _build/nrf52832_xxaa_id_manager.c.o
                0x0002a926                im_address_resolve
 .text.sd_ble_gatts_rw_authorize_reply
                0x0002a996        0x8 _build/nrf52832_xxaa_nrf_ble_qwr.c.o
 .text.sd_ble_user_mem_reply
                0x0002a99e        0x8 _build/nrf52832_xxaa_nrf_ble_qwr.c.o
 .text.nrf_ble_qwr_init
                0x0002a9a6       0x86 _build/nrf52832_xxaa_nrf_ble_qwr.c.o
                0x0002a9a6                nrf_ble_qwr_init
 .text.on_user_mem_request
                0x0002aa2c       0x58 _build/nrf52832_xxaa_nrf_ble_qwr.c.o
 .text.on_prepare_write
                0x0002aa84       0xd8 _build/nrf52832_xxaa_nrf_ble_qwr.c.o
 .text.on_execute_write
                0x0002ab5c      0x10c _build/nrf52832_xxaa_nrf_ble_qwr.c.o
 .text.on_cancel_write
                0x0002ac68       0x50 _build/nrf52832_xxaa_nrf_ble_qwr.c.o
 .text.on_rw_authorize_request
                0x0002acb8       0x6c _build/nrf52832_xxaa_nrf_ble_qwr.c.o
 .text.nrf_ble_qwr_on_ble_evt
                0x0002ad24       0x94 _build/nrf52832_xxaa_nrf_ble_qwr.c.o
                0x0002ad24                nrf_ble_qwr_on_ble_evt
 .text.pds_evt_send
                0x0002adb8       0x2c _build/nrf52832_xxaa_peer_data_storage.c.o
 .text.peer_id_to_file_id
                0x0002ade4       0x1e _build/nrf52832_xxaa_peer_data_storage.c.o
 .text.file_id_to_peer_id
                0x0002ae02       0x1e _build/nrf52832_xxaa_peer_data_storage.c.o
 .text.peer_data_id_to_record_key
                0x0002ae20       0x20 _build/nrf52832_xxaa_peer_data_storage.c.o
 .text.record_key_to_peer_data_id
                0x0002ae40       0x1a _build/nrf52832_xxaa_peer_data_storage.c.o
 .text.file_id_within_pm_range
                0x0002ae5a       0x34 _build/nrf52832_xxaa_peer_data_storage.c.o
 .text.record_key_within_pm_range
                0x0002ae8e       0x34 _build/nrf52832_xxaa_peer_data_storage.c.o
 .text.peer_data_id_is_valid
                0x0002aec2       0x46 _build/nrf52832_xxaa_peer_data_storage.c.o
 .text.peer_data_delete
                0x0002af08       0xdc _build/nrf52832_xxaa_peer_data_storage.c.o
 .text.peer_data_find
                0x0002afe4       0x62 _build/nrf52832_xxaa_peer_data_storage.c.o
 .text.peer_ids_load
                0x0002b046       0x6a _build/nrf52832_xxaa_peer_data_storage.c.o
 .text.fds_evt_handler
                0x0002b0b0      0x1cc _build/nrf52832_xxaa_peer_data_storage.c.o
 .text.pds_init
                0x0002b27c       0x48 _build/nrf52832_xxaa_peer_data_storage.c.o
                0x0002b27c                pds_init
 .text.pds_peer_data_read
                0x0002b2c4       0xbe _build/nrf52832_xxaa_peer_data_storage.c.o
                0x0002b2c4                pds_peer_data_read
 *fill*         0x0002b382        0x2 
 .text.pds_peer_data_iterate_prepare
                0x0002b384       0x18 _build/nrf52832_xxaa_peer_data_storage.c.o
                0x0002b384                pds_peer_data_iterate_prepare
 .text.pds_peer_data_iterate
                0x0002b39c       0x8c _build/nrf52832_xxaa_peer_data_storage.c.o
                0x0002b39c                pds_peer_data_iterate
 .text.pds_space_reserve
                0x0002b428       0x56 _build/nrf52832_xxaa_peer_data_storage.c.o
                0x0002b428                pds_space_reserve
 .text.pds_space_reserve_cancel
                0x0002b47e       0x26 _build/nrf52832_xxaa_peer_data_storage.c.o
                0x0002b47e                pds_space_reserve_cancel
 .text.pds_peer_data_store
                0x0002b4a4      0x134 _build/nrf52832_xxaa_peer_data_storage.c.o
                0x0002b4a4                pds_peer_data_store
 .text.pds_peer_id_allocate
                0x0002b5d8       0x12 _build/nrf52832_xxaa_peer_data_storage.c.o
                0x0002b5d8                pds_peer_id_allocate
 .text.pds_peer_id_free
                0x0002b5ea       0x2a _build/nrf52832_xxaa_peer_data_storage.c.o
                0x0002b5ea                pds_peer_id_free
 .text.pds_peer_id_is_allocated
                0x0002b614       0x1c _build/nrf52832_xxaa_peer_data_storage.c.o
                0x0002b614                pds_peer_id_is_allocated
 .text.pds_next_peer_id_get
                0x0002b630       0x1c _build/nrf52832_xxaa_peer_data_storage.c.o
                0x0002b630                pds_next_peer_id_get
 .text.pds_next_deleted_peer_id_get
                0x0002b64c       0x1c _build/nrf52832_xxaa_peer_data_storage.c.o
                0x0002b64c                pds_next_deleted_peer_id_get
 .text.write_buffer_record_invalidate
                0x0002b668       0x58 _build/nrf52832_xxaa_peer_database.c.o
 .text.write_buffer_record_find_next
                0x0002b6c0       0x58 _build/nrf52832_xxaa_peer_database.c.o
 .text.write_buffer_record_find
                0x0002b718       0x56 _build/nrf52832_xxaa_peer_database.c.o
 .text.write_buffer_record_find_unused
                0x0002b76e       0x14 _build/nrf52832_xxaa_peer_database.c.o
 *fill*         0x0002b782        0x2 
 .text.write_buffer_record_release
                0x0002b784       0x44 _build/nrf52832_xxaa_peer_database.c.o
 .text.write_buffer_record_get
                0x0002b7c8       0x46 _build/nrf52832_xxaa_peer_database.c.o
 *fill*         0x0002b80e        0x2 
 .text.pdb_evt_send
                0x0002b810       0x34 _build/nrf52832_xxaa_peer_database.c.o
 .text.internal_state_reset
                0x0002b844       0x38 _build/nrf52832_xxaa_peer_database.c.o
 .text.pdb_pds_evt_handler
                0x0002b87c      0x268 _build/nrf52832_xxaa_peer_database.c.o
                0x0002b87c                pdb_pds_evt_handler
 .text.pdb_init
                0x0002bae4       0x50 _build/nrf52832_xxaa_peer_database.c.o
                0x0002bae4                pdb_init
 .text.pdb_peer_allocate
                0x0002bb34        0xe _build/nrf52832_xxaa_peer_database.c.o
                0x0002bb34                pdb_peer_allocate
 .text.pdb_peer_free
                0x0002bb42       0x94 _build/nrf52832_xxaa_peer_database.c.o
                0x0002bb42                pdb_peer_free
 .text.pdb_peer_data_ptr_get
                0x0002bbd6       0x26 _build/nrf52832_xxaa_peer_database.c.o
                0x0002bbd6                pdb_peer_data_ptr_get
 .text.peer_data_point_to_buffer
                0x0002bbfc       0x44 _build/nrf52832_xxaa_peer_database.c.o
 .text.peer_data_const_point_to_buffer
                0x0002bc40       0x26 _build/nrf52832_xxaa_peer_database.c.o
 *fill*         0x0002bc66        0x2 
 .text.write_buf_length_words_set
                0x0002bc68       0x70 _build/nrf52832_xxaa_peer_database.c.o
 .text.pdb_write_buf_get
                0x0002bcd8      0x188 _build/nrf52832_xxaa_peer_database.c.o
                0x0002bcd8                pdb_write_buf_get
 .text.pdb_write_buf_release
                0x0002be60       0x5a _build/nrf52832_xxaa_peer_database.c.o
                0x0002be60                pdb_write_buf_release
 *fill*         0x0002beba        0x2 
 .text.pdb_write_buf_store_prepare
                0x0002bebc       0xb0 _build/nrf52832_xxaa_peer_database.c.o
                0x0002bebc                pdb_write_buf_store_prepare
 .text.pdb_write_buf_store
                0x0002bf6c      0x15c _build/nrf52832_xxaa_peer_database.c.o
                0x0002bf6c                pdb_write_buf_store
 .text.pdb_next_peer_id_get
                0x0002c0c8       0x1c _build/nrf52832_xxaa_peer_database.c.o
                0x0002c0c8                pdb_next_peer_id_get
 .text.pdb_next_deleted_peer_id_get
                0x0002c0e4       0x1c _build/nrf52832_xxaa_peer_database.c.o
                0x0002c0e4                pdb_next_deleted_peer_id_get
 .text.pdb_raw_store
                0x0002c100       0x24 _build/nrf52832_xxaa_peer_database.c.o
                0x0002c100                pdb_raw_store
 .text.internal_state_reset
                0x0002c124       0x1a _build/nrf52832_xxaa_peer_id.c.o
 *fill*         0x0002c13e        0x2 
 .text.peer_id_init
                0x0002c140       0x2c _build/nrf52832_xxaa_peer_id.c.o
                0x0002c140                peer_id_init
 .text.claim    0x0002c16c       0x68 _build/nrf52832_xxaa_peer_id.c.o
 .text.release  0x0002c1d4       0x24 _build/nrf52832_xxaa_peer_id.c.o
 .text.peer_id_allocate
                0x0002c1f8       0x24 _build/nrf52832_xxaa_peer_id.c.o
                0x0002c1f8                peer_id_allocate
 .text.peer_id_delete
                0x0002c21c       0x40 _build/nrf52832_xxaa_peer_id.c.o
                0x0002c21c                peer_id_delete
 .text.peer_id_free
                0x0002c25c       0x30 _build/nrf52832_xxaa_peer_id.c.o
                0x0002c25c                peer_id_free
 .text.peer_id_is_allocated
                0x0002c28c       0x2c _build/nrf52832_xxaa_peer_id.c.o
                0x0002c28c                peer_id_is_allocated
 .text.peer_id_is_deleted
                0x0002c2b8       0x2c _build/nrf52832_xxaa_peer_id.c.o
                0x0002c2b8                peer_id_is_deleted
 .text.next_id_get
                0x0002c2e4       0x50 _build/nrf52832_xxaa_peer_id.c.o
                0x0002c2e4                next_id_get
 .text.peer_id_get_next_used
                0x0002c334       0x58 _build/nrf52832_xxaa_peer_id.c.o
                0x0002c334                peer_id_get_next_used
 .text.peer_id_get_next_deleted
                0x0002c38c       0x24 _build/nrf52832_xxaa_peer_id.c.o
                0x0002c38c                peer_id_get_next_deleted
 .text.evt_send
                0x0002c3b0       0x3c _build/nrf52832_xxaa_peer_manager.c.o
 .text.pm_pdb_evt_handler
                0x0002c3ec      0x26c _build/nrf52832_xxaa_peer_manager.c.o
                0x0002c3ec                pm_pdb_evt_handler
 .text.pm_sm_evt_handler
                0x0002c658      0x218 _build/nrf52832_xxaa_peer_manager.c.o
                0x0002c658                pm_sm_evt_handler
 .text.pm_gcm_evt_handler
                0x0002c870       0xdc _build/nrf52832_xxaa_peer_manager.c.o
                0x0002c870                pm_gcm_evt_handler
 .text.pm_im_evt_handler
                0x0002c94c       0x74 _build/nrf52832_xxaa_peer_manager.c.o
                0x0002c94c                pm_im_evt_handler
 .text.pm_on_ble_evt
                0x0002c9c0       0x38 _build/nrf52832_xxaa_peer_manager.c.o
                0x0002c9c0                pm_on_ble_evt
 .text.internal_state_reset
                0x0002c9f8       0x38 _build/nrf52832_xxaa_peer_manager.c.o
 .text.pm_init  0x0002ca30       0xd0 _build/nrf52832_xxaa_peer_manager.c.o
                0x0002ca30                pm_init
 .text.pm_register
                0x0002cb00       0x5c _build/nrf52832_xxaa_peer_manager.c.o
                0x0002cb00                pm_register
 .text.pm_sec_params_set
                0x0002cb5c       0x30 _build/nrf52832_xxaa_peer_manager.c.o
                0x0002cb5c                pm_sec_params_set
 .text.pm_conn_sec_config_reply
                0x0002cb8c       0x1e _build/nrf52832_xxaa_peer_manager.c.o
                0x0002cb8c                pm_conn_sec_config_reply
 *fill*         0x0002cbaa        0x2 
 .text.pm_local_database_has_changed
                0x0002cbac       0x20 _build/nrf52832_xxaa_peer_manager.c.o
                0x0002cbac                pm_local_database_has_changed
 .text.pm_peer_delete
                0x0002cbcc       0x34 _build/nrf52832_xxaa_peer_manager.c.o
                0x0002cbcc                pm_peer_delete
 .text.pm_peers_delete
                0x0002cc00       0x68 _build/nrf52832_xxaa_peer_manager.c.o
                0x0002cc00                pm_peers_delete
 .text.pm_buffer_init
                0x0002cc68       0x7c _build/nrf52832_xxaa_pm_buffer.c.o
                0x0002cc68                pm_buffer_init
 .text.pm_buffer_block_acquire
                0x0002cce4       0xa4 _build/nrf52832_xxaa_pm_buffer.c.o
                0x0002cce4                pm_buffer_block_acquire
 .text.pm_buffer_ptr_get
                0x0002cd88       0x5e _build/nrf52832_xxaa_pm_buffer.c.o
                0x0002cd88                pm_buffer_ptr_get
 .text.pm_buffer_release
                0x0002cde6       0x56 _build/nrf52832_xxaa_pm_buffer.c.o
                0x0002cde6                pm_buffer_release
 .text.lock_by_mask
                0x0002ce3c       0x5e _build/nrf52832_xxaa_pm_mutex.c.o
 .text.pm_mutex_init
                0x0002ce9a       0x2a _build/nrf52832_xxaa_pm_mutex.c.o
                0x0002ce9a                pm_mutex_init
 .text.pm_mutex_lock
                0x0002cec4       0x40 _build/nrf52832_xxaa_pm_mutex.c.o
                0x0002cec4                pm_mutex_lock
 .text.pm_mutex_unlock
                0x0002cf04       0x78 _build/nrf52832_xxaa_pm_mutex.c.o
                0x0002cf04                pm_mutex_unlock
 .text.pm_mutex_lock_first_available
                0x0002cf7c       0x5a _build/nrf52832_xxaa_pm_mutex.c.o
                0x0002cf7c                pm_mutex_lock_first_available
 .text.pm_mutex_lock_status_get
                0x0002cfd6       0x4a _build/nrf52832_xxaa_pm_mutex.c.o
                0x0002cfd6                pm_mutex_lock_status_get
 .text.sd_ble_gap_authenticate
                0x0002d020        0x8 _build/nrf52832_xxaa_security_dispatcher.c.o
 .text.sd_ble_gap_sec_params_reply
                0x0002d028        0x8 _build/nrf52832_xxaa_security_dispatcher.c.o
 .text.sd_ble_gap_encrypt
                0x0002d030        0x8 _build/nrf52832_xxaa_security_dispatcher.c.o
 .text.sd_ble_gap_sec_info_reply
                0x0002d038        0x8 _build/nrf52832_xxaa_security_dispatcher.c.o
 .text.evt_send
                0x0002d040       0x34 _build/nrf52832_xxaa_security_dispatcher.c.o
 .text.sec_start_send
                0x0002d074       0x3a _build/nrf52832_xxaa_security_dispatcher.c.o
 .text.smd_pdb_evt_handler
                0x0002d0ae       0x4e _build/nrf52832_xxaa_security_dispatcher.c.o
                0x0002d0ae                smd_pdb_evt_handler
 .text.sec_params_request_process
                0x0002d0fc       0x2c _build/nrf52832_xxaa_security_dispatcher.c.o
 .text.sec_proc_start
                0x0002d128       0x8c _build/nrf52832_xxaa_security_dispatcher.c.o
 .text.sec_info_request_process
                0x0002d1b4      0x114 _build/nrf52832_xxaa_security_dispatcher.c.o
 .text.sec_request_process
                0x0002d2c8       0x5c _build/nrf52832_xxaa_security_dispatcher.c.o
 .text.auth_status_success_process
                0x0002d324      0x110 _build/nrf52832_xxaa_security_dispatcher.c.o
 .text.pairing_failure
                0x0002d434       0xb4 _build/nrf52832_xxaa_security_dispatcher.c.o
 .text.encryption_failure
                0x0002d4e8       0x54 _build/nrf52832_xxaa_security_dispatcher.c.o
 .text.link_secure_failure
                0x0002d53c       0x7c _build/nrf52832_xxaa_security_dispatcher.c.o
 .text.disconnect_process
                0x0002d5b8       0x32 _build/nrf52832_xxaa_security_dispatcher.c.o
 .text.auth_status_failure_process
                0x0002d5ea       0x2a _build/nrf52832_xxaa_security_dispatcher.c.o
 .text.auth_status_process
                0x0002d614       0x28 _build/nrf52832_xxaa_security_dispatcher.c.o
 .text.conn_sec_update_process
                0x0002d63c       0x88 _build/nrf52832_xxaa_security_dispatcher.c.o
 .text.flag_id_init
                0x0002d6c4       0x24 _build/nrf52832_xxaa_security_dispatcher.c.o
 .text.smd_init
                0x0002d6e8       0x50 _build/nrf52832_xxaa_security_dispatcher.c.o
                0x0002d6e8                smd_init
 .text.smd_params_reply
                0x0002d738      0x1b4 _build/nrf52832_xxaa_security_dispatcher.c.o
                0x0002d738                smd_params_reply
 .text.link_secure_central_existing_peer
                0x0002d8ec      0x154 _build/nrf52832_xxaa_security_dispatcher.c.o
 .text.link_secure_central_new_peer
                0x0002da40       0xae _build/nrf52832_xxaa_security_dispatcher.c.o
 .text.link_secure_central
                0x0002daee       0xc6 _build/nrf52832_xxaa_security_dispatcher.c.o
 .text.link_secure_peripheral
                0x0002dbb4       0x22 _build/nrf52832_xxaa_security_dispatcher.c.o
 .text.smd_link_secure
                0x0002dbd6       0x50 _build/nrf52832_xxaa_security_dispatcher.c.o
                0x0002dbd6                smd_link_secure
 *fill*         0x0002dc26        0x2 
 .text.smd_ble_evt_handler
                0x0002dc28       0xa0 _build/nrf52832_xxaa_security_dispatcher.c.o
                0x0002dc28                smd_ble_evt_handler
 .text.sdk_mapped_flags_any_set
                0x0002dcc8       0x22 _build/nrf52832_xxaa_security_manager.c.o
 *fill*         0x0002dcea        0x2 
 .text.evt_send
                0x0002dcec       0x2c _build/nrf52832_xxaa_security_manager.c.o
 .text.flags_set_from_err_code
                0x0002dd18       0xcc _build/nrf52832_xxaa_security_manager.c.o
 .text.events_send_from_err_code
                0x0002dde4       0x5a _build/nrf52832_xxaa_security_manager.c.o
 *fill*         0x0002de3e        0x2 
 .text.link_secure
                0x0002de40      0x104 _build/nrf52832_xxaa_security_manager.c.o
 .text.send_config_req
                0x0002df44       0x32 _build/nrf52832_xxaa_security_manager.c.o
 *fill*         0x0002df76        0x2 
 .text.smd_params_reply_perform
                0x0002df78       0xc4 _build/nrf52832_xxaa_security_manager.c.o
 .text.sm_smd_evt_handler
                0x0002e03c       0xf4 _build/nrf52832_xxaa_security_manager.c.o
                0x0002e03c                sm_smd_evt_handler
 .text.link_secure_pending_process
                0x0002e130       0xdc _build/nrf52832_xxaa_security_manager.c.o
 .text.params_reply_pending_process
                0x0002e20c       0x88 _build/nrf52832_xxaa_security_manager.c.o
 .text.sm_pdb_evt_handler
                0x0002e294       0x84 _build/nrf52832_xxaa_security_manager.c.o
                0x0002e294                sm_pdb_evt_handler
 .text.flag_id_init
                0x0002e318       0x24 _build/nrf52832_xxaa_security_manager.c.o
 .text.sm_init  0x0002e33c       0x68 _build/nrf52832_xxaa_security_manager.c.o
                0x0002e33c                sm_init
 .text.sm_ble_evt_handler
                0x0002e3a4       0x24 _build/nrf52832_xxaa_security_manager.c.o
                0x0002e3a4                sm_ble_evt_handler
 .text.sec_params_verify
                0x0002e3c8      0x17c _build/nrf52832_xxaa_security_manager.c.o
 .text.sm_sec_params_set
                0x0002e544       0x4c _build/nrf52832_xxaa_security_manager.c.o
                0x0002e544                sm_sec_params_set
 .text.sm_conn_sec_config_reply
                0x0002e590       0x40 _build/nrf52832_xxaa_security_manager.c.o
                0x0002e590                sm_conn_sec_config_reply
 .text          0x0002e5d0       0x3c _build/nrf52832_xxaa_gcc_startup_nrf52.S.o
                0x0002e5d0                Reset_Handler
                0x0002e5f8                NMI_Handler
                0x0002e5fa                HardFault_Handler
                0x0002e5fc                MemoryManagement_Handler
                0x0002e5fe                BusFault_Handler
                0x0002e600                UsageFault_Handler
                0x0002e602                SVC_Handler
                0x0002e604                DebugMon_Handler
                0x0002e606                PendSV_Handler
                0x0002e608                SysTick_Handler
                0x0002e60a                TEMP_IRQHandler
                0x0002e60a                QDEC_IRQHandler
                0x0002e60a                TIMER3_IRQHandler
                0x0002e60a                FPU_IRQHandler
                0x0002e60a                PDM_IRQHandler
                0x0002e60a                TIMER4_IRQHandler
                0x0002e60a                I2S_IRQHandler
                0x0002e60a                SWI4_EGU4_IRQHandler
                0x0002e60a                TIMER0_IRQHandler
                0x0002e60a                RADIO_IRQHandler
                0x0002e60a                TIMER1_IRQHandler
                0x0002e60a                RTC0_IRQHandler
                0x0002e60a                ECB_IRQHandler
                0x0002e60a                SPIM1_SPIS1_TWIM1_TWIS1_SPI1_TWI1_IRQHandler
                0x0002e60a                Default_Handler
                0x0002e60a                SAADC_IRQHandler
                0x0002e60a                CCM_AAR_IRQHandler
                0x0002e60a                WDT_IRQHandler
                0x0002e60a                PWM1_IRQHandler
                0x0002e60a                SWI5_EGU5_IRQHandler
                0x0002e60a                RNG_IRQHandler
                0x0002e60a                RTC2_IRQHandler
                0x0002e60a                PWM0_IRQHandler
                0x0002e60a                SWI3_EGU3_IRQHandler
                0x0002e60a                SWI1_EGU1_IRQHandler
                0x0002e60a                SPIM2_SPIS2_SPI2_IRQHandler
                0x0002e60a                NFCT_IRQHandler
                0x0002e60a                PWM2_IRQHandler
                0x0002e60a                MWU_IRQHandler
                0x0002e60a                TIMER2_IRQHandler
                0x0002e60a                COMP_LPCOMP_IRQHandler
 .text.NVIC_SystemReset
                0x0002e60c       0x28 _build/nrf52832_xxaa_system_nrf52.c.o
 .text.SystemCoreClockUpdate
                0x0002e634       0x1c _build/nrf52832_xxaa_system_nrf52.c.o
                0x0002e634                SystemCoreClockUpdate
 .text.SystemInit
                0x0002e650      0x278 _build/nrf52832_xxaa_system_nrf52.c.o
                0x0002e650                SystemInit
 .text.errata_16
                0x0002e8c8       0x44 _build/nrf52832_xxaa_system_nrf52.c.o
 .text.errata_31
                0x0002e90c       0x64 _build/nrf52832_xxaa_system_nrf52.c.o
 .text.errata_32
                0x0002e970       0x44 _build/nrf52832_xxaa_system_nrf52.c.o
 .text.errata_36
                0x0002e9b4       0x64 _build/nrf52832_xxaa_system_nrf52.c.o
 .text.errata_37
                0x0002ea18       0x44 _build/nrf52832_xxaa_system_nrf52.c.o
 .text.errata_57
                0x0002ea5c       0x44 _build/nrf52832_xxaa_system_nrf52.c.o
 .text.errata_66
                0x0002eaa0       0x44 _build/nrf52832_xxaa_system_nrf52.c.o
 .text.errata_108
                0x0002eae4       0x64 _build/nrf52832_xxaa_system_nrf52.c.o
 .text.NVIC_EnableIRQ
                0x0002eb48       0x34 _build/nrf52832_xxaa_softdevice_handler.c.o
 .text.NVIC_DisableIRQ
                0x0002eb7c       0x34 _build/nrf52832_xxaa_softdevice_handler.c.o
 .text.NVIC_GetPriority
                0x0002ebb0       0x50 _build/nrf52832_xxaa_softdevice_handler.c.o
 .text.sd_evt_get
                0x0002ec00        0x8 _build/nrf52832_xxaa_softdevice_handler.c.o
 .text.sd_softdevice_enable
                0x0002ec08        0x8 _build/nrf52832_xxaa_softdevice_handler.c.o
 .text.is_word_aligned
                0x0002ec10       0x24 _build/nrf52832_xxaa_softdevice_handler.c.o
 .text.sd_ble_enable
                0x0002ec34        0x8 _build/nrf52832_xxaa_softdevice_handler.c.o
 .text.sd_ble_evt_get
                0x0002ec3c        0x8 _build/nrf52832_xxaa_softdevice_handler.c.o
 .text.__sd_nvic_app_accessible_irq
                0x0002ec44       0x60 _build/nrf52832_xxaa_softdevice_handler.c.o
 .text.__sd_nvic_is_app_accessible_priority
                0x0002eca4       0x3c _build/nrf52832_xxaa_softdevice_handler.c.o
 .text.sd_nvic_EnableIRQ
                0x0002ece0       0x88 _build/nrf52832_xxaa_softdevice_handler.c.o
 .text.nrf_drv_common_irq_enable_check
                0x0002ed68       0x40 _build/nrf52832_xxaa_softdevice_handler.c.o
 .text.softdevice_fault_handler
                0x0002eda8       0x1e _build/nrf52832_xxaa_softdevice_handler.c.o
                0x0002eda8                softdevice_fault_handler
 *fill*         0x0002edc6        0x2 
 .text.intern_softdevice_events_execute
                0x0002edc8      0x108 _build/nrf52832_xxaa_softdevice_handler.c.o
                0x0002edc8                intern_softdevice_events_execute
 .text.softdevice_handler_is_enabled
                0x0002eed0       0x18 _build/nrf52832_xxaa_softdevice_handler.c.o
                0x0002eed0                softdevice_handler_is_enabled
 .text.softdevice_handler_init
                0x0002eee8       0xa8 _build/nrf52832_xxaa_softdevice_handler.c.o
                0x0002eee8                softdevice_handler_init
 .text.softdevice_ble_evt_handler_set
                0x0002ef90       0x2c _build/nrf52832_xxaa_softdevice_handler.c.o
                0x0002ef90                softdevice_ble_evt_handler_set
 .text.softdevice_sys_evt_handler_set
                0x0002efbc       0x2c _build/nrf52832_xxaa_softdevice_handler.c.o
                0x0002efbc                softdevice_sys_evt_handler_set
 .text.SWI2_EGU2_IRQHandler
                0x0002efe8       0x38 _build/nrf52832_xxaa_softdevice_handler.c.o
                0x0002efe8                SWI2_EGU2_IRQHandler
 .text.softdevice_enable_get_default_config
                0x0002f020       0x54 _build/nrf52832_xxaa_softdevice_handler.c.o
                0x0002f020                softdevice_enable_get_default_config
 .text.ram_total_size_get
                0x0002f074       0x18 _build/nrf52832_xxaa_softdevice_handler.c.o
 .text.ram_end_address_get
                0x0002f08c       0x22 _build/nrf52832_xxaa_softdevice_handler.c.o
 *fill*         0x0002f0ae        0x2 
 .text.softdevice_enable
                0x0002f0b0       0x74 _build/nrf52832_xxaa_softdevice_handler.c.o
                0x0002f0b0                softdevice_enable
 .text.nrf_spim_task_trigger
                0x0002f124       0x22 _build/nrf52832_xxaa_nrf_drv_spi.c.o
 .text.nrf_spim_event_clear
                0x0002f146       0x2e _build/nrf52832_xxaa_nrf_drv_spi.c.o
 .text.nrf_spim_event_check
                0x0002f174       0x2a _build/nrf52832_xxaa_nrf_drv_spi.c.o
 .text.nrf_spim_int_enable
                0x0002f19e       0x1e _build/nrf52832_xxaa_nrf_drv_spi.c.o
 .text.nrf_spim_int_disable
                0x0002f1bc       0x1e _build/nrf52832_xxaa_nrf_drv_spi.c.o
 .text.nrf_spim_enable
                0x0002f1da       0x1c _build/nrf52832_xxaa_nrf_drv_spi.c.o
 .text.nrf_spim_pins_set
                0x0002f1f6       0x32 _build/nrf52832_xxaa_nrf_drv_spi.c.o
 .text.nrf_spim_frequency_set
                0x0002f228       0x1e _build/nrf52832_xxaa_nrf_drv_spi.c.o
 .text.nrf_spim_tx_buffer_set
                0x0002f246       0x2a _build/nrf52832_xxaa_nrf_drv_spi.c.o
 .text.nrf_spim_rx_buffer_set
                0x0002f270       0x2a _build/nrf52832_xxaa_nrf_drv_spi.c.o
 .text.nrf_spim_configure
                0x0002f29a       0x60 _build/nrf52832_xxaa_nrf_drv_spi.c.o
 .text.nrf_spim_orc_set
                0x0002f2fa       0x20 _build/nrf52832_xxaa_nrf_drv_spi.c.o
 .text.nrf_spim_tx_list_enable
                0x0002f31a       0x1c _build/nrf52832_xxaa_nrf_drv_spi.c.o
 .text.nrf_spim_tx_list_disable
                0x0002f336       0x1c _build/nrf52832_xxaa_nrf_drv_spi.c.o
 .text.nrf_spim_rx_list_enable
                0x0002f352       0x1c _build/nrf52832_xxaa_nrf_drv_spi.c.o
 .text.nrf_spim_rx_list_disable
                0x0002f36e       0x1c _build/nrf52832_xxaa_nrf_drv_spi.c.o
 .text.nrf_drv_is_in_RAM
                0x0002f38a       0x26 _build/nrf52832_xxaa_nrf_drv_spi.c.o
 .text.nrf_gpio_pin_port_decode
                0x0002f3b0       0x18 _build/nrf52832_xxaa_nrf_drv_spi.c.o
 .text.nrf_gpio_cfg
                0x0002f3c8       0x52 _build/nrf52832_xxaa_nrf_drv_spi.c.o
 .text.nrf_gpio_cfg_output
                0x0002f41a       0x24 _build/nrf52832_xxaa_nrf_drv_spi.c.o
 .text.nrf_gpio_cfg_input
                0x0002f43e       0x2a _build/nrf52832_xxaa_nrf_drv_spi.c.o
 .text.nrf_gpio_pin_set
                0x0002f468       0x2a _build/nrf52832_xxaa_nrf_drv_spi.c.o
 .text.nrf_gpio_pin_clear
                0x0002f492       0x2a _build/nrf52832_xxaa_nrf_drv_spi.c.o
 .text.nrf_gpio_port_out_set
                0x0002f4bc       0x1e _build/nrf52832_xxaa_nrf_drv_spi.c.o
 .text.nrf_gpio_port_out_clear
                0x0002f4da       0x1e _build/nrf52832_xxaa_nrf_drv_spi.c.o
 .text.nrf_drv_spi_init
                0x0002f4f8      0x15c _build/nrf52832_xxaa_nrf_drv_spi.c.o
                0x0002f4f8                nrf_drv_spi_init
 .text.nrf_drv_spi_transfer
                0x0002f654       0x3a _build/nrf52832_xxaa_nrf_drv_spi.c.o
                0x0002f654                nrf_drv_spi_transfer
 .text.finish_transfer
                0x0002f68e       0x3a _build/nrf52832_xxaa_nrf_drv_spi.c.o
 .text.spim_int_enable
                0x0002f6c8       0x32 _build/nrf52832_xxaa_nrf_drv_spi.c.o
 .text.spim_list_enable_handle
                0x0002f6fa       0x42 _build/nrf52832_xxaa_nrf_drv_spi.c.o
 .text.spim_xfer
                0x0002f73c       0xf6 _build/nrf52832_xxaa_nrf_drv_spi.c.o
 *fill*         0x0002f832        0x2 
 .text.nrf_drv_spi_xfer
                0x0002f834       0x98 _build/nrf52832_xxaa_nrf_drv_spi.c.o
                0x0002f834                nrf_drv_spi_xfer
 .text.irq_handler_spim
                0x0002f8cc       0x32 _build/nrf52832_xxaa_nrf_drv_spi.c.o
 *fill*         0x0002f8fe        0x2 
 .text.SPIM0_SPIS0_TWIM0_TWIS0_SPI0_TWI0_IRQHandler
                0x0002f900       0x24 _build/nrf52832_xxaa_nrf_drv_spi.c.o
                0x0002f900                SPIM0_SPIS0_TWIM0_TWIS0_SPI0_TWI0_IRQHandler
 .text.calloc   0x0002f924       0x10 c:/program files (x86)/gnu tools arm embedded/6 2017-q1-update/bin/../lib/gcc/arm-none-eabi/6.3.1/../../../../arm-none-eabi/lib/thumb/v7e-m/fpv4-sp/hard\libc_nano.a(lib_a-calloc.o)
                0x0002f924                calloc
 .text.__locale_ctype_ptr
                0x0002f934       0x1c c:/program files (x86)/gnu tools arm embedded/6 2017-q1-update/bin/../lib/gcc/arm-none-eabi/6.3.1/../../../../arm-none-eabi/lib/thumb/v7e-m/fpv4-sp/hard\libc_nano.a(lib_a-locale.o)
                0x0002f934                __locale_ctype_ptr
 .text.malloc   0x0002f950       0x10 c:/program files (x86)/gnu tools arm embedded/6 2017-q1-update/bin/../lib/gcc/arm-none-eabi/6.3.1/../../../../arm-none-eabi/lib/thumb/v7e-m/fpv4-sp/hard\libc_nano.a(lib_a-malloc.o)
                0x0002f950                malloc
 .text.free     0x0002f960       0x10 c:/program files (x86)/gnu tools arm embedded/6 2017-q1-update/bin/../lib/gcc/arm-none-eabi/6.3.1/../../../../arm-none-eabi/lib/thumb/v7e-m/fpv4-sp/hard\libc_nano.a(lib_a-malloc.o)
                0x0002f960                free
 .text.__ascii_mbtowc
                0x0002f970       0x24 c:/program files (x86)/gnu tools arm embedded/6 2017-q1-update/bin/../lib/gcc/arm-none-eabi/6.3.1/../../../../arm-none-eabi/lib/thumb/v7e-m/fpv4-sp/hard\libc_nano.a(lib_a-mbtowc_r.o)
                0x0002f970                __ascii_mbtowc
 .text.memcmp   0x0002f994       0x1e c:/program files (x86)/gnu tools arm embedded/6 2017-q1-update/bin/../lib/gcc/arm-none-eabi/6.3.1/../../../../arm-none-eabi/lib/thumb/v7e-m/fpv4-sp/hard\libc_nano.a(lib_a-memcmp.o)
                0x0002f994                memcmp
 .text.memcpy   0x0002f9b2       0x16 c:/program files (x86)/gnu tools arm embedded/6 2017-q1-update/bin/../lib/gcc/arm-none-eabi/6.3.1/../../../../arm-none-eabi/lib/thumb/v7e-m/fpv4-sp/hard\libc_nano.a(lib_a-memcpy-stub.o)
                0x0002f9b2                memcpy
 .text._calloc_r
                0x0002f9c8       0x1c c:/program files (x86)/gnu tools arm embedded/6 2017-q1-update/bin/../lib/gcc/arm-none-eabi/6.3.1/../../../../arm-none-eabi/lib/thumb/v7e-m/fpv4-sp/hard\libc_nano.a(lib_a-nano-callocr.o)
                0x0002f9c8                _calloc_r
 .text._free_r  0x0002f9e4       0x9c c:/program files (x86)/gnu tools arm embedded/6 2017-q1-update/bin/../lib/gcc/arm-none-eabi/6.3.1/../../../../arm-none-eabi/lib/thumb/v7e-m/fpv4-sp/hard\libc_nano.a(lib_a-nano-freer.o)
                0x0002f9e4                _free_r
 .text._malloc_r
                0x0002fa80       0xbc c:/program files (x86)/gnu tools arm embedded/6 2017-q1-update/bin/../lib/gcc/arm-none-eabi/6.3.1/../../../../arm-none-eabi/lib/thumb/v7e-m/fpv4-sp/hard\libc_nano.a(lib_a-nano-mallocr.o)
                0x0002fa80                _malloc_r
 .text._sbrk_r  0x0002fb3c       0x20 c:/program files (x86)/gnu tools arm embedded/6 2017-q1-update/bin/../lib/gcc/arm-none-eabi/6.3.1/../../../../arm-none-eabi/lib/thumb/v7e-m/fpv4-sp/hard\libc_nano.a(lib_a-sbrkr.o)
                0x0002fb3c                _sbrk_r
 .text.snprintf
                0x0002fb5c       0x68 c:/program files (x86)/gnu tools arm embedded/6 2017-q1-update/bin/../lib/gcc/arm-none-eabi/6.3.1/../../../../arm-none-eabi/lib/thumb/v7e-m/fpv4-sp/hard\libc_nano.a(lib_a-snprintf.o)
                0x0002fb5c                sniprintf
                0x0002fb5c                snprintf
 .text.strcpy   0x0002fbc4       0x10 c:/program files (x86)/gnu tools arm embedded/6 2017-q1-update/bin/../lib/gcc/arm-none-eabi/6.3.1/../../../../arm-none-eabi/lib/thumb/v7e-m/fpv4-sp/hard\libc_nano.a(lib_a-strcpy.o)
                0x0002fbc4                strcpy
 .text          0x0002fbd4       0x10 c:/program files (x86)/gnu tools arm embedded/6 2017-q1-update/bin/../lib/gcc/arm-none-eabi/6.3.1/../../../../arm-none-eabi/lib/thumb/v7e-m/fpv4-sp/hard\libc_nano.a(lib_a-strlen.o)
                0x0002fbd4                strlen
 .text.__ascii_wctomb