Archive member included to satisfy reference by file (symbol)

/opt/gcc-arm-none-eabi-6-2017-q1-update/bin/../lib/gcc/arm-none-eabi/6.3.1/../../../../arm-none-eabi/lib/thumb/v7e-m/fpv4-sp/hard/libc_nano.a(lib_a-exit.o)
                              /opt/gcc-arm-none-eabi-6-2017-q1-update/bin/../lib/gcc/arm-none-eabi/6.3.1/../../../../arm-none-eabi/lib/thumb/v7e-m/fpv4-sp/hard/crt0.o (exit)
/opt/gcc-arm-none-eabi-6-2017-q1-update/bin/../lib/gcc/arm-none-eabi/6.3.1/../../../../arm-none-eabi/lib/thumb/v7e-m/fpv4-sp/hard/libc_nano.a(lib_a-impure.o)
                              /opt/gcc-arm-none-eabi-6-2017-q1-update/bin/../lib/gcc/arm-none-eabi/6.3.1/../../../../arm-none-eabi/lib/thumb/v7e-m/fpv4-sp/hard/libc_nano.a(lib_a-exit.o) (_global_impure_ptr)
/opt/gcc-arm-none-eabi-6-2017-q1-update/bin/../lib/gcc/arm-none-eabi/6.3.1/../../../../arm-none-eabi/lib/thumb/v7e-m/fpv4-sp/hard/libc_nano.a(lib_a-init.o)
                              /opt/gcc-arm-none-eabi-6-2017-q1-update/bin/../lib/gcc/arm-none-eabi/6.3.1/../../../../arm-none-eabi/lib/thumb/v7e-m/fpv4-sp/hard/crt0.o (__libc_init_array)
/opt/gcc-arm-none-eabi-6-2017-q1-update/bin/../lib/gcc/arm-none-eabi/6.3.1/../../../../arm-none-eabi/lib/thumb/v7e-m/fpv4-sp/hard/libc_nano.a(lib_a-memset.o)
                              /opt/gcc-arm-none-eabi-6-2017-q1-update/bin/../lib/gcc/arm-none-eabi/6.3.1/../../../../arm-none-eabi/lib/thumb/v7e-m/fpv4-sp/hard/crt0.o (memset)
/opt/gcc-arm-none-eabi-6-2017-q1-update/bin/../lib/gcc/arm-none-eabi/6.3.1/../../../../arm-none-eabi/lib/thumb/v7e-m/fpv4-sp/hard/libnosys.a(_exit.o)
                              /opt/gcc-arm-none-eabi-6-2017-q1-update/bin/../lib/gcc/arm-none-eabi/6.3.1/../../../../arm-none-eabi/lib/thumb/v7e-m/fpv4-sp/hard/libc_nano.a(lib_a-exit.o) (_exit)
/opt/gcc-arm-none-eabi-6-2017-q1-update/bin/../lib/gcc/arm-none-eabi/6.3.1/../../../../arm-none-eabi/lib/thumb/v7e-m/fpv4-sp/hard/libc_nano.a(lib_a-memcmp.o)
                              _build/nrf52832_xxaa_id_manager.c.o (memcmp)
/opt/gcc-arm-none-eabi-6-2017-q1-update/bin/../lib/gcc/arm-none-eabi/6.3.1/../../../../arm-none-eabi/lib/thumb/v7e-m/fpv4-sp/hard/libc_nano.a(lib_a-memcpy-stub.o)
                              _build/nrf52832_xxaa_SEGGER_RTT.c.o (memcpy)
/opt/gcc-arm-none-eabi-6-2017-q1-update/bin/../lib/gcc/arm-none-eabi/6.3.1/../../../../arm-none-eabi/lib/thumb/v7e-m/fpv4-sp/hard/libc_nano.a(lib_a-strcpy.o)
                              _build/nrf52832_xxaa_SEGGER_RTT.c.o (strcpy)
/opt/gcc-arm-none-eabi-6-2017-q1-update/bin/../lib/gcc/arm-none-eabi/6.3.1/../../../../arm-none-eabi/lib/thumb/v7e-m/fpv4-sp/hard/libc_nano.a(lib_a-strlen.o)
                              _build/nrf52832_xxaa_main.c.o (strlen)

Allocating common symbols
Common symbol       size              file

nrf_nvic_state      0xc               _build/nrf52832_xxaa_app_util_platform.c.o
_SEGGER_RTT         0x78              _build/nrf52832_xxaa_SEGGER_RTT.c.o

Discarded input sections

 .text          0x0000000000000000        0x0 /opt/gcc-arm-none-eabi-6-2017-q1-update/bin/../lib/gcc/arm-none-eabi/6.3.1/thumb/v7e-m/fpv4-sp/hard/crti.o
 .data          0x0000000000000000        0x0 /opt/gcc-arm-none-eabi-6-2017-q1-update/bin/../lib/gcc/arm-none-eabi/6.3.1/thumb/v7e-m/fpv4-sp/hard/crti.o
 .bss           0x0000000000000000        0x0 /opt/gcc-arm-none-eabi-6-2017-q1-update/bin/../lib/gcc/arm-none-eabi/6.3.1/thumb/v7e-m/fpv4-sp/hard/crti.o
 .data          0x0000000000000000        0x4 /opt/gcc-arm-none-eabi-6-2017-q1-update/bin/../lib/gcc/arm-none-eabi/6.3.1/thumb/v7e-m/fpv4-sp/hard/crtbegin.o
 .data          0x0000000000000000        0x0 /opt/gcc-arm-none-eabi-6-2017-q1-update/bin/../lib/gcc/arm-none-eabi/6.3.1/../../../../arm-none-eabi/lib/thumb/v7e-m/fpv4-sp/hard/crt0.o
 .bss           0x0000000000000000        0x0 /opt/gcc-arm-none-eabi-6-2017-q1-update/bin/../lib/gcc/arm-none-eabi/6.3.1/../../../../arm-none-eabi/lib/thumb/v7e-m/fpv4-sp/hard/crt0.o
 .ARM.extab     0x0000000000000000        0x0 /opt/gcc-arm-none-eabi-6-2017-q1-update/bin/../lib/gcc/arm-none-eabi/6.3.1/../../../../arm-none-eabi/lib/thumb/v7e-m/fpv4-sp/hard/crt0.o
 .text          0x0000000000000000        0x0 /opt/gcc-arm-none-eabi-6-2017-q1-update/bin/../lib/gcc/arm-none-eabi/6.3.1/../../../../arm-none-eabi/lib/thumb/v7e-m/fpv4-sp/hard/libc_nano.a(lib_a-exit.o)
 .data          0x0000000000000000        0x0 /opt/gcc-arm-none-eabi-6-2017-q1-update/bin/../lib/gcc/arm-none-eabi/6.3.1/../../../../arm-none-eabi/lib/thumb/v7e-m/fpv4-sp/hard/libc_nano.a(lib_a-exit.o)
 .bss           0x0000000000000000        0x0 /opt/gcc-arm-none-eabi-6-2017-q1-update/bin/../lib/gcc/arm-none-eabi/6.3.1/../../../../arm-none-eabi/lib/thumb/v7e-m/fpv4-sp/hard/libc_nano.a(lib_a-exit.o)
 .text          0x0000000000000000        0x0 /opt/gcc-arm-none-eabi-6-2017-q1-update/bin/../lib/gcc/arm-none-eabi/6.3.1/../../../../arm-none-eabi/lib/thumb/v7e-m/fpv4-sp/hard/libc_nano.a(lib_a-impure.o)
[...]
Memory Configuration

Name             Origin             Length             Attributes
FLASH            0x000000000001f000 0x0000000000061000 xr
RAM              0x0000000020002128 0x000000000000ded8 xrw
*default*        0x0000000000000000 0xffffffffffffffff

Linker script and memory map


.text           0x000000000001f000     0xc3ec
 *(.isr_vector)
 .isr_vector    0x000000000001f000      0x400 _build/nrf52832_xxaa_gcc_startup_nrf52.S.o
                0x000000000001f000                __isr_vector
 *(.text*)
 .text          0x000000000001f400       0x6c /opt/gcc-arm-none-eabi-6-2017-q1-update/bin/../lib/gcc/arm-none-eabi/6.3.1/thumb/v7e-m/fpv4-sp/hard/crtbegin.o
 .text          0x000000000001f46c       0x74 /opt/gcc-arm-none-eabi-6-2017-q1-update/bin/../lib/gcc/arm-none-eabi/6.3.1/../../../../arm-none-eabi/lib/thumb/v7e-m/fpv4-sp/hard/crt0.o
                0x000000000001f46c                _mainCRTStartup
                0x000000000001f46c                _start
 .text.exit     0x000000000001f4e0       0x28 /opt/gcc-arm-none-eabi-6-2017-q1-update/bin/../lib/gcc/arm-none-eabi/6.3.1/../../../../arm-none-eabi/lib/thumb/v7e-m/fpv4-sp/hard/libc_nano.a(lib_a-exit.o)
                0x000000000001f4e0                exit
 .text.__libc_init_array
                0x000000000001f508       0x48 /opt/gcc-arm-none-eabi-6-2017-q1-update/bin/../lib/gcc/arm-none-eabi/6.3.1/../../../../arm-none-eabi/lib/thumb/v7e-m/fpv4-sp/hard/libc_nano.a(lib_a-init.o)
                0x000000000001f508                __libc_init_array
 .text.memset   0x000000000001f550       0x10 /opt/gcc-arm-none-eabi-6-2017-q1-update/bin/../lib/gcc/arm-none-eabi/6.3.1/../../../../arm-none-eabi/lib/thumb/v7e-m/fpv4-sp/hard/libc_nano.a(lib_a-memset.o)
                0x000000000001f550                memset
 .text._exit    0x000000000001f560        0x4 /opt/gcc-arm-none-eabi-6-2017-q1-update/bin/../lib/gcc/arm-none-eabi/6.3.1/../../../../arm-none-eabi/lib/thumb/v7e-m/fpv4-sp/hard/libnosys.a(_exit.o)
                0x000000000001f560                _exit
 .text.detection_delay_timeout_handler
                0x000000000001f564       0xac _build/nrf52832_xxaa_app_button.c.o
 .text.gpiote_event_handler
                0x000000000001f610       0x5c _build/nrf52832_xxaa_app_button.c.o
 .text.app_button_init
                0x000000000001f66c       0xb4 _build/nrf52832_xxaa_app_button.c.o
                0x000000000001f66c                app_button_init
 .text.app_button_enable
                0x000000000001f720       0x2c _build/nrf52832_xxaa_app_button.c.o
                0x000000000001f720                app_button_enable
 .text.app_error_handler_bare
                0x000000000001f74c       0x20 _build/nrf52832_xxaa_app_error.c.o
                0x000000000001f74c                app_error_handler_bare
 .text.app_error_fault_handler
                0x000000000001f76c       0x24 _build/nrf52832_xxaa_app_error_weak.c.o
                0x000000000001f76c                app_error_fault_handler
 .text.RTC1_IRQHandler
                0x000000000001f790       0xc4 _build/nrf52832_xxaa_app_timer.c.o
                0x000000000001f790                RTC1_IRQHandler
 .text.SWI0_EGU0_IRQHandler
                0x000000000001f854      0x630 _build/nrf52832_xxaa_app_timer.c.o
                0x000000000001f854                SWI0_EGU0_IRQHandler
 .text.app_timer_init
                0x000000000001fe84      0x1c0 _build/nrf52832_xxaa_app_timer.c.o
                0x000000000001fe84                app_timer_init
 .text.app_timer_create
                0x0000000000020044       0x24 _build/nrf52832_xxaa_app_timer.c.o
                0x0000000000020044                app_timer_create
 .text.app_timer_start
                0x0000000000020068       0xb0 _build/nrf52832_xxaa_app_timer.c.o
                0x0000000000020068                app_timer_start
 .text.app_timer_stop
                0x0000000000020118       0x7c _build/nrf52832_xxaa_app_timer.c.o
                0x0000000000020118                app_timer_stop
 .text.app_util_critical_region_enter
                0x0000000000020194       0x4c _build/nrf52832_xxaa_app_util_platform.c.o
                0x0000000000020194                app_util_critical_region_enter
 .text.app_util_critical_region_exit
                0x00000000000201e0       0x30 _build/nrf52832_xxaa_app_util_platform.c.o
                0x00000000000201e0                app_util_critical_region_exit
 .text.gc_record_find_next
                0x0000000000020210       0xc0 _build/nrf52832_xxaa_fds.c.o
 .text.record_find_by_desc
                0x00000000000202d0       0xe0 _build/nrf52832_xxaa_fds.c.o
 .text.record_find.part.3
                0x00000000000203b0       0xc0 _build/nrf52832_xxaa_fds.c.o
 .text.queue_process
                0x0000000000020470      0x800 _build/nrf52832_xxaa_fds.c.o
 .text.fs_event_handler
                0x0000000000020c70        0x8 _build/nrf52832_xxaa_fds.c.o
 .text.write_enqueue.part.7
                0x0000000000020c78      0x1e4 _build/nrf52832_xxaa_fds.c.o
 .text.fds_register
                0x0000000000020e5c       0x28 _build/nrf52832_xxaa_fds.c.o
                0x0000000000020e5c                fds_register
 .text.fds_init
                0x0000000000020e84      0x2f4 _build/nrf52832_xxaa_fds.c.o
                0x0000000000020e84                fds_init
 .text.fds_record_open
                0x0000000000021178       0x48 _build/nrf52832_xxaa_fds.c.o
                0x0000000000021178                fds_record_open
 .text.fds_record_close
                0x00000000000211c0       0x48 _build/nrf52832_xxaa_fds.c.o
                0x00000000000211c0                fds_record_close
 .text.fds_reserve
                0x0000000000021208       0x80 _build/nrf52832_xxaa_fds.c.o
                0x0000000000021208                fds_reserve
 .text.fds_reserve_cancel
                0x0000000000021288       0x58 _build/nrf52832_xxaa_fds.c.o
                0x0000000000021288                fds_reserve_cancel
 .text.fds_record_write
                0x00000000000212e0       0x3c _build/nrf52832_xxaa_fds.c.o
                0x00000000000212e0                fds_record_write
 .text.fds_record_write_reserved
                0x000000000002131c       0x3c _build/nrf52832_xxaa_fds.c.o
                0x000000000002131c                fds_record_write_reserved
 .text.fds_record_update
                0x0000000000021358       0x40 _build/nrf52832_xxaa_fds.c.o
                0x0000000000021358                fds_record_update
 .text.fds_file_delete
                0x0000000000021398       0x74 _build/nrf52832_xxaa_fds.c.o
                0x0000000000021398                fds_file_delete
 .text.fds_gc   0x000000000002140c       0x6c _build/nrf52832_xxaa_fds.c.o
                0x000000000002140c                fds_gc
 .text.fds_record_find
                0x0000000000021478       0x38 _build/nrf52832_xxaa_fds.c.o
                0x0000000000021478                fds_record_find
 .text.fds_record_find_by_key
                0x00000000000214b0       0x3c _build/nrf52832_xxaa_fds.c.o
                0x00000000000214b0                fds_record_find_by_key
 .text.fds_record_find_in_file
                0x00000000000214ec       0x3c _build/nrf52832_xxaa_fds.c.o
                0x00000000000214ec                fds_record_find_in_file
 .text.fds_record_id_from_desc
                0x0000000000021528       0x10 _build/nrf52832_xxaa_fds.c.o
                0x0000000000021528                fds_record_id_from_desc
 .text.sd_flash_write
                0x0000000000021538        0x4 _build/nrf52832_xxaa_fstorage.c.o
 .text.sd_flash_page_erase
                0x000000000002153c        0x4 _build/nrf52832_xxaa_fstorage.c.o
 .text.unlikely.queue_get_next_free
                0x0000000000021540       0x38 _build/nrf52832_xxaa_fstorage.c.o
 .text.queue_process
                0x0000000000021578       0xcc _build/nrf52832_xxaa_fstorage.c.o
 .text.fs_init  0x0000000000021644       0xb8 _build/nrf52832_xxaa_fstorage.c.o
                0x0000000000021644                fs_init
 .text.fs_store
                0x00000000000216fc       0xac _build/nrf52832_xxaa_fstorage.c.o
                0x00000000000216fc                fs_store
 .text.fs_erase
                0x00000000000217a8       0xa4 _build/nrf52832_xxaa_fstorage.c.o
                0x00000000000217a8                fs_erase
 .text.fs_queued_op_count_get
                0x000000000002184c       0x14 _build/nrf52832_xxaa_fstorage.c.o
                0x000000000002184c                fs_queued_op_count_get
 .text.fs_sys_event_handler
                0x0000000000021860      0x2e4 _build/nrf52832_xxaa_fstorage.c.o
                0x0000000000021860                fs_sys_event_handler
 .text.sdk_mapped_flags_first_key_index_get
                0x0000000000021b44       0x44 _build/nrf52832_xxaa_sdk_mapped_flags.c.o
                0x0000000000021b44                sdk_mapped_flags_first_key_index_get
 .text.sdk_mapped_flags_update_by_key
                0x0000000000021b88       0x74 _build/nrf52832_xxaa_sdk_mapped_flags.c.o
                0x0000000000021b88                sdk_mapped_flags_update_by_key
 .text.sdk_mapped_flags_bulk_update_by_key
                0x0000000000021bfc      0x218 _build/nrf52832_xxaa_sdk_mapped_flags.c.o
                0x0000000000021bfc                sdk_mapped_flags_bulk_update_by_key
 .text.sdk_mapped_flags_get_by_key
                0x0000000000021e14       0x60 _build/nrf52832_xxaa_sdk_mapped_flags.c.o
                0x0000000000021e14                sdk_mapped_flags_get_by_key
 .text.sdk_mapped_flags_key_list_get
                0x0000000000021e74       0x80 _build/nrf52832_xxaa_sdk_mapped_flags.c.o
                0x0000000000021e74                sdk_mapped_flags_key_list_get
 .text.bsp_board_led_state_get
                0x0000000000021ef4       0x1c _build/nrf52832_xxaa_boards.c.o
                0x0000000000021ef4                bsp_board_led_state_get
 .text.bsp_board_led_on
                0x0000000000021f10       0x18 _build/nrf52832_xxaa_boards.c.o
                0x0000000000021f10                bsp_board_led_on
 .text.bsp_board_led_off
                0x0000000000021f28       0x18 _build/nrf52832_xxaa_boards.c.o
                0x0000000000021f28                bsp_board_led_off
 .text.bsp_board_leds_off
                0x0000000000021f40       0x2c _build/nrf52832_xxaa_boards.c.o
                0x0000000000021f40                bsp_board_leds_off
 .text.bsp_board_leds_on
                0x0000000000021f6c       0x2c _build/nrf52832_xxaa_boards.c.o
                0x0000000000021f6c                bsp_board_leds_on
 .text.bsp_board_led_invert
                0x0000000000021f98       0x24 _build/nrf52832_xxaa_boards.c.o
                0x0000000000021f98                bsp_board_led_invert
 .text.bsp_board_leds_init
                0x0000000000021fbc       0x3c _build/nrf52832_xxaa_boards.c.o
                0x0000000000021fbc                bsp_board_leds_init
 .text.bsp_board_button_state_get
                0x0000000000021ff8       0x1c _build/nrf52832_xxaa_boards.c.o
                0x0000000000021ff8                bsp_board_button_state_get
 .text.bsp_board_pin_to_button_idx
                0x0000000000022014       0x24 _build/nrf52832_xxaa_boards.c.o
                0x0000000000022014                bsp_board_pin_to_button_idx
 .text.bsp_board_button_idx_to_pin
                0x0000000000022038        0xc _build/nrf52832_xxaa_boards.c.o
                0x0000000000022038                bsp_board_button_idx_to_pin
 .text.POWER_CLOCK_IRQHandler
                0x0000000000022044       0x78 _build/nrf52832_xxaa_nrf_drv_clock.c.o
                0x0000000000022044                POWER_CLOCK_IRQHandler
 .text.nrf_drv_clock_on_soc_event
                0x00000000000220bc       0x20 _build/nrf52832_xxaa_nrf_drv_clock.c.o
                0x00000000000220bc                nrf_drv_clock_on_soc_event
 .text.nrf_drv_clock_on_sd_enable
                0x00000000000220dc       0x64 _build/nrf52832_xxaa_nrf_drv_clock.c.o
                0x00000000000220dc                nrf_drv_clock_on_sd_enable
 .text.nrf_drv_common_irq_enable
                0x0000000000022140       0x50 _build/nrf52832_xxaa_nrf_drv_common.c.o
                0x0000000000022140                nrf_drv_common_irq_enable
 .text.nrf_drv_gpiote_init
                0x0000000000022190       0x84 _build/nrf52832_xxaa_nrf_drv_gpiote.c.o
                0x0000000000022190                nrf_drv_gpiote_init
 .text.nrf_drv_gpiote_is_init
                0x0000000000022214       0x14 _build/nrf52832_xxaa_nrf_drv_gpiote.c.o
                0x0000000000022214                nrf_drv_gpiote_is_init
 .text.nrf_drv_gpiote_in_init
                0x0000000000022228      0x180 _build/nrf52832_xxaa_nrf_drv_gpiote.c.o
                0x0000000000022228                nrf_drv_gpiote_in_init
 .text.nrf_drv_gpiote_in_event_enable
                0x00000000000223a8       0xc4 _build/nrf52832_xxaa_nrf_drv_gpiote.c.o
                0x00000000000223a8                nrf_drv_gpiote_in_event_enable
 .text.nrf_drv_gpiote_in_is_set
                0x000000000002246c       0x14 _build/nrf52832_xxaa_nrf_drv_gpiote.c.o
                0x000000000002246c                nrf_drv_gpiote_in_is_set
 .text.GPIOTE_IRQHandler
                0x0000000000022480      0x528 _build/nrf52832_xxaa_nrf_drv_gpiote.c.o
                0x0000000000022480                GPIOTE_IRQHandler
 .text.SAADC_IRQHandler
                0x00000000000229a8      0x1ec _build/nrf52832_xxaa_nrf_drv_saadc.c.o
                0x00000000000229a8                SAADC_IRQHandler
 .text.nrf_drv_saadc_init
                0x0000000000022b94       0x98 _build/nrf52832_xxaa_nrf_drv_saadc.c.o
                0x0000000000022b94                nrf_drv_saadc_init
 .text.nrf_drv_saadc_channel_init
                0x0000000000022c2c       0x5c _build/nrf52832_xxaa_nrf_drv_saadc.c.o
                0x0000000000022c2c                nrf_drv_saadc_channel_init
 .text.nrf_drv_saadc_buffer_convert
                0x0000000000022c88       0xc4 _build/nrf52832_xxaa_nrf_drv_saadc.c.o
                0x0000000000022c88                nrf_drv_saadc_buffer_convert
 .text.nrf_drv_saadc_sample
                0x0000000000022d4c       0x30 _build/nrf52832_xxaa_nrf_drv_saadc.c.o
                0x0000000000022d4c                nrf_drv_saadc_sample
 .text.UARTE0_UART0_IRQHandler
                0x0000000000022d7c      0x2f4 _build/nrf52832_xxaa_nrf_drv_uart.c.o
                0x0000000000022d7c                UARTE0_UART0_IRQHandler
 .text.nrf_saadc_channel_init
                0x0000000000023070       0x64 _build/nrf52832_xxaa_nrf_saadc.c.o
                0x0000000000023070                nrf_saadc_channel_init
 .text.alert_timer_handler
                0x00000000000230d4        0x8 _build/nrf52832_xxaa_bsp.c.o
 .text.bsp_button_event_handler
                0x00000000000230dc       0xac _build/nrf52832_xxaa_bsp.c.o
 .text.leds_timer_handler
                0x0000000000023188      0x21c _build/nrf52832_xxaa_bsp.c.o
 .text.button_timer_handler
                0x00000000000233a4       0x30 _build/nrf52832_xxaa_bsp.c.o
 .text.bsp_button_is_pressed
                0x00000000000233d4        0x4 _build/nrf52832_xxaa_bsp.c.o
                0x00000000000233d4                bsp_button_is_pressed
 .text.bsp_indication_set
                0x00000000000233d8      0x260 _build/nrf52832_xxaa_bsp.c.o
                0x00000000000233d8                bsp_indication_set
 .text.bsp_init
                0x0000000000023638       0xb4 _build/nrf52832_xxaa_bsp.c.o
                0x0000000000023638                bsp_init
 .text.bsp_event_to_button_action_assign
                0x00000000000236ec       0x50 _build/nrf52832_xxaa_bsp.c.o
                0x00000000000236ec                bsp_event_to_button_action_assign
 .text.bsp_wakeup_button_enable
                0x000000000002373c       0x28 _build/nrf52832_xxaa_bsp.c.o
                0x000000000002373c                bsp_wakeup_button_enable
 .text.bsp_btn_ble_sleep_mode_prepare
                0x0000000000023764       0x24 _build/nrf52832_xxaa_bsp_btn_ble.c.o
                0x0000000000023764                bsp_btn_ble_sleep_mode_prepare
 .text.bsp_btn_ble_on_ble_evt
                0x0000000000023788       0xb0 _build/nrf52832_xxaa_bsp_btn_ble.c.o
                0x0000000000023788                bsp_btn_ble_on_ble_evt
 .text.bsp_btn_ble_init
                0x0000000000023838       0x70 _build/nrf52832_xxaa_bsp_btn_ble.c.o
                0x0000000000023838                bsp_btn_ble_init
 .text.sd_ble_gap_disconnect
                0x00000000000238a8        0x4 _build/nrf52832_xxaa_main.c.o
 .text.sd_ble_gap_tx_power_set
                0x00000000000238ac        0x4 _build/nrf52832_xxaa_main.c.o
 .text.sd_ble_gap_appearance_set
                0x00000000000238b0        0x4 _build/nrf52832_xxaa_main.c.o
 .text.sd_ble_gap_ppcp_set
                0x00000000000238b4        0x4 _build/nrf52832_xxaa_main.c.o
 .text.sd_ble_gap_device_name_set
                0x00000000000238b8        0x4 _build/nrf52832_xxaa_main.c.o
 .text.sd_ble_gatts_rw_authorize_reply
                0x00000000000238bc        0x4 _build/nrf52832_xxaa_main.c.o
 .text.sd_ble_gatts_exchange_mtu_reply
                0x00000000000238c0        0x4 _build/nrf52832_xxaa_main.c.o
 .text.sd_ble_user_mem_reply
                0x00000000000238c4        0x4 _build/nrf52832_xxaa_main.c.o
 .text.sd_power_system_off
                0x00000000000238c8        0x4 _build/nrf52832_xxaa_main.c.o
 .text.sd_app_evt_wait
                0x00000000000238cc        0x4 _build/nrf52832_xxaa_main.c.o
 .text.conn_params_error_handler
                0x00000000000238d0        0x4 _build/nrf52832_xxaa_main.c.o
 .text.battery_level_meas_timeout_handler
                0x00000000000238d4       0x14 _build/nrf52832_xxaa_main.c.o
 .text.sys_evt_dispatch
                0x00000000000238e8       0x14 _build/nrf52832_xxaa_main.c.o
 .text.ble_evt_dispatch
                0x00000000000238fc      0x120 _build/nrf52832_xxaa_main.c.o
 .text.db_disc_handler
                0x0000000000023a1c        0xc _build/nrf52832_xxaa_main.c.o
 .text.saadc_event_handler
                0x0000000000023a28      0x10c _build/nrf52832_xxaa_main.c.o
                0x0000000000023a28                saadc_event_handler
 .text.on_ias_evt
                0x0000000000023b34       0x40 _build/nrf52832_xxaa_main.c.o
 .text.bsp_event_handler
                0x0000000000023b74       0xb0 _build/nrf52832_xxaa_main.c.o
 .text.on_bas_evt
                0x0000000000023c24       0x30 _build/nrf52832_xxaa_main.c.o
 .text.on_ias_c_evt
                0x0000000000023c54       0x34 _build/nrf52832_xxaa_main.c.o
 .text.service_error_handler
                0x0000000000023c88        0x4 _build/nrf52832_xxaa_main.c.o
 .text.pm_evt_handler
                0x0000000000023c8c       0x74 _build/nrf52832_xxaa_main.c.o
 .text.on_adv_evt
                0x0000000000023d00       0x3c _build/nrf52832_xxaa_main.c.o
 .text.on_lls_evt
                0x0000000000023d3c       0x40 _build/nrf52832_xxaa_main.c.o
 .text.startup.main
                0x0000000000023d7c      0x424 _build/nrf52832_xxaa_main.c.o
                0x0000000000023d7c                main
 .text.sd_ble_gap_addr_get
                0x00000000000241a0        0x4 _build/nrf52832_xxaa_ble_advdata.c.o
 .text.sd_ble_gap_adv_data_set
                0x00000000000241a4        0x4 _build/nrf52832_xxaa_ble_advdata.c.o
 .text.sd_ble_gap_appearance_get
                0x00000000000241a8        0x4 _build/nrf52832_xxaa_ble_advdata.c.o
 .text.sd_ble_gap_device_name_get
                0x00000000000241ac        0x4 _build/nrf52832_xxaa_ble_advdata.c.o
 .text.sd_ble_uuid_encode
                0x00000000000241b0        0x4 _build/nrf52832_xxaa_ble_advdata.c.o
 .text.uuid_list_sized_encode
                0x00000000000241b4       0xe0 _build/nrf52832_xxaa_ble_advdata.c.o
 .text.adv_data_encode
                0x0000000000024294      0x3fc _build/nrf52832_xxaa_ble_advdata.c.o
                0x0000000000024294                adv_data_encode
 .text.ble_advdata_set
                0x0000000000024690      0x4dc _build/nrf52832_xxaa_ble_advdata.c.o
                0x0000000000024690                ble_advdata_set
 .text.sd_ble_gap_adv_start
                0x0000000000024b6c        0x4 _build/nrf52832_xxaa_ble_advertising.c.o
 .text.ble_advertising_start.part.1
                0x0000000000024b70      0x228 _build/nrf52832_xxaa_ble_advertising.c.o
 .text.ble_advertising_init
                0x0000000000024d98      0x178 _build/nrf52832_xxaa_ble_advertising.c.o
                0x0000000000024d98                ble_advertising_init
 .text.ble_advertising_start
                0x0000000000024f10       0x40 _build/nrf52832_xxaa_ble_advertising.c.o
                0x0000000000024f10                ble_advertising_start
 .text.ble_advertising_on_ble_evt
                0x0000000000024f50       0xc0 _build/nrf52832_xxaa_ble_advertising.c.o
                0x0000000000024f50                ble_advertising_on_ble_evt
 .text.ble_advertising_on_sys_evt
                0x0000000000025010       0x60 _build/nrf52832_xxaa_ble_advertising.c.o
                0x0000000000025010                ble_advertising_on_sys_evt
 .text.sd_ble_gap_conn_param_update
                0x0000000000025070        0x4 _build/nrf52832_xxaa_ble_conn_params.c.o
 .text.sd_ble_gap_disconnect
                0x0000000000025074        0x4 _build/nrf52832_xxaa_ble_conn_params.c.o
 .text.sd_ble_gap_ppcp_set
                0x0000000000025078        0x4 _build/nrf52832_xxaa_ble_conn_params.c.o
 .text.sd_ble_gap_ppcp_get
                0x000000000002507c        0x4 _build/nrf52832_xxaa_ble_conn_params.c.o
 .text.update_timeout_handler
                0x0000000000025080       0x74 _build/nrf52832_xxaa_ble_conn_params.c.o
 .text.conn_params_negotiation
                0x00000000000250f4       0x94 _build/nrf52832_xxaa_ble_conn_params.c.o
 .text.ble_conn_params_init
                0x0000000000025188       0x74 _build/nrf52832_xxaa_ble_conn_params.c.o
                0x0000000000025188                ble_conn_params_init
 .text.ble_conn_params_on_ble_evt
                0x00000000000251fc       0xb8 _build/nrf52832_xxaa_ble_conn_params.c.o
                0x00000000000251fc                ble_conn_params_on_ble_evt
 .text.ble_conn_state_on_ble_evt
                0x00000000000252b4      0x11c _build/nrf52832_xxaa_ble_conn_state.c.o
                0x00000000000252b4                ble_conn_state_on_ble_evt
 .text.ble_conn_state_role
                0x00000000000253d0       0x2c _build/nrf52832_xxaa_ble_conn_state.c.o
                0x00000000000253d0                ble_conn_state_role
 .text.ble_conn_state_encrypted
                0x00000000000253fc       0x10 _build/nrf52832_xxaa_ble_conn_state.c.o
                0x00000000000253fc                ble_conn_state_encrypted
 .text.ble_conn_state_mitm_protected
                0x000000000002540c       0x10 _build/nrf52832_xxaa_ble_conn_state.c.o
                0x000000000002540c                ble_conn_state_mitm_protected
 .text.ble_conn_state_conn_handles
                0x000000000002541c       0x18 _build/nrf52832_xxaa_ble_conn_state.c.o
                0x000000000002541c                ble_conn_state_conn_handles
 .text.ble_conn_state_user_flag_acquire
                0x0000000000025434       0x30 _build/nrf52832_xxaa_ble_conn_state.c.o
                0x0000000000025434                ble_conn_state_user_flag_acquire
 .text.ble_conn_state_user_flag_get
                0x0000000000025464       0x28 _build/nrf52832_xxaa_ble_conn_state.c.o
                0x0000000000025464                ble_conn_state_user_flag_get
 .text.ble_conn_state_user_flag_set
                0x000000000002548c       0x28 _build/nrf52832_xxaa_ble_conn_state.c.o
                0x000000000002548c                ble_conn_state_user_flag_set
 .text.ble_conn_state_user_flag_collection
                0x00000000000254b4       0x18 _build/nrf52832_xxaa_ble_conn_state.c.o
                0x00000000000254b4                ble_conn_state_user_flag_collection
 .text.sd_ble_gattc_primary_services_discover
                0x00000000000254cc        0x4 _build/nrf52832_xxaa_ble_db_discovery.c.o
 .text.sd_ble_gattc_characteristics_discover
                0x00000000000254d0        0x4 _build/nrf52832_xxaa_ble_db_discovery.c.o
 .text.sd_ble_gattc_descriptors_discover
                0x00000000000254d4        0x4 _build/nrf52832_xxaa_ble_db_discovery.c.o
 .text.discovery_error_evt_trigger
                0x00000000000254d8       0xc8 _build/nrf52832_xxaa_ble_db_discovery.c.o
 .text.descriptors_discover
                0x00000000000255a0       0xbc _build/nrf52832_xxaa_ble_db_discovery.c.o
 .text.ble_db_discovery_init
                0x000000000002565c       0x34 _build/nrf52832_xxaa_ble_db_discovery.c.o
                0x000000000002565c                ble_db_discovery_init
 .text.ble_db_discovery_evt_register
                0x0000000000025690       0xc8 _build/nrf52832_xxaa_ble_db_discovery.c.o
                0x0000000000025690                ble_db_discovery_evt_register
 .text.ble_db_discovery_start
                0x0000000000025758       0x68 _build/nrf52832_xxaa_ble_db_discovery.c.o
                0x0000000000025758                ble_db_discovery_start
 .text.ble_db_discovery_on_ble_evt
                0x00000000000257c0      0xc94 _build/nrf52832_xxaa_ble_db_discovery.c.o
                0x00000000000257c0                ble_db_discovery_on_ble_evt
 .text.ble_srv_is_notification_enabled
                0x0000000000026454        0x8 _build/nrf52832_xxaa_ble_srv_common.c.o
                0x0000000000026454                ble_srv_is_notification_enabled
 .text.ble_srv_report_ref_encode
                0x000000000002645c        0xc _build/nrf52832_xxaa_ble_srv_common.c.o
                0x000000000002645c                ble_srv_report_ref_encode
 .text.local_db_update_in_evt
                0x0000000000026468       0x9c _build/nrf52832_xxaa_gatt_cache_manager.c.o
 .text.local_db_apply_in_evt.part.1
                0x0000000000026504       0x94 _build/nrf52832_xxaa_gatt_cache_manager.c.o
 .text.service_changed_pending_flags_check.part.2
                0x0000000000026598       0xfc _build/nrf52832_xxaa_gatt_cache_manager.c.o
 .text.gcm_gscm_evt_handler
                0x0000000000026694       0x80 _build/nrf52832_xxaa_gatt_cache_manager.c.o
                0x0000000000026694                gcm_gscm_evt_handler
 .text.gcm_im_evt_handler
                0x0000000000026714       0xa8 _build/nrf52832_xxaa_gatt_cache_manager.c.o
                0x0000000000026714                gcm_im_evt_handler
 .text.gcm_smd_evt_handler
                0x00000000000267bc       0xb0 _build/nrf52832_xxaa_gatt_cache_manager.c.o
                0x00000000000267bc                gcm_smd_evt_handler
 .text.gcm_init
                0x000000000002686c       0x54 _build/nrf52832_xxaa_gatt_cache_manager.c.o
                0x000000000002686c                gcm_init
 .text.gcm_ble_evt_handler
                0x00000000000268c0      0x124 _build/nrf52832_xxaa_gatt_cache_manager.c.o
                0x00000000000268c0                gcm_ble_evt_handler
 .text.gcm_local_database_has_changed
                0x00000000000269e4       0x70 _build/nrf52832_xxaa_gatt_cache_manager.c.o
                0x00000000000269e4                gcm_local_database_has_changed
 .text.sd_ble_gatts_service_changed
                0x0000000000026a54        0x4 _build/nrf52832_xxaa_gatts_cache_manager.c.o
 .text.sd_ble_gatts_sys_attr_set
                0x0000000000026a58        0x4 _build/nrf52832_xxaa_gatts_cache_manager.c.o
 .text.sd_ble_gatts_sys_attr_get
                0x0000000000026a5c        0x4 _build/nrf52832_xxaa_gatts_cache_manager.c.o
 .text.gscm_pdb_evt_handler
                0x0000000000026a60       0x88 _build/nrf52832_xxaa_gatts_cache_manager.c.o
                0x0000000000026a60                gscm_pdb_evt_handler
 .text.gscm_init
                0x0000000000026ae8       0x10 _build/nrf52832_xxaa_gatts_cache_manager.c.o
                0x0000000000026ae8                gscm_init
 .text.gscm_local_db_cache_update
                0x0000000000026af8       0x98 _build/nrf52832_xxaa_gatts_cache_manager.c.o
                0x0000000000026af8                gscm_local_db_cache_update
 .text.gscm_local_db_cache_apply
                0x0000000000026b90       0x84 _build/nrf52832_xxaa_gatts_cache_manager.c.o
                0x0000000000026b90                gscm_local_db_cache_apply
 .text.gscm_local_database_has_changed
                0x0000000000026c14       0x5c _build/nrf52832_xxaa_gatts_cache_manager.c.o
                0x0000000000026c14                gscm_local_database_has_changed
 .text.gscm_service_changed_ind_needed
                0x0000000000026c70       0x24 _build/nrf52832_xxaa_gatts_cache_manager.c.o
                0x0000000000026c70                gscm_service_changed_ind_needed
 .text.gscm_service_changed_ind_send
                0x0000000000026c94       0x2c _build/nrf52832_xxaa_gatts_cache_manager.c.o
                0x0000000000026c94                gscm_service_changed_ind_send
 .text.gscm_db_change_notification_done
                0x0000000000026cc0       0x24 _build/nrf52832_xxaa_gatts_cache_manager.c.o
                0x0000000000026cc0                gscm_db_change_notification_done
 .text.sd_ecb_block_encrypt
                0x0000000000026ce4        0x4 _build/nrf52832_xxaa_id_manager.c.o
 .text.im_ble_evt_handler
                0x0000000000026ce8      0x2e8 _build/nrf52832_xxaa_id_manager.c.o
                0x0000000000026ce8                im_ble_evt_handler
 .text.im_pdb_evt_handler
                0x0000000000026fd0      0x154 _build/nrf52832_xxaa_id_manager.c.o
                0x0000000000026fd0                im_pdb_evt_handler
 .text.im_init  0x0000000000027124       0x3c _build/nrf52832_xxaa_id_manager.c.o
                0x0000000000027124                im_init
 .text.im_peer_id_get_by_conn_handle
                0x0000000000027160       0x7c _build/nrf52832_xxaa_id_manager.c.o
                0x0000000000027160                im_peer_id_get_by_conn_handle
 .text.im_ble_addr_get
                0x00000000000271dc       0x8c _build/nrf52832_xxaa_id_manager.c.o
                0x00000000000271dc                im_ble_addr_get
 .text.im_master_ids_compare
                0x0000000000027268       0x44 _build/nrf52832_xxaa_id_manager.c.o
                0x0000000000027268                im_master_ids_compare
 .text.im_peer_id_get_by_master_id
                0x00000000000272ac       0xf8 _build/nrf52832_xxaa_id_manager.c.o
                0x00000000000272ac                im_peer_id_get_by_master_id
 .text.im_conn_handle_get
                0x00000000000273a4       0x6c _build/nrf52832_xxaa_id_manager.c.o
                0x00000000000273a4                im_conn_handle_get
 .text.im_master_id_is_valid
                0x0000000000027410       0x30 _build/nrf52832_xxaa_id_manager.c.o
                0x0000000000027410                im_master_id_is_valid
 .text.im_new_peer_id
                0x0000000000027440       0x7c _build/nrf52832_xxaa_id_manager.c.o
                0x0000000000027440                im_new_peer_id
 .text.im_peer_free
                0x00000000000274bc       0xfc _build/nrf52832_xxaa_id_manager.c.o
                0x00000000000274bc                im_peer_free
 .text.peer_data_delete
                0x00000000000275b8       0x90 _build/nrf52832_xxaa_peer_data_storage.c.o
 .text.fds_evt_handler
                0x0000000000027648      0x128 _build/nrf52832_xxaa_peer_data_storage.c.o
 .text.pds_init
                0x0000000000027770       0x68 _build/nrf52832_xxaa_peer_data_storage.c.o
                0x0000000000027770                pds_init
 .text.pds_peer_data_read
                0x00000000000277d8       0x80 _build/nrf52832_xxaa_peer_data_storage.c.o
                0x00000000000277d8                pds_peer_data_read
 .text.pds_peer_data_iterate_prepare
                0x0000000000027858       0x10 _build/nrf52832_xxaa_peer_data_storage.c.o
                0x0000000000027858                pds_peer_data_iterate_prepare
 .text.pds_peer_data_iterate
                0x0000000000027868       0x50 _build/nrf52832_xxaa_peer_data_storage.c.o
                0x0000000000027868                pds_peer_data_iterate
 .text.pds_space_reserve
                0x00000000000278b8       0x30 _build/nrf52832_xxaa_peer_data_storage.c.o
                0x00000000000278b8                pds_space_reserve
 .text.pds_space_reserve_cancel
                0x00000000000278e8       0x20 _build/nrf52832_xxaa_peer_data_storage.c.o
                0x00000000000278e8                pds_space_reserve_cancel
 .text.pds_peer_data_store
                0x0000000000027908       0xc0 _build/nrf52832_xxaa_peer_data_storage.c.o
                0x0000000000027908                pds_peer_data_store
 .text.pds_peer_id_allocate
                0x00000000000279c8        0x8 _build/nrf52832_xxaa_peer_data_storage.c.o
                0x00000000000279c8                pds_peer_id_allocate
 .text.pds_peer_id_free
                0x00000000000279d0       0x18 _build/nrf52832_xxaa_peer_data_storage.c.o
                0x00000000000279d0                pds_peer_id_free
 .text.pds_peer_id_is_allocated
                0x00000000000279e8        0x4 _build/nrf52832_xxaa_peer_data_storage.c.o
                0x00000000000279e8                pds_peer_id_is_allocated
 .text.pds_next_peer_id_get
                0x00000000000279ec        0x4 _build/nrf52832_xxaa_peer_data_storage.c.o
                0x00000000000279ec                pds_next_peer_id_get
 .text.pds_next_deleted_peer_id_get
                0x00000000000279f0        0x4 _build/nrf52832_xxaa_peer_data_storage.c.o
                0x00000000000279f0                pds_next_deleted_peer_id_get
 .text.pdb_write_buf_store.part.2
                0x00000000000279f4      0x240 _build/nrf52832_xxaa_peer_database.c.o
 .text.pdb_pds_evt_handler
                0x0000000000027c34      0x40c _build/nrf52832_xxaa_peer_database.c.o
                0x0000000000027c34                pdb_pds_evt_handler
 .text.pdb_init
                0x0000000000028040      0x150 _build/nrf52832_xxaa_peer_database.c.o
                0x0000000000028040                pdb_init
 .text.pdb_peer_allocate
                0x0000000000028190        0x4 _build/nrf52832_xxaa_peer_database.c.o
                0x0000000000028190                pdb_peer_allocate
 .text.pdb_peer_free
                0x0000000000028194      0x370 _build/nrf52832_xxaa_peer_database.c.o
                0x0000000000028194                pdb_peer_free
 .text.pdb_peer_data_ptr_get
                0x0000000000028504        0x8 _build/nrf52832_xxaa_peer_database.c.o
                0x0000000000028504                pdb_peer_data_ptr_get
 .text.pdb_write_buf_get
                0x000000000002850c      0x3bc _build/nrf52832_xxaa_peer_database.c.o
                0x000000000002850c                pdb_write_buf_get
 .text.pdb_write_buf_release
                0x00000000000288c8      0x1b4 _build/nrf52832_xxaa_peer_database.c.o
                0x00000000000288c8                pdb_write_buf_release
 .text.pdb_write_buf_store_prepare
                0x0000000000028a7c      0x1a0 _build/nrf52832_xxaa_peer_database.c.o
                0x0000000000028a7c                pdb_write_buf_store_prepare
 .text.pdb_write_buf_store
                0x0000000000028c1c       0x10 _build/nrf52832_xxaa_peer_database.c.o
                0x0000000000028c1c                pdb_write_buf_store
 .text.pdb_next_peer_id_get
                0x0000000000028c2c        0x4 _build/nrf52832_xxaa_peer_database.c.o
                0x0000000000028c2c                pdb_next_peer_id_get
 .text.pdb_next_deleted_peer_id_get
                0x0000000000028c30        0x4 _build/nrf52832_xxaa_peer_database.c.o
                0x0000000000028c30                pdb_next_deleted_peer_id_get
 .text.pdb_raw_store
                0x0000000000028c34        0x8 _build/nrf52832_xxaa_peer_database.c.o
                0x0000000000028c34                pdb_raw_store
 .text.peer_id_init
                0x0000000000028c3c       0x2c _build/nrf52832_xxaa_peer_id.c.o
                0x0000000000028c3c                peer_id_init
 .text.peer_id_allocate
                0x0000000000028c68       0x3c _build/nrf52832_xxaa_peer_id.c.o
                0x0000000000028c68                peer_id_allocate
 .text.peer_id_delete
                0x0000000000028ca4       0x24 _build/nrf52832_xxaa_peer_id.c.o
                0x0000000000028ca4                peer_id_delete
 .text.peer_id_free
                0x0000000000028cc8       0x28 _build/nrf52832_xxaa_peer_id.c.o
                0x0000000000028cc8                peer_id_free
 .text.peer_id_is_allocated
                0x0000000000028cf0       0x14 _build/nrf52832_xxaa_peer_id.c.o
                0x0000000000028cf0                peer_id_is_allocated
 .text.peer_id_get_next_used
                0x0000000000028d04       0x70 _build/nrf52832_xxaa_peer_id.c.o
                0x0000000000028d04                peer_id_get_next_used
 .text.peer_id_get_next_deleted
                0x0000000000028d74       0x40 _build/nrf52832_xxaa_peer_id.c.o
                0x0000000000028d74                peer_id_get_next_deleted
 .text.pm_pdb_evt_handler
                0x0000000000028db4      0x21c _build/nrf52832_xxaa_peer_manager.c.o
                0x0000000000028db4                pm_pdb_evt_handler
 .text.pm_sm_evt_handler
                0x0000000000028fd0      0x1bc _build/nrf52832_xxaa_peer_manager.c.o
                0x0000000000028fd0                pm_sm_evt_handler
 .text.pm_gcm_evt_handler
                0x000000000002918c       0xb8 _build/nrf52832_xxaa_peer_manager.c.o
                0x000000000002918c                pm_gcm_evt_handler
 .text.pm_im_evt_handler
                0x0000000000029244       0x74 _build/nrf52832_xxaa_peer_manager.c.o
                0x0000000000029244                pm_im_evt_handler
 .text.pm_on_ble_evt
                0x00000000000292b8       0x24 _build/nrf52832_xxaa_peer_manager.c.o
                0x00000000000292b8                pm_on_ble_evt
 .text.pm_init  0x00000000000292dc       0x90 _build/nrf52832_xxaa_peer_manager.c.o
                0x00000000000292dc                pm_init
 .text.pm_register
                0x000000000002936c       0x38 _build/nrf52832_xxaa_peer_manager.c.o
                0x000000000002936c                pm_register
 .text.pm_sec_params_set
                0x00000000000293a4       0x14 _build/nrf52832_xxaa_peer_manager.c.o
                0x00000000000293a4                pm_sec_params_set
 .text.pm_conn_sec_config_reply
                0x00000000000293b8        0x4 _build/nrf52832_xxaa_peer_manager.c.o
                0x00000000000293b8                pm_conn_sec_config_reply
 .text.pm_local_database_has_changed
                0x00000000000293bc       0x10 _build/nrf52832_xxaa_peer_manager.c.o
                0x00000000000293bc                pm_local_database_has_changed
 .text.pm_peers_delete
                0x00000000000293cc       0x50 _build/nrf52832_xxaa_peer_manager.c.o
                0x00000000000293cc                pm_peers_delete
 .text.pm_buffer_init
                0x000000000002941c       0x54 _build/nrf52832_xxaa_pm_buffer.c.o
                0x000000000002941c                pm_buffer_init
 .text.pm_buffer_block_acquire
                0x0000000000029470       0x90 _build/nrf52832_xxaa_pm_buffer.c.o
                0x0000000000029470                pm_buffer_block_acquire
 .text.pm_buffer_ptr_get
                0x0000000000029500       0x30 _build/nrf52832_xxaa_pm_buffer.c.o
                0x0000000000029500                pm_buffer_ptr_get
 .text.pm_buffer_release
                0x0000000000029530       0x30 _build/nrf52832_xxaa_pm_buffer.c.o
                0x0000000000029530                pm_buffer_release
 .text.pm_mutex_init
                0x0000000000029560       0x10 _build/nrf52832_xxaa_pm_mutex.c.o
                0x0000000000029560                pm_mutex_init
 .text.pm_mutex_lock
                0x0000000000029570       0x54 _build/nrf52832_xxaa_pm_mutex.c.o
                0x0000000000029570                pm_mutex_lock
 .text.pm_mutex_unlock
                0x00000000000295c4       0x3c _build/nrf52832_xxaa_pm_mutex.c.o
                0x00000000000295c4                pm_mutex_unlock
 .text.pm_mutex_lock_first_available
                0x0000000000029600       0x78 _build/nrf52832_xxaa_pm_mutex.c.o
                0x0000000000029600                pm_mutex_lock_first_available
 .text.pm_mutex_lock_status_get
                0x0000000000029678       0x20 _build/nrf52832_xxaa_pm_mutex.c.o
                0x0000000000029678                pm_mutex_lock_status_get
 .text.sd_ble_gap_authenticate
                0x0000000000029698        0x4 _build/nrf52832_xxaa_security_dispatcher.c.o
 .text.sd_ble_gap_sec_params_reply
                0x000000000002969c        0x4 _build/nrf52832_xxaa_security_dispatcher.c.o
 .text.sd_ble_gap_encrypt
                0x00000000000296a0        0x4 _build/nrf52832_xxaa_security_dispatcher.c.o
 .text.sd_ble_gap_sec_info_reply
                0x00000000000296a4        0x4 _build/nrf52832_xxaa_security_dispatcher.c.o
 .text.pairing_failure
                0x00000000000296a8       0x80 _build/nrf52832_xxaa_security_dispatcher.c.o
 .text.smd_pdb_evt_handler
                0x0000000000029728       0x3c _build/nrf52832_xxaa_security_dispatcher.c.o
                0x0000000000029728                smd_pdb_evt_handler
 .text.smd_init
                0x0000000000029764       0x60 _build/nrf52832_xxaa_security_dispatcher.c.o
                0x0000000000029764                smd_init
 .text.smd_params_reply
                0x00000000000297c4      0x1a0 _build/nrf52832_xxaa_security_dispatcher.c.o
                0x00000000000297c4                smd_params_reply
 .text.smd_link_secure
                0x0000000000029964      0x238 _build/nrf52832_xxaa_security_dispatcher.c.o
                0x0000000000029964                smd_link_secure
 .text.smd_ble_evt_handler
                0x0000000000029b9c      0x3b8 _build/nrf52832_xxaa_security_dispatcher.c.o
                0x0000000000029b9c                smd_ble_evt_handler
 .text.link_secure.part.1
                0x0000000000029f54      0x154 _build/nrf52832_xxaa_security_manager.c.o
 .text.smd_params_reply_perform
                0x000000000002a0a8      0x178 _build/nrf52832_xxaa_security_manager.c.o
 .text.sm_smd_evt_handler
                0x000000000002a220       0x80 _build/nrf52832_xxaa_security_manager.c.o
                0x000000000002a220                sm_smd_evt_handler
 .text.sm_pdb_evt_handler
                0x000000000002a2a0      0x19c _build/nrf52832_xxaa_security_manager.c.o
                0x000000000002a2a0                sm_pdb_evt_handler
 .text.sm_init  0x000000000002a43c       0xbc _build/nrf52832_xxaa_security_manager.c.o
                0x000000000002a43c                sm_init
 .text.sm_ble_evt_handler
                0x000000000002a4f8       0x90 _build/nrf52832_xxaa_security_manager.c.o
                0x000000000002a4f8                sm_ble_evt_handler
 .text.sm_sec_params_set
                0x000000000002a588       0x78 _build/nrf52832_xxaa_security_manager.c.o
                0x000000000002a588                sm_sec_params_set
 .text.sm_conn_sec_config_reply
                0x000000000002a600       0x14 _build/nrf52832_xxaa_security_manager.c.o
                0x000000000002a600                sm_conn_sec_config_reply
 .text          0x000000000002a614       0x3c _build/nrf52832_xxaa_gcc_startup_nrf52.S.o
                0x000000000002a614                Reset_Handler
                0x000000000002a63c                NMI_Handler
                0x000000000002a63e                HardFault_Handler
                0x000000000002a640                MemoryManagement_Handler
                0x000000000002a642                BusFault_Handler
                0x000000000002a644                UsageFault_Handler
                0x000000000002a646                SVC_Handler
                0x000000000002a648                DebugMon_Handler
                0x000000000002a64a                PendSV_Handler
                0x000000000002a64c                SysTick_Handler
                0x000000000002a64e                TIMER2_IRQHandler
                0x000000000002a64e                RTC0_IRQHandler
                0x000000000002a64e                PWM1_IRQHandler
                0x000000000002a64e                RADIO_IRQHandler
                0x000000000002a64e                PDM_IRQHandler
                0x000000000002a64e                TEMP_IRQHandler
                0x000000000002a64e                QDEC_IRQHandler
                0x000000000002a64e                TIMER3_IRQHandler
                0x000000000002a64e                FPU_IRQHandler
                0x000000000002a64e                SPIM0_SPIS0_TWIM0_TWIS0_SPI0_TWI0_IRQHandler
                0x000000000002a64e                TIMER4_IRQHandler
                0x000000000002a64e                I2S_IRQHandler
                0x000000000002a64e                SWI4_EGU4_IRQHandler
                0x000000000002a64e                TIMER0_IRQHandler
                0x000000000002a64e                TIMER1_IRQHandler
                0x000000000002a64e                PWM2_IRQHandler
                0x000000000002a64e                ECB_IRQHandler
                0x000000000002a64e                SPIM1_SPIS1_TWIM1_TWIS1_SPI1_TWI1_IRQHandler
                0x000000000002a64e                Default_Handler
                0x000000000002a64e                CCM_AAR_IRQHandler
                0x000000000002a64e                WDT_IRQHandler
                0x000000000002a64e                SWI5_EGU5_IRQHandler
                0x000000000002a64e                RNG_IRQHandler
                0x000000000002a64e                RTC2_IRQHandler
                0x000000000002a64e                PWM0_IRQHandler
                0x000000000002a64e                SWI3_EGU3_IRQHandler
                0x000000000002a64e                SWI1_EGU1_IRQHandler
                0x000000000002a64e                SPIM2_SPIS2_SPI2_IRQHandler
                0x000000000002a64e                NFCT_IRQHandler
                0x000000000002a64e                MWU_IRQHandler
                0x000000000002a64e                COMP_LPCOMP_IRQHandler
 .text.SystemInit
                0x000000000002a650      0x2f0 _build/nrf52832_xxaa_system_nrf52.c.o
                0x000000000002a650                SystemInit
 .text.sd_ble_gatts_service_add
                0x000000000002a940        0x4 _build/nrf52832_xxaa_ble_bas.c.o
 .text.sd_ble_gatts_characteristic_add
                0x000000000002a944        0x4 _build/nrf52832_xxaa_ble_bas.c.o
 .text.sd_ble_gatts_descriptor_add
                0x000000000002a948        0x4 _build/nrf52832_xxaa_ble_bas.c.o
 .text.sd_ble_gatts_value_set
                0x000000000002a94c        0x4 _build/nrf52832_xxaa_ble_bas.c.o
 .text.sd_ble_gatts_hvx
                0x000000000002a950        0x4 _build/nrf52832_xxaa_ble_bas.c.o
 .text.ble_bas_on_ble_evt
                0x000000000002a954       0x60 _build/nrf52832_xxaa_ble_bas.c.o
                0x000000000002a954                ble_bas_on_ble_evt
 .text.ble_bas_init
                0x000000000002a9b4      0x1b4 _build/nrf52832_xxaa_ble_bas.c.o
                0x000000000002a9b4                ble_bas_init
 .text.ble_bas_battery_level_update
                0x000000000002ab68       0x88 _build/nrf52832_xxaa_ble_bas.c.o
                0x000000000002ab68                ble_bas_battery_level_update
 .text.sd_ble_gatts_service_add
                0x000000000002abf0        0x4 _build/nrf52832_xxaa_ble_ias.c.o
 .text.sd_ble_gatts_characteristic_add
                0x000000000002abf4        0x4 _build/nrf52832_xxaa_ble_ias.c.o
 .text.ble_ias_on_ble_evt
                0x000000000002abf8       0x3c _build/nrf52832_xxaa_ble_ias.c.o
                0x000000000002abf8                ble_ias_on_ble_evt
 .text.ble_ias_init
                0x000000000002ac34       0xec _build/nrf52832_xxaa_ble_ias.c.o
                0x000000000002ac34                ble_ias_init
 .text.sd_ble_gattc_write
                0x000000000002ad20        0x4 _build/nrf52832_xxaa_ble_ias_c.c.o
 .text.ble_ias_c_on_db_disc_evt
                0x000000000002ad24       0x84 _build/nrf52832_xxaa_ble_ias_c.c.o
                0x000000000002ad24                ble_ias_c_on_db_disc_evt
 .text.ble_ias_c_init
                0x000000000002ada8       0x34 _build/nrf52832_xxaa_ble_ias_c.c.o
                0x000000000002ada8                ble_ias_c_init
 .text.ble_ias_c_on_ble_evt
                0x000000000002addc       0x30 _build/nrf52832_xxaa_ble_ias_c.c.o
                0x000000000002addc                ble_ias_c_on_ble_evt
 .text.ble_ias_c_send_alert_level
                0x000000000002ae0c       0x48 _build/nrf52832_xxaa_ble_ias_c.c.o
                0x000000000002ae0c                ble_ias_c_send_alert_level
 .text.ble_ias_c_handles_assign
                0x000000000002ae54       0x10 _build/nrf52832_xxaa_ble_ias_c.c.o
                0x000000000002ae54                ble_ias_c_handles_assign
 .text.sd_ble_gatts_service_add
                0x000000000002ae64        0x4 _build/nrf52832_xxaa_ble_lls.c.o
 .text.sd_ble_gatts_characteristic_add
                0x000000000002ae68        0x4 _build/nrf52832_xxaa_ble_lls.c.o
 .text.sd_ble_gatts_value_get
                0x000000000002ae6c        0x4 _build/nrf52832_xxaa_ble_lls.c.o
 .text.ble_lls_on_ble_evt
                0x000000000002ae70       0x84 _build/nrf52832_xxaa_ble_lls.c.o
                0x000000000002ae70                ble_lls_on_ble_evt
 .text.ble_lls_init
                0x000000000002aef4       0xf0 _build/nrf52832_xxaa_ble_lls.c.o
                0x000000000002aef4                ble_lls_init
 .text.sd_ble_gatts_service_add
                0x000000000002afe4        0x4 _build/nrf52832_xxaa_ble_tps.c.o
 .text.sd_ble_gatts_characteristic_add
                0x000000000002afe8        0x4 _build/nrf52832_xxaa_ble_tps.c.o
 .text.ble_tps_on_ble_evt
                0x000000000002afec        0xc _build/nrf52832_xxaa_ble_tps.c.o
                0x000000000002afec                ble_tps_on_ble_evt
 .text.ble_tps_init
                0x000000000002aff8       0xd0 _build/nrf52832_xxaa_ble_tps.c.o
                0x000000000002aff8                ble_tps_init
 .text.sd_evt_get
                0x000000000002b0c8        0x4 _build/nrf52832_xxaa_softdevice_handler.c.o
 .text.sd_softdevice_enable
                0x000000000002b0cc        0x4 _build/nrf52832_xxaa_softdevice_handler.c.o
 .text.sd_ble_enable
                0x000000000002b0d0        0x4 _build/nrf52832_xxaa_softdevice_handler.c.o
 .text.sd_ble_evt_get
                0x000000000002b0d4        0x4 _build/nrf52832_xxaa_softdevice_handler.c.o
 .text.softdevice_fault_handler
                0x000000000002b0d8        0x4 _build/nrf52832_xxaa_softdevice_handler.c.o
                0x000000000002b0d8                softdevice_fault_handler
 .text.intern_softdevice_events_execute.part.2
                0x000000000002b0dc       0xc4 _build/nrf52832_xxaa_softdevice_handler.c.o
 .text.softdevice_handler_is_enabled
                0x000000000002b1a0        0xc _build/nrf52832_xxaa_softdevice_handler.c.o
                0x000000000002b1a0                softdevice_handler_is_enabled
 .text.softdevice_handler_init
                0x000000000002b1ac       0x94 _build/nrf52832_xxaa_softdevice_handler.c.o
                0x000000000002b1ac                softdevice_handler_init
 .text.softdevice_ble_evt_handler_set
                0x000000000002b240       0x14 _build/nrf52832_xxaa_softdevice_handler.c.o
                0x000000000002b240                softdevice_ble_evt_handler_set
 .text.softdevice_sys_evt_handler_set
                0x000000000002b254       0x14 _build/nrf52832_xxaa_softdevice_handler.c.o
                0x000000000002b254                softdevice_sys_evt_handler_set
 .text.SWI2_EGU2_IRQHandler
                0x000000000002b268       0x30 _build/nrf52832_xxaa_softdevice_handler.c.o
                0x000000000002b268                SWI2_EGU2_IRQHandler
 .text.softdevice_enable_get_default_config
                0x000000000002b298       0x30 _build/nrf52832_xxaa_softdevice_handler.c.o
                0x000000000002b298                softdevice_enable_get_default_config
 .text.softdevice_enable
                0x000000000002b2c8       0x20 _build/nrf52832_xxaa_softdevice_handler.c.o
                0x000000000002b2c8                softdevice_enable
 .text.memcmp   0x000000000002b2e8       0x1e /opt/gcc-arm-none-eabi-6-2017-q1-update/bin/../lib/gcc/arm-none-eabi/6.3.1/../../../../arm-none-eabi/lib/thumb/v7e-m/fpv4-sp/hard/libc_nano.a(lib_a-memcmp.o)
                0x000000000002b2e8                memcmp
 .text.memcpy   0x000000000002b306       0x16 /opt/gcc-arm-none-eabi-6-2017-q1-update/bin/../lib/gcc/arm-none-eabi/6.3.1/../../../../arm-none-eabi/lib/thumb/v7e-m/fpv4-sp/hard/libc_nano.a(lib_a-memcpy-stub.o)
                0x000000000002b306                memcpy
 .text          0x000000000002b31c       0x10 /opt/gcc-arm-none-eabi-6-2017-q1-update/bin/../lib/gcc/arm-none-eabi/6.3.1/../../../../arm-none-eabi/lib/thumb/v7e-m/fpv4-sp/hard/libc_nano.a(lib_a-strlen.o)
                0x000000000002b31c                strlen
 *(.init)
 .init          0x000000000002b32c        0x4 /opt/gcc-arm-none-eabi-6-2017-q1-update/bin/../lib/gcc/arm-none-eabi/6.3.1/thumb/v7e-m/fpv4-sp/hard/crti.o
                0x000000000002b32c                _init
 .init          0x000000000002b330        0x8 /opt/gcc-arm-none-eabi-6-2017-q1-update/bin/../lib/gcc/arm-none-eabi/6.3.1/thumb/v7e-m/fpv4-sp/hard/crtn.o
 *(.fini)
 .fini          0x000000000002b338        0x4 /opt/gcc-arm-none-eabi-6-2017-q1-update/bin/../lib/gcc/arm-none-eabi/6.3.1/thumb/v7e-m/fpv4-sp/hard/crti.o
                0x000000000002b338                _fini
 .fini          0x000000000002b33c        0x8 /opt/gcc-arm-none-eabi-6-2017-q1-update/bin/../lib/gcc/arm-none-eabi/6.3.1/thumb/v7e-m/fpv4-sp/hard/crtn.o
 *crtbegin.o(.ctors)
 *crtbegin?.o(.ctors)
 *(EXCLUDE_FILE(*crtend.o *crtend?.o) .ctors)
 *(SORT(.ctors.*))
 *(.ctors)
 *crtbegin.o(.dtors)
 *crtbegin?.o(.dtors)
 *(EXCLUDE_FILE(*crtend.o *crtend?.o) .dtors)
 *(SORT(.dtors.*))
 *(.dtors)
 *(.rodata*)
 .rodata._global_impure_ptr
                0x000000000002b344        0x4 /opt/gcc-arm-none-eabi-6-2017-q1-update/bin/../lib/gcc/arm-none-eabi/6.3.1/../../../../arm-none-eabi/lib/thumb/v7e-m/fpv4-sp/hard/libc_nano.a(lib_a-impure.o)
                0x000000000002b344                _global_impure_ptr
 .rodata.m_detection_delay_timer_id
                0x000000000002b348        0x4 _build/nrf52832_xxaa_app_button.c.o
 .rodata.m_fds_tl_dirty
                0x000000000002b34c        0x4 _build/nrf52832_xxaa_fds.c.o
 .rodata.page_tag_data.8588
                0x000000000002b350        0x8 _build/nrf52832_xxaa_fds.c.o
 .rodata.page_tag_swap.8584
                0x000000000002b358        0x8 _build/nrf52832_xxaa_fds.c.o
 .rodata.m_board_btn_list
                0x000000000002b360        0x4 _build/nrf52832_xxaa_boards.c.o
 .rodata.m_board_led_list
                0x000000000002b364        0x4 _build/nrf52832_xxaa_boards.c.o
 .rodata.m_default_config
                0x000000000002b368        0x4 _build/nrf52832_xxaa_nrf_drv_saadc.c.o
 .rodata.app_buttons
                0x000000000002b36c       0x20 _build/nrf52832_xxaa_bsp.c.o
 .rodata.m_alert_timer_id
                0x000000000002b38c        0x4 _build/nrf52832_xxaa_bsp.c.o
 .rodata.m_button_timer_id
                0x000000000002b390        0x4 _build/nrf52832_xxaa_bsp.c.o
 .rodata.m_leds_timer_id
                0x000000000002b394        0x4 _build/nrf52832_xxaa_bsp.c.o
 .rodata        0x000000000002b398        0xd _build/nrf52832_xxaa_main.c.o
 *fill*         0x000000000002b3a5        0x3 
 .rodata.m_battery_timer_id
                0x000000000002b3a8        0x4 _build/nrf52832_xxaa_main.c.o
 .rodata.main.str1.4
                0x000000000002b3ac        0xc _build/nrf52832_xxaa_main.c.o
 .rodata.m_conn_params_timer_id
                0x000000000002b3b8        0x4 _build/nrf52832_xxaa_ble_conn_params.c.o
 .rodata        0x000000000002b3bc       0x10 _build/nrf52832_xxaa_gatts_cache_manager.c.o
 .rodata.service_changed_pending.9534
                0x000000000002b3cc        0x4 _build/nrf52832_xxaa_gatts_cache_manager.c.o
 .rodata.service_changed_pending.9597
                0x000000000002b3d0        0x4 _build/nrf52832_xxaa_gatts_cache_manager.c.o
 .rodata.m_evt_handlers
                0x000000000002b3d4       0x14 _build/nrf52832_xxaa_peer_database.c.o
 *(.eh_frame*)
 .eh_frame      0x000000000002b3e8        0x0 /opt/gcc-arm-none-eabi-6-2017-q1-update/bin/../lib/gcc/arm-none-eabi/6.3.1/thumb/v7e-m/fpv4-sp/hard/crtbegin.o
 .eh_frame      0x000000000002b3e8        0x4 /opt/gcc-arm-none-eabi-6-2017-q1-update/bin/../lib/gcc/arm-none-eabi/6.3.1/thumb/v7e-m/fpv4-sp/hard/crtend.o

.glue_7         0x000000000002b3ec        0x0
 .glue_7        0x000000000002b3ec        0x0 linker stubs

.glue_7t        0x000000000002b3ec        0x0
 .glue_7t       0x000000000002b3ec        0x0 linker stubs

.vfp11_veneer   0x000000000002b3ec        0x0
 .vfp11_veneer  0x000000000002b3ec        0x0 linker stubs

.v4_bx          0x000000000002b3ec        0x0
 .v4_bx         0x000000000002b3ec        0x0 linker stubs

.iplt           0x000000000002b3ec        0x0
 .iplt          0x000000000002b3ec        0x0 /opt/gcc-arm-none-eabi-6-2017-q1-update/bin/../lib/gcc/arm-none-eabi/6.3.1/thumb/v7e-m/fpv4-sp/hard/crtbegin.o

.ARM.extab
 *(.ARM.extab* .gnu.linkonce.armextab.*)
                0x000000000002b3ec                __exidx_start = .

.ARM.exidx      0x000000000002b3ec        0x8
 *(.ARM.exidx* .gnu.linkonce.armexidx.*)
 .ARM.exidx     0x000000000002b3ec        0x8 /opt/gcc-arm-none-eabi-6-2017-q1-update/bin/../lib/gcc/arm-none-eabi/6.3.1/../../../../arm-none-eabi/lib/thumb/v7e-m/fpv4-sp/hard/crt0.o
                0x000000000002b3f4                __exidx_end = .
                0x000000000002b3f4                __etext = .

.rel.dyn        0x000000000002b3f4        0x0
 .rel.iplt      0x000000000002b3f4        0x0 /opt/gcc-arm-none-eabi-6-2017-q1-update/bin/../lib/gcc/arm-none-eabi/6.3.1/thumb/v7e-m/fpv4-sp/hard/crtbegin.o

.data           0x0000000020002128       0x8c load address 0x000000000002b3f4
                0x0000000020002128                __data_start__ = .
 *(vtable)
 *(.data*)
 .data.impure_data
                0x0000000020002128       0x60 /opt/gcc-arm-none-eabi-6-2017-q1-update/bin/../lib/gcc/arm-none-eabi/6.3.1/../../../../arm-none-eabi/lib/thumb/v7e-m/fpv4-sp/hard/libc_nano.a(lib_a-impure.o)
 .data.m_adv_uuids
                0x0000000020002188       0x10 _build/nrf52832_xxaa_main.c.o
 .data.m_flag_sec_proc
                0x0000000020002198        0x1 _build/nrf52832_xxaa_security_dispatcher.c.o
 .data.m_flag_sec_proc_new_peer
                0x0000000020002199        0x1 _build/nrf52832_xxaa_security_dispatcher.c.o
 .data.m_flag_sec_proc_pairing
                0x000000002000219a        0x1 _build/nrf52832_xxaa_security_dispatcher.c.o
 .data.m_flag_link_secure_force_repairing
                0x000000002000219b        0x1 _build/nrf52832_xxaa_security_manager.c.o
 .data.m_flag_link_secure_null_params
                0x000000002000219c        0x1 _build/nrf52832_xxaa_security_manager.c.o
 .data.m_flag_link_secure_pending_busy
                0x000000002000219d        0x1 _build/nrf52832_xxaa_security_manager.c.o
 .data.m_flag_link_secure_pending_flash_full
                0x000000002000219e        0x1 _build/nrf52832_xxaa_security_manager.c.o
 .data.m_flag_params_reply_pending_busy
                0x000000002000219f        0x1 _build/nrf52832_xxaa_security_manager.c.o
 .data.m_flag_params_reply_pending_flash_full
                0x00000000200021a0        0x1 _build/nrf52832_xxaa_security_manager.c.o
 .data.m_flag_reject_pairing
                0x00000000200021a1        0x1 _build/nrf52832_xxaa_security_manager.c.o
 *fill*         0x00000000200021a2        0x2 
 .data.SystemCoreClock
                0x00000000200021a4        0x4 _build/nrf52832_xxaa_system_nrf52.c.o
                0x00000000200021a4                SystemCoreClock
                0x00000000200021a8                . = ALIGN (0x4)
                0x00000000200021a8                PROVIDE (__preinit_array_start, .)
 *(.preinit_array)
                0x00000000200021a8                PROVIDE (__preinit_array_end, .)
                0x00000000200021a8                . = ALIGN (0x4)
                0x00000000200021a8                PROVIDE (__init_array_start, .)
 *(SORT(.init_array.*))
 *(.init_array)
 .init_array    0x00000000200021a8        0x4 /opt/gcc-arm-none-eabi-6-2017-q1-update/bin/../lib/gcc/arm-none-eabi/6.3.1/thumb/v7e-m/fpv4-sp/hard/crtbegin.o
                0x00000000200021ac                PROVIDE (__init_array_end, .)
                0x00000000200021ac                . = ALIGN (0x4)
                [!provide]                        PROVIDE (__fini_array_start, .)
 *(SORT(.fini_array.*))
 *(.fini_array)
 .fini_array    0x00000000200021ac        0x4 /opt/gcc-arm-none-eabi-6-2017-q1-update/bin/../lib/gcc/arm-none-eabi/6.3.1/thumb/v7e-m/fpv4-sp/hard/crtbegin.o
                [!provide]                        PROVIDE (__fini_array_end, .)
 *(.jcr*)
 .jcr           0x00000000200021b0        0x0 /opt/gcc-arm-none-eabi-6-2017-q1-update/bin/../lib/gcc/arm-none-eabi/6.3.1/thumb/v7e-m/fpv4-sp/hard/crtbegin.o
 .jcr           0x00000000200021b0        0x4 /opt/gcc-arm-none-eabi-6-2017-q1-update/bin/../lib/gcc/arm-none-eabi/6.3.1/thumb/v7e-m/fpv4-sp/hard/crtend.o
                0x00000000200021b4                . = ALIGN (0x4)
                0x00000000200021b4                __data_end__ = .
LOAD /opt/gcc-arm-none-eabi-6-2017-q1-update/bin/../lib/gcc/arm-none-eabi/6.3.1/thumb/v7e-m/fpv4-sp/hard/crti.o
LOAD /opt/gcc-arm-none-eabi-6-2017-q1-update/bin/../lib/gcc/arm-none-eabi/6.3.1/thumb/v7e-m/fpv4-sp/hard/crtbegin.o
LOAD /opt/gcc-arm-none-eabi-6-2017-q1-update/bin/../lib/gcc/arm-none-eabi/6.3.1/../../../../arm-none-eabi/lib/thumb/v7e-m/fpv4-sp/hard/crt0.o
LOAD /opt/gcc-arm-none-eabi-6-2017-q1-update/bin/../lib/gcc/arm-none-eabi/6.3.1/../../../../arm-none-eabi/lib/thumb/v7e-m/fpv4-sp/hard/libc_nano.a
LOAD /opt/gcc-arm-none-eabi-6-2017-q1-update/bin/../lib/gcc/arm-none-eabi/6.3.1/../../../../arm-none-eabi/lib/thumb/v7e-m/fpv4-sp/hard/libnosys.a
LOAD _build/nrf52832_xxaa_nrf_log_backend_serial.c.o
LOAD _build/nrf52832_xxaa_nrf_log_frontend.c.o
LOAD _build/nrf52832_xxaa_app_button.c.o
LOAD _build/nrf52832_xxaa_app_error.c.o
LOAD _build/nrf52832_xxaa_app_error_weak.c.o
LOAD _build/nrf52832_xxaa_app_fifo.c.o
LOAD _build/nrf52832_xxaa_app_timer.c.o
LOAD _build/nrf52832_xxaa_app_uart_fifo.c.o
LOAD _build/nrf52832_xxaa_app_util_platform.c.o
LOAD _build/nrf52832_xxaa_crc16.c.o
LOAD _build/nrf52832_xxaa_fds.c.o
LOAD _build/nrf52832_xxaa_fstorage.c.o
LOAD _build/nrf52832_xxaa_hardfault_implementation.c.o
LOAD _build/nrf52832_xxaa_nrf_assert.c.o
LOAD _build/nrf52832_xxaa_sdk_errors.c.o
LOAD _build/nrf52832_xxaa_sdk_mapped_flags.c.o
LOAD _build/nrf52832_xxaa_sensorsim.c.o
LOAD _build/nrf52832_xxaa_boards.c.o
LOAD _build/nrf52832_xxaa_nrf_drv_clock.c.o
LOAD _build/nrf52832_xxaa_nrf_drv_common.c.o
LOAD _build/nrf52832_xxaa_nrf_drv_gpiote.c.o
LOAD _build/nrf52832_xxaa_nrf_drv_saadc.c.o
LOAD _build/nrf52832_xxaa_nrf_drv_uart.c.o
LOAD _build/nrf52832_xxaa_nrf_saadc.c.o
LOAD _build/nrf52832_xxaa_bsp.c.o
LOAD _build/nrf52832_xxaa_bsp_btn_ble.c.o
LOAD _build/nrf52832_xxaa_bsp_nfc.c.o
LOAD _build/nrf52832_xxaa_main.c.o
LOAD _build/nrf52832_xxaa_RTT_Syscalls_GCC.c.o
LOAD _build/nrf52832_xxaa_SEGGER_RTT.c.o
LOAD _build/nrf52832_xxaa_SEGGER_RTT_printf.c.o
LOAD _build/nrf52832_xxaa_ble_advdata.c.o
LOAD _build/nrf52832_xxaa_ble_advertising.c.o
LOAD _build/nrf52832_xxaa_ble_conn_params.c.o
LOAD _build/nrf52832_xxaa_ble_conn_state.c.o
LOAD _build/nrf52832_xxaa_ble_db_discovery.c.o
LOAD _build/nrf52832_xxaa_ble_srv_common.c.o
LOAD _build/nrf52832_xxaa_gatt_cache_manager.c.o
LOAD _build/nrf52832_xxaa_gatts_cache_manager.c.o
LOAD _build/nrf52832_xxaa_id_manager.c.o
LOAD _build/nrf52832_xxaa_peer_data.c.o
LOAD _build/nrf52832_xxaa_peer_data_storage.c.o
LOAD _build/nrf52832_xxaa_peer_database.c.o
LOAD _build/nrf52832_xxaa_peer_id.c.o
LOAD _build/nrf52832_xxaa_peer_manager.c.o
LOAD _build/nrf52832_xxaa_pm_buffer.c.o
LOAD _build/nrf52832_xxaa_pm_mutex.c.o
LOAD _build/nrf52832_xxaa_security_dispatcher.c.o
LOAD _build/nrf52832_xxaa_security_manager.c.o
LOAD _build/nrf52832_xxaa_gcc_startup_nrf52.S.o
LOAD _build/nrf52832_xxaa_system_nrf52.c.o
LOAD _build/nrf52832_xxaa_ble_bas.c.o
LOAD _build/nrf52832_xxaa_ble_ias.c.o
LOAD _build/nrf52832_xxaa_ble_ias_c.c.o
LOAD _build/nrf52832_xxaa_ble_lls.c.o
LOAD _build/nrf52832_xxaa_ble_tps.c.o
LOAD _build/nrf52832_xxaa_softdevice_handler.c.o
LOAD /opt/gcc-arm-none-eabi-6-2017-q1-update/bin/../lib/gcc/arm-none-eabi/6.3.1/../../../../arm-none-eabi/lib/thumb/v7e-m/fpv4-sp/hard/libm.a
START GROUP
LOAD /opt/gcc-arm-none-eabi-6-2017-q1-update/bin/../lib/gcc/arm-none-eabi/6.3.1/thumb/v7e-m/fpv4-sp/hard/libgcc.a
LOAD /opt/gcc-arm-none-eabi-6-2017-q1-update/bin/../lib/gcc/arm-none-eabi/6.3.1/../../../../arm-none-eabi/lib/thumb/v7e-m/fpv4-sp/hard/libc_nano.a
END GROUP
START GROUP
LOAD /opt/gcc-arm-none-eabi-6-2017-q1-update/bin/../lib/gcc/arm-none-eabi/6.3.1/thumb/v7e-m/fpv4-sp/hard/libgcc.a
LOAD /opt/gcc-arm-none-eabi-6-2017-q1-update/bin/../lib/gcc/arm-none-eabi/6.3.1/../../../../arm-none-eabi/lib/thumb/v7e-m/fpv4-sp/hard/libc_nano.a
END GROUP
LOAD /opt/gcc-arm-none-eabi-6-2017-q1-update/bin/../lib/gcc/arm-none-eabi/6.3.1/thumb/v7e-m/fpv4-sp/hard/crtend.o
LOAD /opt/gcc-arm-none-eabi-6-2017-q1-update/bin/../lib/gcc/arm-none-eabi/6.3.1/thumb/v7e-m/fpv4-sp/hard/crtn.o
START GROUP
LOAD /opt/gcc-arm-none-eabi-6-2017-q1-update/bin/../lib/gcc/arm-none-eabi/6.3.1/thumb/v7e-m/fpv4-sp/hard/libgcc.a
LOAD /opt/gcc-arm-none-eabi-6-2017-q1-update/bin/../lib/gcc/arm-none-eabi/6.3.1/../../../../arm-none-eabi/lib/thumb/v7e-m/fpv4-sp/hard/libc.a
LOAD /opt/gcc-arm-none-eabi-6-2017-q1-update/bin/../lib/gcc/arm-none-eabi/6.3.1/../../../../arm-none-eabi/lib/thumb/v7e-m/fpv4-sp/hard/libnosys.a
END GROUP

.igot.plt       0x00000000200021b4        0x0 load address 0x000000000002b480
 .igot.plt      0x00000000200021b4        0x0 /opt/gcc-arm-none-eabi-6-2017-q1-update/bin/../lib/gcc/arm-none-eabi/6.3.1/thumb/v7e-m/fpv4-sp/hard/crtbegin.o

.fs_data        0x00000000200021b4       0x10 load address 0x000000000002b480
                0x00000000200021b4                PROVIDE (__start_fs_data, .)
 *(.fs_data)
 .fs_data       0x00000000200021b4       0x10 _build/nrf52832_xxaa_fds.c.o
                0x00000000200021c4                PROVIDE (__stop_fs_data, .)

.pwr_mgmt_data  0x00000000200021c4        0x0
                [!provide]                        PROVIDE (__start_pwr_mgmt_data, .)
 *(.pwr_mgmt_data)
                [!provide]                        PROVIDE (__stop_pwr_mgmt_data, .)

.bss            0x00000000200021c4      0xfdc load address 0x000000000002b490
                0x00000000200021c4                . = ALIGN (0x4)
                0x00000000200021c4                __bss_start__ = .
 *(.bss*)
 .bss           0x00000000200021c4       0x1c /opt/gcc-arm-none-eabi-6-2017-q1-update/bin/../lib/gcc/arm-none-eabi/6.3.1/thumb/v7e-m/fpv4-sp/hard/crtbegin.o
 .bss.m_button_count
                0x00000000200021e0        0x1 _build/nrf52832_xxaa_app_button.c.o
 *fill*         0x00000000200021e1        0x3 
 .bss.m_detection_delay
                0x00000000200021e4        0x4 _build/nrf52832_xxaa_app_button.c.o
 .bss.m_detection_delay_timer_id_data
                0x00000000200021e8       0x20 _build/nrf52832_xxaa_app_button.c.o
 .bss.m_pin_state
                0x0000000020002208        0x4 _build/nrf52832_xxaa_app_button.c.o
 .bss.m_pin_transition
                0x000000002000220c        0x4 _build/nrf52832_xxaa_app_button.c.o
 .bss.mp_buttons
                0x0000000020002210        0x4 _build/nrf52832_xxaa_app_button.c.o
 .bss.m_evt_schedule_func
                0x0000000020002214        0x4 _build/nrf52832_xxaa_app_timer.c.o
 .bss.m_op_queue
                0x0000000020002218        0x8 _build/nrf52832_xxaa_app_timer.c.o
 .bss.m_rtc1_reset
                0x0000000020002220        0x1 _build/nrf52832_xxaa_app_timer.c.o
 .bss.m_rtc1_running
                0x0000000020002221        0x1 _build/nrf52832_xxaa_app_timer.c.o
 *fill*         0x0000000020002222        0x2 
 .bss.m_ticks_elapsed
                0x0000000020002224        0x8 _build/nrf52832_xxaa_app_timer.c.o
 .bss.m_ticks_elapsed_q_read_ind
                0x000000002000222c        0x1 _build/nrf52832_xxaa_app_timer.c.o
 .bss.m_ticks_elapsed_q_write_ind
                0x000000002000222d        0x1 _build/nrf52832_xxaa_app_timer.c.o
 *fill*         0x000000002000222e        0x2 
 .bss.m_ticks_latest
                0x0000000020002230        0x4 _build/nrf52832_xxaa_app_timer.c.o
 .bss.mp_timer_id_head
                0x0000000020002234        0x4 _build/nrf52832_xxaa_app_timer.c.o
 .bss.desc.8816
                0x0000000020002238        0xc _build/nrf52832_xxaa_fds.c.o
 .bss.m_cb_table
                0x0000000020002244       0x20 _build/nrf52832_xxaa_fds.c.o
 .bss.m_chunk_queue
                0x0000000020002264       0x48 _build/nrf52832_xxaa_fds.c.o
 .bss.m_flags   0x00000000200022ac        0x1 _build/nrf52832_xxaa_fds.c.o
 *fill*         0x00000000200022ad        0x3 
 .bss.m_gc      0x00000000200022b0       0x10 _build/nrf52832_xxaa_fds.c.o
 .bss.m_latest_rec_id
                0x00000000200022c0        0x4 _build/nrf52832_xxaa_fds.c.o
 .bss.m_op_queue
                0x00000000200022c4       0x78 _build/nrf52832_xxaa_fds.c.o
 .bss.m_pages   0x000000002000233c       0x20 _build/nrf52832_xxaa_fds.c.o
 .bss.m_swap_page
                0x000000002000235c        0x8 _build/nrf52832_xxaa_fds.c.o
 .bss.m_users   0x0000000020002364        0x1 _build/nrf52832_xxaa_fds.c.o
 *fill*         0x0000000020002365        0x3 
 .bss.tok.8722  0x0000000020002368        0x8 _build/nrf52832_xxaa_fds.c.o
 .bss.m_flags   0x0000000020002370        0x1 _build/nrf52832_xxaa_fstorage.c.o
 *fill*         0x0000000020002371        0x3 
 .bss.m_queue   0x0000000020002374       0x68 _build/nrf52832_xxaa_fstorage.c.o
 .bss.m_retry_count
                0x00000000200023dc        0x1 _build/nrf52832_xxaa_fstorage.c.o
 *fill*         0x00000000200023dd        0x3 
 .bss.m_clock_cb
                0x00000000200023e0       0x14 _build/nrf52832_xxaa_nrf_drv_clock.c.o
 .bss.m_cb      0x00000000200023f4       0x58 _build/nrf52832_xxaa_nrf_drv_gpiote.c.o
 .bss.m_cb      0x000000002000244c       0x30 _build/nrf52832_xxaa_nrf_drv_saadc.c.o
 .bss.m_cb      0x000000002000247c       0x20 _build/nrf52832_xxaa_nrf_drv_uart.c.o
 .bss.current_long_push_pin_no.8423
                0x000000002000249c        0x1 _build/nrf52832_xxaa_bsp.c.o
 *fill*         0x000000002000249d        0x3 
 .bss.m_alert_timer_id_data
                0x00000000200024a0       0x20 _build/nrf52832_xxaa_bsp.c.o
 .bss.m_app_ticks_per_100ms
                0x00000000200024c0        0x4 _build/nrf52832_xxaa_bsp.c.o
 .bss.m_button_timer_id_data
                0x00000000200024c4       0x20 _build/nrf52832_xxaa_bsp.c.o
 .bss.m_events_list
                0x00000000200024e4        0xc _build/nrf52832_xxaa_bsp.c.o
 .bss.m_indication_type
                0x00000000200024f0        0x4 _build/nrf52832_xxaa_bsp.c.o
 .bss.m_leds_clear
                0x00000000200024f4        0x1 _build/nrf52832_xxaa_bsp.c.o
 *fill*         0x00000000200024f5        0x3 
 .bss.m_leds_timer_id_data
                0x00000000200024f8       0x20 _build/nrf52832_xxaa_bsp.c.o
 .bss.m_registered_callback
                0x0000000020002518        0x4 _build/nrf52832_xxaa_bsp.c.o
 .bss.m_stable_state
                0x000000002000251c        0x1 _build/nrf52832_xxaa_bsp.c.o
 *fill*         0x000000002000251d        0x3 
 .bss.release_event_at_push.8424
                0x0000000020002520        0x4 _build/nrf52832_xxaa_bsp.c.o
 .bss.m_error_handler
                0x0000000020002524        0x4 _build/nrf52832_xxaa_bsp_btn_ble.c.o
 .bss.m_num_connections
                0x0000000020002528        0x4 _build/nrf52832_xxaa_bsp_btn_ble.c.o
 .bss.APP_TIMER_BUF.11655
                0x000000002000252c       0xa8 _build/nrf52832_xxaa_main.c.o
 .bss.BLE_EVT_BUFFER.11821
                0x00000000200025d4       0x50 _build/nrf52832_xxaa_main.c.o
 .bss.adc_buf   0x0000000020002624        0x4 _build/nrf52832_xxaa_main.c.o
 .bss.m_bas     0x0000000020002628       0x18 _build/nrf52832_xxaa_main.c.o
 .bss.m_battery_timer_id_data
                0x0000000020002640       0x20 _build/nrf52832_xxaa_main.c.o
 .bss.m_ble_db_discovery
                0x0000000020002660      0x260 _build/nrf52832_xxaa_main.c.o
 .bss.m_ias     0x00000000200028c0       0x10 _build/nrf52832_xxaa_main.c.o
 .bss.m_ias_c   0x00000000200028d0       0x18 _build/nrf52832_xxaa_main.c.o
 .bss.m_is_high_alert_signalled
                0x00000000200028e8        0x1 _build/nrf52832_xxaa_main.c.o
 .bss.m_is_ias_present
                0x00000000200028e9        0x1 _build/nrf52832_xxaa_main.c.o
 *fill*         0x00000000200028ea        0x2 
 .bss.m_lls     0x00000000200028ec       0x14 _build/nrf52832_xxaa_main.c.o
 .bss.m_tps     0x0000000020002900        0xc _build/nrf52832_xxaa_main.c.o
 .bss.m_adv_evt
                0x000000002000290c        0x1 _build/nrf52832_xxaa_ble_advertising.c.o
 .bss.m_adv_mode_current
                0x000000002000290d        0x1 _build/nrf52832_xxaa_ble_advertising.c.o
 *fill*         0x000000002000290e        0x2 
 .bss.m_adv_modes_config
                0x0000000020002910       0x20 _build/nrf52832_xxaa_ble_advertising.c.o
 .bss.m_advdata
                0x0000000020002930       0x3c _build/nrf52832_xxaa_ble_advertising.c.o
 .bss.m_advertising_start_pending
                0x000000002000296c        0x1 _build/nrf52832_xxaa_ble_advertising.c.o
 *fill*         0x000000002000296d        0x1 
 .bss.m_current_slave_link_conn_handle
                0x000000002000296e        0x2 _build/nrf52832_xxaa_ble_advertising.c.o
 .bss.m_error_handler
                0x0000000020002970        0x4 _build/nrf52832_xxaa_ble_advertising.c.o
 .bss.m_evt_handler
                0x0000000020002974        0x4 _build/nrf52832_xxaa_ble_advertising.c.o
 .bss.m_initialized
                0x0000000020002978        0x1 _build/nrf52832_xxaa_ble_advertising.c.o
 *fill*         0x0000000020002979        0x3 
 .bss.m_manuf_data_array
                0x000000002000297c       0x1f _build/nrf52832_xxaa_ble_advertising.c.o
 *fill*         0x000000002000299b        0x1 
 .bss.m_manuf_specific_data
                0x000000002000299c        0xc _build/nrf52832_xxaa_ble_advertising.c.o
 .bss.m_peer_addr_reply_expected
                0x00000000200029a8        0x1 _build/nrf52832_xxaa_ble_advertising.c.o
 *fill*         0x00000000200029a9        0x3 
 .bss.m_peer_address
                0x00000000200029ac        0x7 _build/nrf52832_xxaa_ble_advertising.c.o
 *fill*         0x00000000200029b3        0x1 
 .bss.m_service_data
                0x00000000200029b4        0xc _build/nrf52832_xxaa_ble_advertising.c.o
 .bss.m_service_data_array
                0x00000000200029c0       0x1f _build/nrf52832_xxaa_ble_advertising.c.o
 *fill*         0x00000000200029df        0x1 
 .bss.m_slave_conn_int
                0x00000000200029e0        0x4 _build/nrf52832_xxaa_ble_advertising.c.o
 .bss.m_whitelist_in_use
                0x00000000200029e4        0x1 _build/nrf52832_xxaa_ble_advertising.c.o
 .bss.m_whitelist_reply_expected
                0x00000000200029e5        0x1 _build/nrf52832_xxaa_ble_advertising.c.o
 .bss.m_whitelist_temporarily_disabled
                0x00000000200029e6        0x1 _build/nrf52832_xxaa_ble_advertising.c.o
 .bss.m_change_param
                0x00000000200029e7        0x1 _build/nrf52832_xxaa_ble_conn_params.c.o
 .bss.m_conn_handle
                0x00000000200029e8        0x2 _build/nrf52832_xxaa_ble_conn_params.c.o
 *fill*         0x00000000200029ea        0x2 
 .bss.m_conn_params_config
                0x00000000200029ec       0x1c _build/nrf52832_xxaa_ble_conn_params.c.o
 .bss.m_conn_params_timer_id_data
                0x0000000020002a08       0x20 _build/nrf52832_xxaa_ble_conn_params.c.o
 .bss.m_current_conn_params
                0x0000000020002a28        0x8 _build/nrf52832_xxaa_ble_conn_params.c.o
 .bss.m_preferred_conn_params
                0x0000000020002a30        0x8 _build/nrf52832_xxaa_ble_conn_params.c.o
 .bss.m_update_count
                0x0000000020002a38        0x1 _build/nrf52832_xxaa_ble_conn_params.c.o
 *fill*         0x0000000020002a39        0x3 
 .bss.m_bcs     0x0000000020002a3c       0x34 _build/nrf52832_xxaa_ble_conn_state.c.o
 .bss.m_evt_handler
                0x0000000020002a70        0x4 _build/nrf52832_xxaa_ble_db_discovery.c.o
 .bss.m_initialized
                0x0000000020002a74        0x1 _build/nrf52832_xxaa_ble_db_discovery.c.o
 *fill*         0x0000000020002a75        0x3 
 .bss.m_num_of_handlers_reg
                0x0000000020002a78        0x4 _build/nrf52832_xxaa_ble_db_discovery.c.o
 .bss.m_pending_user_evts
                0x0000000020002a7c      0x288 _build/nrf52832_xxaa_ble_db_discovery.c.o
 .bss.m_pending_usr_evt_index
                0x0000000020002d04        0x4 _build/nrf52832_xxaa_ble_db_discovery.c.o
 .bss.m_registered_handlers
                0x0000000020002d08       0x18 _build/nrf52832_xxaa_ble_db_discovery.c.o
 .bss.m_flag_local_db_apply_pending
                0x0000000020002d20        0x1 _build/nrf52832_xxaa_gatt_cache_manager.c.o
 .bss.m_flag_local_db_update_pending
                0x0000000020002d21        0x1 _build/nrf52832_xxaa_gatt_cache_manager.c.o
 .bss.m_flag_service_changed_pending
                0x0000000020002d22        0x1 _build/nrf52832_xxaa_gatt_cache_manager.c.o
 .bss.m_flag_service_changed_sent
                0x0000000020002d23        0x1 _build/nrf52832_xxaa_gatt_cache_manager.c.o
 .bss.m_current_sc_store_peer_id
                0x0000000020002d24        0x2 _build/nrf52832_xxaa_gatts_cache_manager.c.o
 .bss.start_handle.9589
                0x0000000020002d26        0x2 _build/nrf52832_xxaa_gatts_cache_manager.c.o
 .bss.m_conn_state_user_flag_id
                0x0000000020002d28        0x1 _build/nrf52832_xxaa_id_manager.c.o
 *fill*         0x0000000020002d29        0x3 
 .bss.m_connections
                0x0000000020002d2c       0x60 _build/nrf52832_xxaa_id_manager.c.o
 .bss.m_fds_ftok
                0x0000000020002d8c        0x8 _build/nrf52832_xxaa_peer_data_storage.c.o
 .bss.m_peer_delete_ongoing
                0x0000000020002d94        0x1 _build/nrf52832_xxaa_peer_data_storage.c.o
 .bss.m_peer_delete_queued
                0x0000000020002d95        0x1 _build/nrf52832_xxaa_peer_data_storage.c.o
 *fill*         0x0000000020002d96        0x2 
 .bss.buffer_memory.9611
                0x0000000020002d98      0x280 _build/nrf52832_xxaa_peer_database.c.o
 .bss.m_n_writes
                0x0000000020003018        0x4 _build/nrf52832_xxaa_peer_database.c.o
 .bss.m_write_buffer
                0x000000002000301c       0x10 _build/nrf52832_xxaa_peer_database.c.o
 .bss.m_write_buffer_records
                0x000000002000302c       0xa0 _build/nrf52832_xxaa_peer_database.c.o
 .bss.mutex_memory.9612
                0x00000000200030cc        0x1 _build/nrf52832_xxaa_peer_database.c.o
 *fill*         0x00000000200030cd        0x3 
 .bss.m_pi      0x00000000200030d0       0x40 _build/nrf52832_xxaa_peer_id.c.o
 .bss.m_bonding_flag_id
                0x0000000020003110        0x1 _build/nrf52832_xxaa_peer_manager.c.o
 *fill*         0x0000000020003111        0x3 
 .bss.m_current_highest_peer_rank
                0x0000000020003114        0x4 _build/nrf52832_xxaa_peer_manager.c.o
 .bss.m_deleting_all
                0x0000000020003118        0x1 _build/nrf52832_xxaa_peer_manager.c.o
 *fill*         0x0000000020003119        0x3 
 .bss.m_evt_handlers
                0x000000002000311c        0xc _build/nrf52832_xxaa_peer_manager.c.o
 .bss.m_highest_ranked_peer
                0x0000000020003128        0x2 _build/nrf52832_xxaa_peer_manager.c.o
 .bss.m_module_initialized
                0x000000002000312a        0x1 _build/nrf52832_xxaa_peer_manager.c.o
 .bss.m_n_registrants
                0x000000002000312b        0x1 _build/nrf52832_xxaa_peer_manager.c.o
 .bss.m_pairing_flag_id
                0x000000002000312c        0x1 _build/nrf52832_xxaa_peer_manager.c.o
 .bss.m_peer_rank_initialized
                0x000000002000312d        0x1 _build/nrf52832_xxaa_peer_manager.c.o
 *fill*         0x000000002000312e        0x2 
 .bss.m_peer_rank_token
                0x0000000020003130        0x4 _build/nrf52832_xxaa_peer_manager.c.o
 .bss.m_peer_pk
                0x0000000020003134       0x40 _build/nrf52832_xxaa_security_dispatcher.c.o
 .bss.m_p_public_key
                0x0000000020003174        0x4 _build/nrf52832_xxaa_security_manager.c.o
 .bss.m_sec_params
                0x0000000020003178        0x5 _build/nrf52832_xxaa_security_manager.c.o
 .bss.m_sec_params_valid
                0x000000002000317d        0x1 _build/nrf52832_xxaa_security_manager.c.o
 .bss.m_ble_evt_buffer_size
                0x000000002000317e        0x2 _build/nrf52832_xxaa_softdevice_handler.c.o
 .bss.m_ble_evt_handler
                0x0000000020003180        0x4 _build/nrf52832_xxaa_softdevice_handler.c.o
 .bss.m_evt_schedule_func
                0x0000000020003184        0x4 _build/nrf52832_xxaa_softdevice_handler.c.o
 .bss.m_softdevice_enabled
                0x0000000020003188        0x1 _build/nrf52832_xxaa_softdevice_handler.c.o
 .bss.m_suspended
                0x0000000020003189        0x1 _build/nrf52832_xxaa_softdevice_handler.c.o
 *fill*         0x000000002000318a        0x2 
 .bss.m_sys_evt_handler
                0x000000002000318c        0x4 _build/nrf52832_xxaa_softdevice_handler.c.o
 .bss.mp_ble_evt_buffer
                0x0000000020003190        0x4 _build/nrf52832_xxaa_softdevice_handler.c.o
 *(COMMON)
 COMMON         0x0000000020003194        0xc _build/nrf52832_xxaa_app_util_platform.c.o
                0x0000000020003194                nrf_nvic_state
                0x00000000200031a0                . = ALIGN (0x4)
                0x00000000200031a0                __bss_end__ = .

.heap           0x00000000200031a0     0x2000
                0x00000000200031a0                __HeapBase = .
                0x00000000200031a0                __end__ = .
                [!provide]                        PROVIDE (end, .)
 *(.heap*)
 .heap          0x00000000200031a0     0x2000 _build/nrf52832_xxaa_gcc_startup_nrf52.S.o
                0x00000000200051a0                __HeapLimit = .

.stack_dummy    0x00000000200031a0     0x2000
 *(.stack*)
 .stack         0x00000000200031a0     0x2000 _build/nrf52832_xxaa_gcc_startup_nrf52.S.o
                0x0000000020010000                __StackTop = (ORIGIN (RAM) + LENGTH (RAM))
                0x000000002000e000                __StackLimit = (__StackTop - SIZEOF (.stack_dummy))
                0x0000000020010000                PROVIDE (__stack, __StackTop)
                0x0000000000000001                ASSERT ((__StackLimit >= __HeapLimit), region RAM overflowed with stack)
OUTPUT(_build/nrf52832_xxaa.out elf32-littlearm)

.ARM.attributes
                0x0000000000000000       0x30
 .ARM.attributes
                0x0000000000000000       0x22 /opt/gcc-arm-none-eabi-6-2017-q1-update/bin/../lib/gcc/arm-none-eabi/6.3.1/thumb/v7e-m/fpv4-sp/hard/crti.o
 .ARM.attributes
                0x0000000000000022       0x34 /opt/gcc-arm-none-eabi-6-2017-q1-update/bin/../lib/gcc/arm-none-eabi/6.3.1/thumb/v7e-m/fpv4-sp/hard/crtbegin.o
 .ARM.attributes
                0x0000000000000056       0x20 /opt/gcc-arm-none-eabi-6-2017-q1-update/bin/../lib/gcc/arm-none-eabi/6.3.1/../../../../arm-none-eabi/lib/thumb/v7e-m/fpv4-sp/hard/crt0.o
 .ARM.attributes
                0x0000000000000076       0x34 /opt/gcc-arm-none-eabi-6-2017-q1-update/bin/../lib/gcc/arm-none-eabi/6.3.1/../../../../arm-none-eabi/lib/thumb/v7e-m/fpv4-sp/hard/libc_nano.a(lib_a-exit.o)
 .ARM.attributes
                0x00000000000000aa       0x34 /opt/gcc-arm-none-eabi-6-2017-q1-update/bin/../lib/gcc/arm-none-eabi/6.3.1/../../../../arm-none-eabi/lib/thumb/v7e-m/fpv4-sp/hard/libc_nano.a(lib_a-impure.o)
 .ARM.attributes
                0x00000000000000de       0x34 /opt/gcc-arm-none-eabi-6-2017-q1-update/bin/../lib/gcc/arm-none-eabi/6.3.1/../../../../arm-none-eabi/lib/thumb/v7e-m/fpv4-sp/hard/libc_nano.a(lib_a-init.o)
 .ARM.attributes
                0x0000000000000112       0x34 /opt/gcc-arm-none-eabi-6-2017-q1-update/bin/../lib/gcc/arm-none-eabi/6.3.1/../../../../arm-none-eabi/lib/thumb/v7e-m/fpv4-sp/hard/libc_nano.a(lib_a-memset.o)
 .ARM.attributes
                0x0000000000000146       0x34 /opt/gcc-arm-none-eabi-6-2017-q1-update/bin/../lib/gcc/arm-none-eabi/6.3.1/../../../../arm-none-eabi/lib/thumb/v7e-m/fpv4-sp/hard/libnosys.a(_exit.o)
 .ARM.attributes
                0x000000000000017a       0x39 _build/nrf52832_xxaa_app_button.c.o
 .ARM.attributes
                0x00000000000001b3       0x39 _build/nrf52832_xxaa_app_error.c.o
 .ARM.attributes
                0x00000000000001ec       0x39 _build/nrf52832_xxaa_app_error_weak.c.o
 .ARM.attributes
                0x0000000000000225       0x39 _build/nrf52832_xxaa_app_timer.c.o
 .ARM.attributes
                0x000000000000025e       0x39 _build/nrf52832_xxaa_app_util_platform.c.o
 .ARM.attributes
                0x0000000000000297       0x39 _build/nrf52832_xxaa_fds.c.o
 .ARM.attributes
                0x00000000000002d0       0x39 _build/nrf52832_xxaa_fstorage.c.o
 .ARM.attributes
                0x0000000000000309       0x39 _build/nrf52832_xxaa_sdk_mapped_flags.c.o
 .ARM.attributes
                0x0000000000000342       0x39 _build/nrf52832_xxaa_boards.c.o
 .ARM.attributes
                0x000000000000037b       0x39 _build/nrf52832_xxaa_nrf_drv_clock.c.o
 .ARM.attributes
                0x00000000000003b4       0x39 _build/nrf52832_xxaa_nrf_drv_common.c.o
 .ARM.attributes
                0x00000000000003ed       0x39 _build/nrf52832_xxaa_nrf_drv_gpiote.c.o
 .ARM.attributes
                0x0000000000000426       0x39 _build/nrf52832_xxaa_nrf_drv_saadc.c.o
 .ARM.attributes
                0x000000000000045f       0x39 _build/nrf52832_xxaa_nrf_drv_uart.c.o
 .ARM.attributes
                0x0000000000000498       0x39 _build/nrf52832_xxaa_nrf_saadc.c.o
 .ARM.attributes
                0x00000000000004d1       0x39 _build/nrf52832_xxaa_bsp.c.o
 .ARM.attributes
                0x000000000000050a       0x39 _build/nrf52832_xxaa_bsp_btn_ble.c.o
 .ARM.attributes
                0x0000000000000543       0x39 _build/nrf52832_xxaa_main.c.o
 .ARM.attributes
                0x000000000000057c       0x39 _build/nrf52832_xxaa_ble_advdata.c.o
 .ARM.attributes
                0x00000000000005b5       0x39 _build/nrf52832_xxaa_ble_advertising.c.o
 .ARM.attributes
                0x00000000000005ee       0x39 _build/nrf52832_xxaa_ble_conn_params.c.o
 .ARM.attributes
                0x0000000000000627       0x39 _build/nrf52832_xxaa_ble_conn_state.c.o
 .ARM.attributes
                0x0000000000000660       0x39 _build/nrf52832_xxaa_ble_db_discovery.c.o
 .ARM.attributes
                0x0000000000000699       0x39 _build/nrf52832_xxaa_ble_srv_common.c.o
 .ARM.attributes
                0x00000000000006d2       0x39 _build/nrf52832_xxaa_gatt_cache_manager.c.o
 .ARM.attributes
                0x000000000000070b       0x39 _build/nrf52832_xxaa_gatts_cache_manager.c.o
 .ARM.attributes
                0x0000000000000744       0x39 _build/nrf52832_xxaa_id_manager.c.o
 .ARM.attributes
                0x000000000000077d       0x39 _build/nrf52832_xxaa_peer_data_storage.c.o
 .ARM.attributes
                0x00000000000007b6       0x39 _build/nrf52832_xxaa_peer_database.c.o
 .ARM.attributes
                0x00000000000007ef       0x39 _build/nrf52832_xxaa_peer_id.c.o
 .ARM.attributes
                0x0000000000000828       0x39 _build/nrf52832_xxaa_peer_manager.c.o
 .ARM.attributes
                0x0000000000000861       0x39 _build/nrf52832_xxaa_pm_buffer.c.o
 .ARM.attributes
                0x000000000000089a       0x39 _build/nrf52832_xxaa_pm_mutex.c.o
 .ARM.attributes
                0x00000000000008d3       0x39 _build/nrf52832_xxaa_security_dispatcher.c.o
 .ARM.attributes
                0x000000000000090c       0x39 _build/nrf52832_xxaa_security_manager.c.o
 .ARM.attributes
                0x0000000000000945       0x1c _build/nrf52832_xxaa_gcc_startup_nrf52.S.o
 .ARM.attributes
                0x0000000000000961       0x39 _build/nrf52832_xxaa_system_nrf52.c.o
 .ARM.attributes
                0x000000000000099a       0x39 _build/nrf52832_xxaa_ble_bas.c.o
 .ARM.attributes
                0x00000000000009d3       0x39 _build/nrf52832_xxaa_ble_ias.c.o
 .ARM.attributes
                0x0000000000000a0c       0x39 _build/nrf52832_xxaa_ble_ias_c.c.o
 .ARM.attributes
                0x0000000000000a45       0x39 _build/nrf52832_xxaa_ble_lls.c.o
 .ARM.attributes
                0x0000000000000a7e       0x39 _build/nrf52832_xxaa_ble_tps.c.o
 .ARM.attributes
                0x0000000000000ab7       0x39 _build/nrf52832_xxaa_softdevice_handler.c.o
 .ARM.attributes
                0x0000000000000af0       0x34 /opt/gcc-arm-none-eabi-6-2017-q1-update/bin/../lib/gcc/arm-none-eabi/6.3.1/../../../../arm-none-eabi/lib/thumb/v7e-m/fpv4-sp/hard/libc_nano.a(lib_a-memcmp.o)
 .ARM.attributes
                0x0000000000000b24       0x34 /opt/gcc-arm-none-eabi-6-2017-q1-update/bin/../lib/gcc/arm-none-eabi/6.3.1/../../../../arm-none-eabi/lib/thumb/v7e-m/fpv4-sp/hard/libc_nano.a(lib_a-memcpy-stub.o)
 .ARM.attributes
                0x0000000000000b58       0x1b /opt/gcc-arm-none-eabi-6-2017-q1-update/bin/../lib/gcc/arm-none-eabi/6.3.1/../../../../arm-none-eabi/lib/thumb/v7e-m/fpv4-sp/hard/libc_nano.a(lib_a-strlen.o)
 .ARM.attributes
                0x0000000000000b73       0x34 /opt/gcc-arm-none-eabi-6-2017-q1-update/bin/../lib/gcc/arm-none-eabi/6.3.1/thumb/v7e-m/fpv4-sp/hard/crtend.o
 .ARM.attributes
                0x0000000000000ba7       0x22 /opt/gcc-arm-none-eabi-6-2017-q1-update/bin/../lib/gcc/arm-none-eabi/6.3.1/thumb/v7e-m/fpv4-sp/hard/crtn.o

.comment        0x0000000000000000       0x7f
 .comment       0x0000000000000000       0x7f _build/nrf52832_xxaa_app_button.c.o
                                         0x80 (size before relaxing)
 .comment       0x000000000000007f       0x80 _build/nrf52832_xxaa_app_error.c.o
 .comment       0x000000000000007f       0x80 _build/nrf52832_xxaa_app_error_weak.c.o
 .comment       0x000000000000007f       0x80 _build/nrf52832_xxaa_app_timer.c.o
 .comment       0x000000000000007f       0x80 _build/nrf52832_xxaa_app_util_platform.c.o
 .comment       0x000000000000007f       0x80 _build/nrf52832_xxaa_fds.c.o
 .comment       0x000000000000007f       0x80 _build/nrf52832_xxaa_fstorage.c.o
 .comment       0x000000000000007f       0x80 _build/nrf52832_xxaa_sdk_mapped_flags.c.o
 .comment       0x000000000000007f       0x80 _build/nrf52832_xxaa_boards.c.o
 .comment       0x000000000000007f       0x80 _build/nrf52832_xxaa_nrf_drv_clock.c.o
 .comment       0x000000000000007f       0x80 _build/nrf52832_xxaa_nrf_drv_common.c.o
 .comment       0x000000000000007f       0x80 _build/nrf52832_xxaa_nrf_drv_gpiote.c.o
 .comment       0x000000000000007f       0x80 _build/nrf52832_xxaa_nrf_drv_saadc.c.o
 .comment       0x000000000000007f       0x80 _build/nrf52832_xxaa_nrf_drv_uart.c.o
 .comment       0x000000000000007f       0x80 _build/nrf52832_xxaa_nrf_saadc.c.o
 .comment       0x000000000000007f       0x80 _build/nrf52832_xxaa_bsp.c.o
 .comment       0x000000000000007f       0x80 _build/nrf52832_xxaa_bsp_btn_ble.c.o
 .comment       0x000000000000007f       0x80 _build/nrf52832_xxaa_main.c.o
 .comment       0x000000000000007f       0x80 _build/nrf52832_xxaa_ble_advdata.c.o
 .comment       0x000000000000007f       0x80 _build/nrf52832_xxaa_ble_advertising.c.o
 .comment       0x000000000000007f       0x80 _build/nrf52832_xxaa_ble_conn_params.c.o
 .comment       0x000000000000007f       0x80 _build/nrf52832_xxaa_ble_conn_state.c.o
 .comment       0x000000000000007f       0x80 _build/nrf52832_xxaa_ble_db_discovery.c.o
 .comment       0x000000000000007f       0x80 _build/nrf52832_xxaa_ble_srv_common.c.o
 .comment       0x000000000000007f       0x80 _build/nrf52832_xxaa_gatt_cache_manager.c.o
 .comment       0x000000000000007f       0x80 _build/nrf52832_xxaa_gatts_cache_manager.c.o
 .comment       0x000000000000007f       0x80 _build/nrf52832_xxaa_id_manager.c.o
 .comment       0x000000000000007f       0x80 _build/nrf52832_xxaa_peer_data_storage.c.o
 .comment       0x000000000000007f       0x80 _build/nrf52832_xxaa_peer_database.c.o
 .comment       0x000000000000007f       0x80 _build/nrf52832_xxaa_peer_id.c.o
 .comment       0x000000000000007f       0x80 _build/nrf52832_xxaa_peer_manager.c.o
 .comment       0x000000000000007f       0x80 _build/nrf52832_xxaa_pm_buffer.c.o
 .comment       0x000000000000007f       0x80 _build/nrf52832_xxaa_pm_mutex.c.o
 .comment       0x000000000000007f       0x80 _build/nrf52832_xxaa_security_dispatcher.c.o
 .comment       0x000000000000007f       0x80 _build/nrf52832_xxaa_security_manager.c.o
 .comment       0x000000000000007f       0x80 _build/nrf52832_xxaa_system_nrf52.c.o
 .comment       0x000000000000007f       0x80 _build/nrf52832_xxaa_ble_bas.c.o
 .comment       0x000000000000007f       0x80 _build/nrf52832_xxaa_ble_ias.c.o
 .comment       0x000000000000007f       0x80 _build/nrf52832_xxaa_ble_ias_c.c.o
 .comment       0x000000000000007f       0x80 _build/nrf52832_xxaa_ble_lls.c.o
 .comment       0x000000000000007f       0x80 _build/nrf52832_xxaa_ble_tps.c.o
 .comment       0x000000000000007f       0x80 _build/nrf52832_xxaa_softdevice_handler.c.o

.debug_frame    0x0000000000000000     0x3a34