<!doctype html public "-//w3c//dtd html 4.0 transitional//en">
<html><head>
<title>Static Call Graph - [.\_build\nrf52832_xxaa_s132.axf]</title></head>
<body><HR>
<H1>Static Call Graph for image .\_build\nrf52832_xxaa_s132.axf</H1><HR>
<BR><P>#&#060CALLGRAPH&#062# ARM Linker, 5060422: Last Updated: Mon Apr 24 13:52:40 2017
<BR><P>
<H3>Maximum Stack Usage =        472 bytes + Unknown(Cycles, Untraceable Function Pointers)</H3><H3>
Call chain for Maximum Stack Depth:</H3>
main &rArr; advertising_start &rArr; advertising_init &rArr; ble_advdata_set &rArr; adv_data_encode &rArr; uuid_list_encode &rArr; uuid_list_sized_encode
<P>
<H3>
Mutually Recursive functions
</H3> <LI><a href="#[1]">NMI_Handler</a>&nbsp;&nbsp;&nbsp;&rArr;&nbsp;&nbsp;&nbsp;<a href="#[1]">NMI_Handler</a><BR>
 <LI><a href="#[2]">HardFault_Handler</a>&nbsp;&nbsp;&nbsp;&rArr;&nbsp;&nbsp;&nbsp;<a href="#[2]">HardFault_Handler</a><BR>
 <LI><a href="#[3]">MemoryManagement_Handler</a>&nbsp;&nbsp;&nbsp;&rArr;&nbsp;&nbsp;&nbsp;<a href="#[3]">MemoryManagement_Handler</a><BR>
 <LI><a href="#[4]">BusFault_Handler</a>&nbsp;&nbsp;&nbsp;&rArr;&nbsp;&nbsp;&nbsp;<a href="#[4]">BusFault_Handler</a><BR>
 <LI><a href="#[5]">UsageFault_Handler</a>&nbsp;&nbsp;&nbsp;&rArr;&nbsp;&nbsp;&nbsp;<a href="#[5]">UsageFault_Handler</a><BR>
 <LI><a href="#[6]">SVC_Handler</a>&nbsp;&nbsp;&nbsp;&rArr;&nbsp;&nbsp;&nbsp;<a href="#[6]">SVC_Handler</a><BR>
 <LI><a href="#[7]">DebugMon_Handler</a>&nbsp;&nbsp;&nbsp;&rArr;&nbsp;&nbsp;&nbsp;<a href="#[7]">DebugMon_Handler</a><BR>
 <LI><a href="#[8]">PendSV_Handler</a>&nbsp;&nbsp;&nbsp;&rArr;&nbsp;&nbsp;&nbsp;<a href="#[8]">PendSV_Handler</a><BR>
 <LI><a href="#[9]">SysTick_Handler</a>&nbsp;&nbsp;&nbsp;&rArr;&nbsp;&nbsp;&nbsp;<a href="#[9]">SysTick_Handler</a><BR>
 <LI><a href="#[19]">CCM_AAR_IRQHandler</a>&nbsp;&nbsp;&nbsp;&rArr;&nbsp;&nbsp;&nbsp;<a href="#[19]">CCM_AAR_IRQHandler</a><BR>
 <LI><a href="#[62]">__asm___11_app_timer_c_cd27f9c3__nrf_delay_us</a>&nbsp;&nbsp;&nbsp;&rArr;&nbsp;&nbsp;&nbsp;<a href="#[62]">__asm___11_app_timer_c_cd27f9c3__nrf_delay_us</a><BR>
 <LI><a href="#[95]">app_notify_error_state_transit</a>&nbsp;&nbsp;&nbsp;&rArr;&nbsp;&nbsp;&nbsp;<a href="#[97]">sm_state_change</a><BR>
 <LI><a href="#[97]">sm_state_change</a>&nbsp;&nbsp;&nbsp;&rArr;&nbsp;&nbsp;&nbsp;<a href="#[cf]">cmd_process</a><BR>
</UL>
<P>
<H3>
Function Pointers
</H3><UL>
 <LI><a href="#[4]">BusFault_Handler</a> from arm_startup_nrf52.o(.text) referenced from arm_startup_nrf52.o(RESET)
 <LI><a href="#[19]">CCM_AAR_IRQHandler</a> from arm_startup_nrf52.o(.text) referenced from arm_startup_nrf52.o(RESET)
 <LI><a href="#[1d]">COMP_LPCOMP_IRQHandler</a> from arm_startup_nrf52.o(.text) referenced from arm_startup_nrf52.o(RESET)
 <LI><a href="#[7]">DebugMon_Handler</a> from arm_startup_nrf52.o(.text) referenced from arm_startup_nrf52.o(RESET)
 <LI><a href="#[18]">ECB_IRQHandler</a> from arm_startup_nrf52.o(.text) referenced from arm_startup_nrf52.o(RESET)
 <LI><a href="#[2e]">FPU_IRQHandler</a> from arm_startup_nrf52.o(.text) referenced from arm_startup_nrf52.o(RESET)
 <LI><a href="#[10]">GPIOTE_IRQHandler</a> from nrf_drv_gpiote.o(i.GPIOTE_IRQHandler) referenced from arm_startup_nrf52.o(RESET)
 <LI><a href="#[2]">HardFault_Handler</a> from arm_startup_nrf52.o(.text) referenced from arm_startup_nrf52.o(RESET)
 <LI><a href="#[2d]">I2S_IRQHandler</a> from arm_startup_nrf52.o(.text) referenced from arm_startup_nrf52.o(RESET)
 <LI><a href="#[28]">MWU_IRQHandler</a> from arm_startup_nrf52.o(.text) referenced from arm_startup_nrf52.o(RESET)
 <LI><a href="#[3]">MemoryManagement_Handler</a> from arm_startup_nrf52.o(.text) referenced from arm_startup_nrf52.o(RESET)
 <LI><a href="#[f]">NFCT_IRQHandler</a> from arm_startup_nrf52.o(.text) referenced from arm_startup_nrf52.o(RESET)
 <LI><a href="#[1]">NMI_Handler</a> from arm_startup_nrf52.o(.text) referenced from arm_startup_nrf52.o(RESET)
 <LI><a href="#[27]">PDM_IRQHandler</a> from arm_startup_nrf52.o(.text) referenced from arm_startup_nrf52.o(RESET)
 <LI><a href="#[a]">POWER_CLOCK_IRQHandler</a> from arm_startup_nrf52.o(.text) referenced from arm_startup_nrf52.o(RESET)
 <LI><a href="#[26]">PWM0_IRQHandler</a> from arm_startup_nrf52.o(.text) referenced from arm_startup_nrf52.o(RESET)
 <LI><a href="#[29]">PWM1_IRQHandler</a> from arm_startup_nrf52.o(.text) referenced from arm_startup_nrf52.o(RESET)
 <LI><a href="#[2a]">PWM2_IRQHandler</a> from arm_startup_nrf52.o(.text) referenced from arm_startup_nrf52.o(RESET)
 <LI><a href="#[8]">PendSV_Handler</a> from arm_startup_nrf52.o(.text) referenced from arm_startup_nrf52.o(RESET)
 <LI><a href="#[1c]">QDEC_IRQHandler</a> from arm_startup_nrf52.o(.text) referenced from arm_startup_nrf52.o(RESET)
 <LI><a href="#[b]">RADIO_IRQHandler</a> from arm_startup_nrf52.o(.text) referenced from arm_startup_nrf52.o(RESET)
 <LI><a href="#[17]">RNG_IRQHandler</a> from arm_startup_nrf52.o(.text) referenced from arm_startup_nrf52.o(RESET)
 <LI><a href="#[15]">RTC0_IRQHandler</a> from arm_startup_nrf52.o(.text) referenced from arm_startup_nrf52.o(RESET)
 <LI><a href="#[1b]">RTC1_IRQHandler</a> from app_timer.o(i.RTC1_IRQHandler) referenced from arm_startup_nrf52.o(RESET)
 <LI><a href="#[2c]">RTC2_IRQHandler</a> from arm_startup_nrf52.o(.text) referenced from arm_startup_nrf52.o(RESET)
 <LI><a href="#[0]">Reset_Handler</a> from arm_startup_nrf52.o(.text) referenced from arm_startup_nrf52.o(RESET)
 <LI><a href="#[11]">SAADC_IRQHandler</a> from nrf_drv_saadc.o(i.SAADC_IRQHandler) referenced from arm_startup_nrf52.o(RESET)
 <LI><a href="#[d]">SPIM0_SPIS0_TWIM0_TWIS0_SPI0_TWI0_IRQHandler</a> from arm_startup_nrf52.o(.text) referenced from arm_startup_nrf52.o(RESET)
 <LI><a href="#[e]">SPIM1_SPIS1_TWIM1_TWIS1_SPI1_TWI1_IRQHandler</a> from arm_startup_nrf52.o(.text) referenced from arm_startup_nrf52.o(RESET)
 <LI><a href="#[2b]">SPIM2_SPIS2_SPI2_IRQHandler</a> from arm_startup_nrf52.o(.text) referenced from arm_startup_nrf52.o(RESET)
 <LI><a href="#[6]">SVC_Handler</a> from arm_startup_nrf52.o(.text) referenced from arm_startup_nrf52.o(RESET)
 <LI><a href="#[1e]">SWI0_EGU0_IRQHandler</a> from app_timer.o(i.SWI0_EGU0_IRQHandler) referenced from arm_startup_nrf52.o(RESET)
 <LI><a href="#[1f]">SWI1_EGU1_IRQHandler</a> from arm_startup_nrf52.o(.text) referenced from arm_startup_nrf52.o(RESET)
 <LI><a href="#[20]">SWI2_EGU2_IRQHandler</a> from softdevice_handler.o(i.SWI2_EGU2_IRQHandler) referenced from arm_startup_nrf52.o(RESET)
 <LI><a href="#[21]">SWI3_EGU3_IRQHandler</a> from arm_startup_nrf52.o(.text) referenced from arm_startup_nrf52.o(RESET)
 <LI><a href="#[22]">SWI4_EGU4_IRQHandler</a> from arm_startup_nrf52.o(.text) referenced from arm_startup_nrf52.o(RESET)
 <LI><a href="#[23]">SWI5_EGU5_IRQHandler</a> from arm_startup_nrf52.o(.text) referenced from arm_startup_nrf52.o(RESET)
 <LI><a href="#[9]">SysTick_Handler</a> from arm_startup_nrf52.o(.text) referenced from arm_startup_nrf52.o(RESET)
 <LI><a href="#[30]">SystemInit</a> from system_nrf52.o(i.SystemInit) referenced from arm_startup_nrf52.o(.text)
 <LI><a href="#[16]">TEMP_IRQHandler</a> from arm_startup_nrf52.o(.text) referenced from arm_startup_nrf52.o(RESET)
 <LI><a href="#[12]">TIMER0_IRQHandler</a> from arm_startup_nrf52.o(.text) referenced from arm_startup_nrf52.o(RESET)
 <LI><a href="#[13]">TIMER1_IRQHandler</a> from arm_startup_nrf52.o(.text) referenced from arm_startup_nrf52.o(RESET)
 <LI><a href="#[14]">TIMER2_IRQHandler</a> from arm_startup_nrf52.o(.text) referenced from arm_startup_nrf52.o(RESET)
 <LI><a href="#[24]">TIMER3_IRQHandler</a> from arm_startup_nrf52.o(.text) referenced from arm_startup_nrf52.o(RESET)
 <LI><a href="#[25]">TIMER4_IRQHandler</a> from arm_startup_nrf52.o(.text) referenced from arm_startup_nrf52.o(RESET)
 <LI><a href="#[c]">UARTE0_UART0_IRQHandler</a> from nrf_drv_uart.o(i.UARTE0_UART0_IRQHandler) referenced from arm_startup_nrf52.o(RESET)
 <LI><a href="#[5]">UsageFault_Handler</a> from arm_startup_nrf52.o(.text) referenced from arm_startup_nrf52.o(RESET)
 <LI><a href="#[1a]">WDT_IRQHandler</a> from arm_startup_nrf52.o(.text) referenced from arm_startup_nrf52.o(RESET)
 <LI><a href="#[31]">__main</a> from entry.o(.ARM.Collect$$$$00000000) referenced from arm_startup_nrf52.o(.text)
 <LI><a href="#[3b]">alert_timer_handler</a> from bsp.o(i.alert_timer_handler) referenced from bsp.o(i.bsp_init)
 <LI><a href="#[41]">battery_level_meas_timeout_handler</a> from main.o(i.battery_level_meas_timeout_handler) referenced from main.o(i.main)
 <LI><a href="#[37]">ble_evt_dispatch</a> from main.o(i.ble_evt_dispatch) referenced from main.o(i.ble_stack_init)
 <LI><a href="#[49]">bsp_button_event_handler</a> from bsp.o(i.bsp_button_event_handler) referenced 4 times from bsp.o(.constdata)
 <LI><a href="#[42]">bsp_event_handler</a> from main.o(i.bsp_event_handler) referenced from main.o(i.main)
 <LI><a href="#[39]">button_timer_handler</a> from bsp.o(i.button_timer_handler) referenced from bsp.o(i.bsp_init)
 <LI><a href="#[43]">conn_params_error_handler</a> from main.o(i.conn_params_error_handler) referenced from main.o(i.main)
 <LI><a href="#[5d]">data_page_erase_state_run</a> from pstorage.o(i.data_page_erase_state_run) referenced from pstorage.o(.constdata)
 <LI><a href="#[5c]">data_to_swap_write_state_run</a> from pstorage.o(i.data_to_swap_write_state_run) referenced from pstorage.o(.constdata)
 <LI><a href="#[34]">detection_delay_timeout_handler</a> from app_button.o(i.detection_delay_timeout_handler) referenced from app_button.o(i.app_button_init)
 <LI><a href="#[3f]">device_manager_evt_handler</a> from main.o(i.device_manager_evt_handler) referenced from main.o(i.device_manager_init)
 <LI><a href="#[40]">dm_pstorage_cb_handler</a> from device_manager_peripheral.o(i.dm_pstorage_cb_handler) referenced from device_manager_peripheral.o(i.dm_init)
 <LI><a href="#[54]">gattc_context_apply</a> from device_manager_peripheral.o(i.gattc_context_apply) referenced from device_manager_peripheral.o(.constdata)
 <LI><a href="#[50]">gattc_context_load</a> from device_manager_peripheral.o(i.gattc_context_load) referenced from device_manager_peripheral.o(.constdata)
 <LI><a href="#[4c]">gattc_context_store</a> from device_manager_peripheral.o(i.gattc_context_store) referenced from device_manager_peripheral.o(.constdata)
 <LI><a href="#[53]">gatts_context_apply</a> from device_manager_peripheral.o(i.gatts_context_apply) referenced from device_manager_peripheral.o(.constdata)
 <LI><a href="#[4f]">gatts_context_load</a> from device_manager_peripheral.o(i.gatts_context_load) referenced from device_manager_peripheral.o(.constdata)
 <LI><a href="#[4b]">gatts_context_store</a> from device_manager_peripheral.o(i.gatts_context_store) referenced from device_manager_peripheral.o(.constdata)
 <LI><a href="#[55]">gattsc_context_apply</a> from device_manager_peripheral.o(i.gattsc_context_apply) referenced from device_manager_peripheral.o(.constdata)
 <LI><a href="#[51]">gattsc_context_load</a> from device_manager_peripheral.o(i.gattsc_context_load) referenced from device_manager_peripheral.o(.constdata)
 <LI><a href="#[4d]">gattsc_context_store</a> from device_manager_peripheral.o(i.gattsc_context_store) referenced from device_manager_peripheral.o(.constdata)
 <LI><a href="#[33]">gpiote_event_handler</a> from app_button.o(i.gpiote_event_handler) referenced from app_button.o(i.app_button_init)
 <LI><a href="#[5f]">head_restore_state_run</a> from pstorage.o(i.head_restore_state_run) referenced from pstorage.o(.constdata)
 <LI><a href="#[3a]">leds_timer_handler</a> from bsp.o(i.leds_timer_handler) referenced from bsp.o(i.bsp_init)
 <LI><a href="#[2f]">main</a> from main.o(i.main) referenced from entry9a.o(.ARM.Collect$$$$0000000B)
 <LI><a href="#[52]">no_service_context_apply</a> from device_manager_peripheral.o(i.no_service_context_apply) referenced from device_manager_peripheral.o(.constdata)
 <LI><a href="#[4e]">no_service_context_load</a> from device_manager_peripheral.o(i.no_service_context_load) referenced from device_manager_peripheral.o(.constdata)
 <LI><a href="#[4a]">no_service_context_store</a> from device_manager_peripheral.o(i.no_service_context_store) referenced from device_manager_peripheral.o(.constdata)
 <LI><a href="#[35]">on_bas_evt</a> from main.o(i.on_bas_evt) referenced from main.o(i.bas_init)
 <LI><a href="#[47]">on_ias_c_evt</a> from main.o(i.on_ias_c_evt) referenced from main.o(i.services_init)
 <LI><a href="#[44]">on_ias_evt</a> from main.o(i.on_ias_evt) referenced from main.o(i.services_init)
 <LI><a href="#[45]">on_lls_evt</a> from main.o(i.on_lls_evt) referenced from main.o(i.services_init)
 <LI><a href="#[3e]">pstorage_store</a> from pstorage.o(i.pstorage_store) referenced from device_manager_peripheral.o(i.device_context_store)
 <LI><a href="#[3e]">pstorage_store</a> from pstorage.o(i.pstorage_store) referenced from device_manager_peripheral.o(i.gatts_context_store)
 <LI><a href="#[3d]">pstorage_update</a> from pstorage.o(i.pstorage_update) referenced from device_manager_peripheral.o(i.device_context_store)
 <LI><a href="#[3d]">pstorage_update</a> from pstorage.o(i.pstorage_update) referenced from device_manager_peripheral.o(i.gatts_context_store)
 <LI><a href="#[32]">saadc_event_handler</a> from main.o(i.saadc_event_handler) referenced from main.o(i.adc_configure)
 <LI><a href="#[46]">service_error_handler</a> from main.o(i.service_error_handler) referenced from main.o(i.services_init)
 <LI><a href="#[48]">softdevice_fault_handler</a> from softdevice_handler.o(i.softdevice_fault_handler) referenced from softdevice_handler.o(i.softdevice_handler_init)
 <LI><a href="#[58]">state_erase_data_page_entry_run</a> from pstorage.o(i.state_erase_data_page_entry_run) referenced from pstorage.o(.constdata)
 <LI><a href="#[5a]">state_restore_head_entry_run</a> from pstorage.o(i.state_restore_head_entry_run) referenced from pstorage.o(.constdata)
 <LI><a href="#[59]">state_restore_tail_entry_run</a> from pstorage.o(i.state_restore_tail_entry_run) referenced from pstorage.o(.constdata)
 <LI><a href="#[56]">state_swap_erase_entry_run</a> from pstorage.o(i.state_swap_erase_entry_run) referenced from pstorage.o(.constdata)
 <LI><a href="#[57]">state_write_data_swap_entry_run</a> from pstorage.o(i.state_write_data_swap_entry_run) referenced from pstorage.o(.constdata)
 <LI><a href="#[3c]">storage_operation_dummy_handler</a> from device_manager_peripheral.o(i.storage_operation_dummy_handler) referenced from device_manager_peripheral.o(i.device_context_store)
 <LI><a href="#[5b]">swap_erase_state_run</a> from pstorage.o(i.swap_erase_state_run) referenced from pstorage.o(.constdata)
 <LI><a href="#[38]">sys_evt_dispatch</a> from main.o(i.sys_evt_dispatch) referenced from main.o(i.ble_stack_init)
 <LI><a href="#[5e]">tail_restore_state_run</a> from pstorage.o(i.tail_restore_state_run) referenced from pstorage.o(.constdata)
 <LI><a href="#[36]">update_timeout_handler</a> from ble_conn_params.o(i.update_timeout_handler) referenced from ble_conn_params.o(i.ble_conn_params_init)
</UL>
<P>
<H3>
Global Symbols
</H3>
<P><STRONG><a name="[31]"></a>__main</STRONG> (Thumb, 0 bytes, Stack size unknown bytes, entry.o(.ARM.Collect$$$$00000000))
<BR>[Address Reference Count : 1]<UL><LI> arm_startup_nrf52.o(.text)
</UL>
<P><STRONG><a name="[10d]"></a>_main_stk</STRONG> (Thumb, 0 bytes, Stack size unknown bytes, entry2.o(.ARM.Collect$$$$00000001))

<P><STRONG><a name="[60]"></a>_main_scatterload</STRONG> (Thumb, 0 bytes, Stack size unknown bytes, entry5.o(.ARM.Collect$$$$00000004))
<BR><BR>[Calls]<UL><LI><a href="#[61]">&gt;&gt;</a>&nbsp;&nbsp;&nbsp;__scatterload
</UL>

<P><STRONG><a name="[66]"></a>__main_after_scatterload</STRONG> (Thumb, 0 bytes, Stack size unknown bytes, entry5.o(.ARM.Collect$$$$00000004))
<BR><BR>[Called By]<UL><LI><a href="#[61]">&gt;&gt;</a>&nbsp;&nbsp;&nbsp;__scatterload
</UL>

<P><STRONG><a name="[10e]"></a>_main_clock</STRONG> (Thumb, 0 bytes, Stack size unknown bytes, entry7b.o(.ARM.Collect$$$$00000008))

<P><STRONG><a name="[10f]"></a>_main_cpp_init</STRONG> (Thumb, 0 bytes, Stack size unknown bytes, entry8b.o(.ARM.Collect$$$$0000000A))

<P><STRONG><a name="[110]"></a>_main_init</STRONG> (Thumb, 0 bytes, Stack size unknown bytes, entry9a.o(.ARM.Collect$$$$0000000B))

<P><STRONG><a name="[111]"></a>__rt_final_cpp</STRONG> (Thumb, 0 bytes, Stack size unknown bytes, entry10a.o(.ARM.Collect$$$$0000000D))

<P><STRONG><a name="[112]"></a>__rt_final_exit</STRONG> (Thumb, 0 bytes, Stack size unknown bytes, entry11a.o(.ARM.Collect$$$$0000000F))

<P><STRONG><a name="[62]"></a>__asm___11_app_timer_c_cd27f9c3__nrf_delay_us</STRONG> (Thumb, 118 bytes, Stack size 0 bytes, app_timer.o(.emb_text))
<BR><BR>[Calls]<UL><LI><a href="#[62]">&gt;&gt;</a>&nbsp;&nbsp;&nbsp;__asm___11_app_timer_c_cd27f9c3__nrf_delay_us
</UL>
<BR>[Called By]<UL><LI><a href="#[62]">&gt;&gt;</a>&nbsp;&nbsp;&nbsp;__asm___11_app_timer_c_cd27f9c3__nrf_delay_us
<LI><a href="#[99]">&gt;&gt;</a>&nbsp;&nbsp;&nbsp;rtc1_stop
<LI><a href="#[d2]">&gt;&gt;</a>&nbsp;&nbsp;&nbsp;compare_reg_update
</UL>

<P><STRONG><a name="[0]"></a>Reset_Handler</STRONG> (Thumb, 8 bytes, Stack size 0 bytes, arm_startup_nrf52.o(.text))
<BR>[Address Reference Count : 1]<UL><LI> arm_startup_nrf52.o(RESET)
</UL>
<P><STRONG><a name="[1]"></a>NMI_Handler</STRONG> (Thumb, 2 bytes, Stack size 0 bytes, arm_startup_nrf52.o(.text))
<BR><BR>[Calls]<UL><LI><a href="#[1]">&gt;&gt;</a>&nbsp;&nbsp;&nbsp;NMI_Handler
</UL>
<BR>[Called By]<UL><LI><a href="#[1]">&gt;&gt;</a>&nbsp;&nbsp;&nbsp;NMI_Handler
</UL>
<BR>[Address Reference Count : 1]<UL><LI> arm_startup_nrf52.o(RESET)
</UL>
<P><STRONG><a name="[2]"></a>HardFault_Handler</STRONG> (Thumb, 2 bytes, Stack size 0 bytes, arm_startup_nrf52.o(.text))
<BR><BR>[Calls]<UL><LI><a href="#[2]">&gt;&gt;</a>&nbsp;&nbsp;&nbsp;HardFault_Handler
</UL>
<BR>[Called By]<UL><LI><a href="#[2]">&gt;&gt;</a>&nbsp;&nbsp;&nbsp;HardFault_Handler
</UL>
<BR>[Address Reference Count : 1]<UL><LI> arm_startup_nrf52.o(RESET)
</UL>
<P><STRONG><a name="[3]"></a>MemoryManagement_Handler</STRONG> (Thumb, 2 bytes, Stack size 0 bytes, arm_startup_nrf52.o(.text))
<BR><BR>[Calls]<UL><LI><a href="#[3]">&gt;&gt;</a>&nbsp;&nbsp;&nbsp;MemoryManagement_Handler
</UL>
<BR>[Called By]<UL><LI><a href="#[3]">&gt;&gt;</a>&nbsp;&nbsp;&nbsp;MemoryManagement_Handler
</UL>
<BR>[Address Reference Count : 1]<UL><LI> arm_startup_nrf52.o(RESET)
</UL>
<P><STRONG><a name="[4]"></a>BusFault_Handler</STRONG> (Thumb, 2 bytes, Stack size 0 bytes, arm_startup_nrf52.o(.text))
<BR><BR>[Calls]<UL><LI><a href="#[4]">&gt;&gt;</a>&nbsp;&nbsp;&nbsp;BusFault_Handler
</UL>
<BR>[Called By]<UL><LI><a href="#[4]">&gt;&gt;</a>&nbsp;&nbsp;&nbsp;BusFault_Handler
</UL>
<BR>[Address Reference Count : 1]<UL><LI> arm_startup_nrf52.o(RESET)
</UL>
<P><STRONG><a name="[5]"></a>UsageFault_Handler</STRONG> (Thumb, 2 bytes, Stack size 0 bytes, arm_startup_nrf52.o(.text))
<BR><BR>[Calls]<UL><LI><a href="#[5]">&gt;&gt;</a>&nbsp;&nbsp;&nbsp;UsageFault_Handler
</UL>
<BR>[Called By]<UL><LI><a href="#[5]">&gt;&gt;</a>&nbsp;&nbsp;&nbsp;UsageFault_Handler
</UL>
<BR>[Address Reference Count : 1]<UL><LI> arm_startup_nrf52.o(RESET)
</UL>
<P><STRONG><a name="[6]"></a>SVC_Handler</STRONG> (Thumb, 2 bytes, Stack size 0 bytes, arm_startup_nrf52.o(.text))
<BR><BR>[Calls]<UL><LI><a href="#[6]">&gt;&gt;</a>&nbsp;&nbsp;&nbsp;SVC_Handler
</UL>
<BR>[Called By]<UL><LI><a href="#[6]">&gt;&gt;</a>&nbsp;&nbsp;&nbsp;SVC_Handler
</UL>
<BR>[Address Reference Count : 1]<UL><LI> arm_startup_nrf52.o(RESET)
</UL>
<P><STRONG><a name="[7]"></a>DebugMon_Handler</STRONG> (Thumb, 2 bytes, Stack size 0 bytes, arm_startup_nrf52.o(.text))
<BR><BR>[Calls]<UL><LI><a href="#[7]">&gt;&gt;</a>&nbsp;&nbsp;&nbsp;DebugMon_Handler
</UL>
<BR>[Called By]<UL><LI><a href="#[7]">&gt;&gt;</a>&nbsp;&nbsp;&nbsp;DebugMon_Handler
</UL>
<BR>[Address Reference Count : 1]<UL><LI> arm_startup_nrf52.o(RESET)
</UL>
<P><STRONG><a name="[8]"></a>PendSV_Handler</STRONG> (Thumb, 2 bytes, Stack size 0 bytes, arm_startup_nrf52.o(.text))
<BR><BR>[Calls]<UL><LI><a href="#[8]">&gt;&gt;</a>&nbsp;&nbsp;&nbsp;PendSV_Handler
</UL>
<BR>[Called By]<UL><LI><a href="#[8]">&gt;&gt;</a>&nbsp;&nbsp;&nbsp;PendSV_Handler
</UL>
<BR>[Address Reference Count : 1]<UL><LI> arm_startup_nrf52.o(RESET)
</UL>
<P><STRONG><a name="[9]"></a>SysTick_Handler</STRONG> (Thumb, 2 bytes, Stack size 0 bytes, arm_startup_nrf52.o(.text))
<BR><BR>[Calls]<UL><LI><a href="#[9]">&gt;&gt;</a>&nbsp;&nbsp;&nbsp;SysTick_Handler
</UL>
<BR>[Called By]<UL><LI><a href="#[9]">&gt;&gt;</a>&nbsp;&nbsp;&nbsp;SysTick_Handler
</UL>
<BR>[Address Reference Count : 1]<UL><LI> arm_startup_nrf52.o(RESET)
</UL>
<P><STRONG><a name="[19]"></a>CCM_AAR_IRQHandler</STRONG> (Thumb, 0 bytes, Stack size 0 bytes, arm_startup_nrf52.o(.text))
<BR><BR>[Calls]<UL><LI><a href="#[19]">&gt;&gt;</a>&nbsp;&nbsp;&nbsp;CCM_AAR_IRQHandler
</UL>
<BR>[Called By]<UL><LI><a href="#[19]">&gt;&gt;</a>&nbsp;&nbsp;&nbsp;CCM_AAR_IRQHandler
</UL>
<BR>[Address Reference Count : 1]<UL><LI> arm_startup_nrf52.o(RESET)
</UL>
<P><STRONG><a name="[1d]"></a>COMP_LPCOMP_IRQHandler</STRONG> (Thumb, 0 bytes, Stack size 0 bytes, arm_startup_nrf52.o(.text))
<BR>[Address Reference Count : 1]<UL><LI> arm_startup_nrf52.o(RESET)
</UL>
<P><STRONG><a name="[18]"></a>ECB_IRQHandler</STRONG> (Thumb, 0 bytes, Stack size 0 bytes, arm_startup_nrf52.o(.text))
<BR>[Address Reference Count : 1]<UL><LI> arm_startup_nrf52.o(RESET)
</UL>
<P><STRONG><a name="[2e]"></a>FPU_IRQHandler</STRONG> (Thumb, 0 bytes, Stack size 0 bytes, arm_startup_nrf52.o(.text))
<BR>[Address Reference Count : 1]<UL><LI> arm_startup_nrf52.o(RESET)
</UL>
<P><STRONG><a name="[2d]"></a>I2S_IRQHandler</STRONG> (Thumb, 0 bytes, Stack size 0 bytes, arm_startup_nrf52.o(.text))
<BR>[Address Reference Count : 1]<UL><LI> arm_startup_nrf52.o(RESET)
</UL>
<P><STRONG><a name="[28]"></a>MWU_IRQHandler</STRONG> (Thumb, 0 bytes, Stack size 0 bytes, arm_startup_nrf52.o(.text))
<BR>[Address Reference Count : 1]<UL><LI> arm_startup_nrf52.o(RESET)
</UL>
<P><STRONG><a name="[f]"></a>NFCT_IRQHandler</STRONG> (Thumb, 0 bytes, Stack size 0 bytes, arm_startup_nrf52.o(.text))
<BR>[Address Reference Count : 1]<UL><LI> arm_startup_nrf52.o(RESET)
</UL>
<P><STRONG><a name="[27]"></a>PDM_IRQHandler</STRONG> (Thumb, 0 bytes, Stack size 0 bytes, arm_startup_nrf52.o(.text))
<BR>[Address Reference Count : 1]<UL><LI> arm_startup_nrf52.o(RESET)
</UL>
<P><STRONG><a name="[a]"></a>POWER_CLOCK_IRQHandler</STRONG> (Thumb, 0 bytes, Stack size 0 bytes, arm_startup_nrf52.o(.text))
<BR>[Address Reference Count : 1]<UL><LI> arm_startup_nrf52.o(RESET)
</UL>
<P><STRONG><a name="[26]"></a>PWM0_IRQHandler</STRONG> (Thumb, 0 bytes, Stack size 0 bytes, arm_startup_nrf52.o(.text))
<BR>[Address Reference Count : 1]<UL><LI> arm_startup_nrf52.o(RESET)
</UL>
<P><STRONG><a name="[29]"></a>PWM1_IRQHandler</STRONG> (Thumb, 0 bytes, Stack size 0 bytes, arm_startup_nrf52.o(.text))
<BR>[Address Reference Count : 1]<UL><LI> arm_startup_nrf52.o(RESET)
</UL>
<P><STRONG><a name="[2a]"></a>PWM2_IRQHandler</STRONG> (Thumb, 0 bytes, Stack size 0 bytes, arm_startup_nrf52.o(.text))
<BR>[Address Reference Count : 1]<UL><LI> arm_startup_nrf52.o(RESET)
</UL>
<P><STRONG><a name="[1c]"></a>QDEC_IRQHandler</STRONG> (Thumb, 0 bytes, Stack size 0 bytes, arm_startup_nrf52.o(.text))
<BR>[Address Reference Count : 1]<UL><LI> arm_startup_nrf52.o(RESET)
</UL>
<P><STRONG><a name="[b]"></a>RADIO_IRQHandler</STRONG> (Thumb, 0 bytes, Stack size 0 bytes, arm_startup_nrf52.o(.text))
<BR>[Address Reference Count : 1]<UL><LI> arm_startup_nrf52.o(RESET)
</UL>
<P><STRONG><a name="[17]"></a>RNG_IRQHandler</STRONG> (Thumb, 0 bytes, Stack size 0 bytes, arm_startup_nrf52.o(.text))
<BR>[Address Reference Count : 1]<UL><LI> arm_startup_nrf52.o(RESET)
</UL>
<P><STRONG><a name="[15]"></a>RTC0_IRQHandler</STRONG> (Thumb, 0 bytes, Stack size 0 bytes, arm_startup_nrf52.o(.text))
<BR>[Address Reference Count : 1]<UL><LI> arm_startup_nrf52.o(RESET)
</UL>
<P><STRONG><a name="[2c]"></a>RTC2_IRQHandler</STRONG> (Thumb, 0 bytes, Stack size 0 bytes, arm_startup_nrf52.o(.text))
<BR>[Address Reference Count : 1]<UL><LI> arm_startup_nrf52.o(RESET)
</UL>
<P><STRONG><a name="[d]"></a>SPIM0_SPIS0_TWIM0_TWIS0_SPI0_TWI0_IRQHandler</STRONG> (Thumb, 0 bytes, Stack size 0 bytes, arm_startup_nrf52.o(.text))
<BR>[Address Reference Count : 1]<UL><LI> arm_startup_nrf52.o(RESET)
</UL>
<P><STRONG><a name="[e]"></a>SPIM1_SPIS1_TWIM1_TWIS1_SPI1_TWI1_IRQHandler</STRONG> (Thumb, 0 bytes, Stack size 0 bytes, arm_startup_nrf52.o(.text))
<BR>[Address Reference Count : 1]<UL><LI> arm_startup_nrf52.o(RESET)
</UL>
<P><STRONG><a name="[2b]"></a>SPIM2_SPIS2_SPI2_IRQHandler</STRONG> (Thumb, 0 bytes, Stack size 0 bytes, arm_startup_nrf52.o(.text))
<BR>[Address Reference Count : 1]<UL><LI> arm_startup_nrf52.o(RESET)
</UL>
<P><STRONG><a name="[1f]"></a>SWI1_EGU1_IRQHandler</STRONG> (Thumb, 0 bytes, Stack size 0 bytes, arm_startup_nrf52.o(.text))
<BR>[Address Reference Count : 1]<UL><LI> arm_startup_nrf52.o(RESET)
</UL>
<P><STRONG><a name="[21]"></a>SWI3_EGU3_IRQHandler</STRONG> (Thumb, 0 bytes, Stack size 0 bytes, arm_startup_nrf52.o(.text))
<BR>[Address Reference Count : 1]<UL><LI> arm_startup_nrf52.o(RESET)
</UL>
<P><STRONG><a name="[22]"></a>SWI4_EGU4_IRQHandler</STRONG> (Thumb, 0 bytes, Stack size 0 bytes, arm_startup_nrf52.o(.text))
<BR>[Address Reference Count : 1]<UL><LI> arm_startup_nrf52.o(RESET)
</UL>
<P><STRONG><a name="[23]"></a>SWI5_EGU5_IRQHandler</STRONG> (Thumb, 0 bytes, Stack size 0 bytes, arm_startup_nrf52.o(.text))
<BR>[Address Reference Count : 1]<UL><LI> arm_startup_nrf52.o(RESET)
</UL>
<P><STRONG><a name="[16]"></a>TEMP_IRQHandler</STRONG> (Thumb, 0 bytes, Stack size 0 bytes, arm_startup_nrf52.o(.text))
<BR>[Address Reference Count : 1]<UL><LI> arm_startup_nrf52.o(RESET)
</UL>
<P><STRONG><a name="[12]"></a>TIMER0_IRQHandler</STRONG> (Thumb, 0 bytes, Stack size 0 bytes, arm_startup_nrf52.o(.text))
<BR>[Address Reference Count : 1]<UL><LI> arm_startup_nrf52.o(RESET)
</UL>
<P><STRONG><a name="[13]"></a>TIMER1_IRQHandler</STRONG> (Thumb, 0 bytes, Stack size 0 bytes, arm_startup_nrf52.o(.text))
<BR>[Address Reference Count : 1]<UL><LI> arm_startup_nrf52.o(RESET)
</UL>
<P><STRONG><a name="[14]"></a>TIMER2_IRQHandler</STRONG> (Thumb, 0 bytes, Stack size 0 bytes, arm_startup_nrf52.o(.text))
<BR>[Address Reference Count : 1]<UL><LI> arm_startup_nrf52.o(RESET)
</UL>
<P><STRONG><a name="[24]"></a>TIMER3_IRQHandler</STRONG> (Thumb, 0 bytes, Stack size 0 bytes, arm_startup_nrf52.o(.text))
<BR>[Address Reference Count : 1]<UL><LI> arm_startup_nrf52.o(RESET)
</UL>
<P><STRONG><a name="[25]"></a>TIMER4_IRQHandler</STRONG> (Thumb, 0 bytes, Stack size 0 bytes, arm_startup_nrf52.o(.text))
<BR>[Address Reference Count : 1]<UL><LI> arm_startup_nrf52.o(RESET)
</UL>
<P><STRONG><a name="[1a]"></a>WDT_IRQHandler</STRONG> (Thumb, 0 bytes, Stack size 0 bytes, arm_startup_nrf52.o(.text))
<BR>[Address Reference Count : 1]<UL><LI> arm_startup_nrf52.o(RESET)
</UL>
<P><STRONG><a name="[f4]"></a>__aeabi_memcpy</STRONG> (Thumb, 36 bytes, Stack size 0 bytes, memcpya.o(.text))
<BR><BR>[Called By]<UL><LI><a href="#[7f]">&gt;&gt;</a>&nbsp;&nbsp;&nbsp;service_data_encode
<LI><a href="#[7e]">&gt;&gt;</a>&nbsp;&nbsp;&nbsp;manuf_specific_data_encode
<LI><a href="#[c2]">&gt;&gt;</a>&nbsp;&nbsp;&nbsp;pstorage_load
</UL>

<P><STRONG><a name="[a8]"></a>__aeabi_memcpy4</STRONG> (Thumb, 0 bytes, Stack size 0 bytes, memcpya.o(.text))
<BR><BR>[Called By]<UL><LI><a href="#[a7]">&gt;&gt;</a>&nbsp;&nbsp;&nbsp;ble_conn_params_init
<LI><a href="#[4b]">&gt;&gt;</a>&nbsp;&nbsp;&nbsp;gatts_context_store
</UL>

<P><STRONG><a name="[113]"></a>__aeabi_memcpy8</STRONG> (Thumb, 0 bytes, Stack size 0 bytes, memcpya.o(.text), UNUSED)

<P><STRONG><a name="[64]"></a>__aeabi_memset</STRONG> (Thumb, 14 bytes, Stack size 0 bytes, memseta.o(.text))
<BR><BR>[Called By]<UL><LI><a href="#[65]">&gt;&gt;</a>&nbsp;&nbsp;&nbsp;_memset$wrapper
<LI><a href="#[63]">&gt;&gt;</a>&nbsp;&nbsp;&nbsp;__aeabi_memclr
</UL>

<P><STRONG><a name="[114]"></a>__aeabi_memset4</STRONG> (Thumb, 0 bytes, Stack size 0 bytes, memseta.o(.text), UNUSED)

<P><STRONG><a name="[115]"></a>__aeabi_memset8</STRONG> (Thumb, 0 bytes, Stack size 0 bytes, memseta.o(.text), UNUSED)

<P><STRONG><a name="[63]"></a>__aeabi_memclr</STRONG> (Thumb, 4 bytes, Stack size 0 bytes, memseta.o(.text))
<BR><BR>[Calls]<UL><LI><a href="#[64]">&gt;&gt;</a>&nbsp;&nbsp;&nbsp;__aeabi_memset
</UL>
<BR>[Called By]<UL><LI><a href="#[dd]">&gt;&gt;</a>&nbsp;&nbsp;&nbsp;peer_instance_init
</UL>

<P><STRONG><a name="[84]"></a>__aeabi_memclr4</STRONG> (Thumb, 0 bytes, Stack size 0 bytes, memseta.o(.text))
<BR><BR>[Called By]<UL><LI><a href="#[b9]">&gt;&gt;</a>&nbsp;&nbsp;&nbsp;softdevice_enable_get_default_config
<LI><a href="#[2f]">&gt;&gt;</a>&nbsp;&nbsp;&nbsp;main
<LI><a href="#[a2]">&gt;&gt;</a>&nbsp;&nbsp;&nbsp;bas_init
<LI><a href="#[86]">&gt;&gt;</a>&nbsp;&nbsp;&nbsp;advertising_start
<LI><a href="#[83]">&gt;&gt;</a>&nbsp;&nbsp;&nbsp;advertising_init
<LI><a href="#[bf]">&gt;&gt;</a>&nbsp;&nbsp;&nbsp;tx_power_level_char_add
<LI><a href="#[8b]">&gt;&gt;</a>&nbsp;&nbsp;&nbsp;alert_level_char_add
<LI><a href="#[8a]">&gt;&gt;</a>&nbsp;&nbsp;&nbsp;alert_level_char_add
<LI><a href="#[a4]">&gt;&gt;</a>&nbsp;&nbsp;&nbsp;battery_level_char_add
</UL>

<P><STRONG><a name="[116]"></a>__aeabi_memclr8</STRONG> (Thumb, 0 bytes, Stack size 0 bytes, memseta.o(.text), UNUSED)

<P><STRONG><a name="[65]"></a>_memset$wrapper</STRONG> (Thumb, 18 bytes, Stack size 8 bytes, memseta.o(.text), UNUSED)
<BR><BR>[Calls]<UL><LI><a href="#[64]">&gt;&gt;</a>&nbsp;&nbsp;&nbsp;__aeabi_memset
</UL>

<P><STRONG><a name="[da]"></a>memcmp</STRONG> (Thumb, 26 bytes, Stack size 12 bytes, memcmp.o(.text))
<BR><BR>[Stack]<UL><LI>Max Depth = 12<LI>Call Chain = memcmp
</UL>
<BR>[Called By]<UL><LI><a href="#[4b]">&gt;&gt;</a>&nbsp;&nbsp;&nbsp;gatts_context_store
<LI><a href="#[40]">&gt;&gt;</a>&nbsp;&nbsp;&nbsp;dm_pstorage_cb_handler
<LI><a href="#[d9]">&gt;&gt;</a>&nbsp;&nbsp;&nbsp;device_instance_find
</UL>

<P><STRONG><a name="[61]"></a>__scatterload</STRONG> (Thumb, 28 bytes, Stack size 0 bytes, init.o(.text))
<BR><BR>[Calls]<UL><LI><a href="#[66]">&gt;&gt;</a>&nbsp;&nbsp;&nbsp;__main_after_scatterload
</UL>
<BR>[Called By]<UL><LI><a href="#[60]">&gt;&gt;</a>&nbsp;&nbsp;&nbsp;_main_scatterload
</UL>

<P><STRONG><a name="[117]"></a>__scatterload_rt2</STRONG> (Thumb, 0 bytes, Stack size 0 bytes, init.o(.text), UNUSED)

<P><STRONG><a name="[10]"></a>GPIOTE_IRQHandler</STRONG> (Thumb, 248 bytes, Stack size 32 bytes, nrf_drv_gpiote.o(i.GPIOTE_IRQHandler))
<BR><BR>[Stack]<UL><LI>Max Depth = 40<LI>Call Chain = GPIOTE_IRQHandler &rArr; nrf_gpiote_event_clear
</UL>
<BR>[Calls]<UL><LI><a href="#[67]">&gt;&gt;</a>&nbsp;&nbsp;&nbsp;nrf_gpiote_event_is_set
<LI><a href="#[68]">&gt;&gt;</a>&nbsp;&nbsp;&nbsp;nrf_gpiote_event_clear
<LI><a href="#[6a]">&gt;&gt;</a>&nbsp;&nbsp;&nbsp;nrf_gpio_cfg_sense_set
<LI><a href="#[69]">&gt;&gt;</a>&nbsp;&nbsp;&nbsp;channel_port_get
</UL>
<BR>[Address Reference Count : 1]<UL><LI> arm_startup_nrf52.o(RESET)
</UL>
<P><STRONG><a name="[1b]"></a>RTC1_IRQHandler</STRONG> (Thumb, 32 bytes, Stack size 0 bytes, app_timer.o(i.RTC1_IRQHandler))
<BR><BR>[Stack]<UL><LI>Max Depth = 40<LI>Call Chain = RTC1_IRQHandler &rArr; timer_timeouts_check &rArr; app_error_handler_bare
</UL>
<BR>[Calls]<UL><LI><a href="#[6b]">&gt;&gt;</a>&nbsp;&nbsp;&nbsp;timer_timeouts_check
</UL>
<BR>[Address Reference Count : 1]<UL><LI> arm_startup_nrf52.o(RESET)
</UL>
<P><STRONG><a name="[11]"></a>SAADC_IRQHandler</STRONG> (Thumb, 346 bytes, Stack size 40 bytes, nrf_drv_saadc.o(i.SAADC_IRQHandler))
<BR><BR>[Stack]<UL><LI>Max Depth = 80<LI>Call Chain = SAADC_IRQHandler &rArr; nrf_drv_saadc_buffer_convert
</UL>
<BR>[Calls]<UL><LI><a href="#[6d]">&gt;&gt;</a>&nbsp;&nbsp;&nbsp;nrf_drv_saadc_buffer_convert
<LI><a href="#[6c]">&gt;&gt;</a>&nbsp;&nbsp;&nbsp;nrf_saadc_event_check
<LI><a href="#[6e]">&gt;&gt;</a>&nbsp;&nbsp;&nbsp;nrf_saadc_channel_input_set
<LI><a href="#[6f]">&gt;&gt;</a>&nbsp;&nbsp;&nbsp;nrf_saadc_buffer_init
</UL>
<BR>[Address Reference Count : 1]<UL><LI> arm_startup_nrf52.o(RESET)
</UL>
<P><STRONG><a name="[1e]"></a>SWI0_EGU0_IRQHandler</STRONG> (Thumb, 4 bytes, Stack size 0 bytes, app_timer.o(i.SWI0_EGU0_IRQHandler))
<BR><BR>[Stack]<UL><LI>Max Depth = 96<LI>Call Chain = SWI0_EGU0_IRQHandler &rArr; timer_list_handler &rArr; compare_reg_update &rArr; rtc1_stop
</UL>
<BR>[Calls]<UL><LI><a href="#[70]">&gt;&gt;</a>&nbsp;&nbsp;&nbsp;timer_list_handler
</UL>
<BR>[Address Reference Count : 1]<UL><LI> arm_startup_nrf52.o(RESET)
</UL>
<P><STRONG><a name="[20]"></a>SWI2_EGU2_IRQHandler</STRONG> (Thumb, 32 bytes, Stack size 8 bytes, softdevice_handler.o(i.SWI2_EGU2_IRQHandler))
<BR><BR>[Stack]<UL><LI>Max Depth = 48<LI>Call Chain = SWI2_EGU2_IRQHandler &rArr; intern_softdevice_events_execute &rArr; app_error_handler_bare
</UL>
<BR>[Calls]<UL><LI><a href="#[71]">&gt;&gt;</a>&nbsp;&nbsp;&nbsp;app_error_handler_bare
<LI><a href="#[72]">&gt;&gt;</a>&nbsp;&nbsp;&nbsp;intern_softdevice_events_execute
</UL>
<BR>[Address Reference Count : 1]<UL><LI> arm_startup_nrf52.o(RESET)
</UL>
<P><STRONG><a name="[30]"></a>SystemInit</STRONG> (Thumb, 654 bytes, Stack size 20 bytes, system_nrf52.o(i.SystemInit))
<BR><BR>[Stack]<UL><LI>Max Depth = 20<LI>Call Chain = SystemInit
</UL>
<BR>[Address Reference Count : 1]<UL><LI> arm_startup_nrf52.o(.text)
</UL>
<P><STRONG><a name="[c]"></a>UARTE0_UART0_IRQHandler</STRONG> (Thumb, 14 bytes, Stack size 0 bytes, nrf_drv_uart.o(i.UARTE0_UART0_IRQHandler))
<BR><BR>[Stack]<UL><LI>Max Depth = 64<LI>Call Chain = UARTE0_UART0_IRQHandler &rArr; uart_irq_handler &rArr; tx_done_event
</UL>
<BR>[Calls]<UL><LI><a href="#[73]">&gt;&gt;</a>&nbsp;&nbsp;&nbsp;uarte_irq_handler
<LI><a href="#[74]">&gt;&gt;</a>&nbsp;&nbsp;&nbsp;uart_irq_handler
</UL>
<BR>[Address Reference Count : 1]<UL><LI> arm_startup_nrf52.o(RESET)
</UL>
<P><STRONG><a name="[118]"></a>__scatterload_copy</STRONG> (Thumb, 14 bytes, Stack size unknown bytes, handlers.o(i.__scatterload_copy), UNUSED)

<P><STRONG><a name="[119]"></a>__scatterload_null</STRONG> (Thumb, 2 bytes, Stack size unknown bytes, handlers.o(i.__scatterload_null), UNUSED)

<P><STRONG><a name="[11a]"></a>__scatterload_zeroinit</STRONG> (Thumb, 14 bytes, Stack size unknown bytes, handlers.o(i.__scatterload_zeroinit), UNUSED)

<P><STRONG><a name="[78]"></a>adv_data_encode</STRONG> (Thumb, 514 bytes, Stack size 48 bytes, ble_advdata.o(i.adv_data_encode))
<BR><BR>[Stack]<UL><LI>Max Depth = 128<LI>Call Chain = adv_data_encode &rArr; uuid_list_encode &rArr; uuid_list_sized_encode
</UL>
<BR>[Calls]<UL><LI><a href="#[7c]">&gt;&gt;</a>&nbsp;&nbsp;&nbsp;uuid_list_encode
<LI><a href="#[7b]">&gt;&gt;</a>&nbsp;&nbsp;&nbsp;uint16_encode
<LI><a href="#[7f]">&gt;&gt;</a>&nbsp;&nbsp;&nbsp;service_data_encode
<LI><a href="#[80]">&gt;&gt;</a>&nbsp;&nbsp;&nbsp;name_encode
<LI><a href="#[7e]">&gt;&gt;</a>&nbsp;&nbsp;&nbsp;manuf_specific_data_encode
<LI><a href="#[79]">&gt;&gt;</a>&nbsp;&nbsp;&nbsp;le_role_encode
<LI><a href="#[7d]">&gt;&gt;</a>&nbsp;&nbsp;&nbsp;conn_int_encode
<LI><a href="#[7a]">&gt;&gt;</a>&nbsp;&nbsp;&nbsp;ble_device_addr_encode
</UL>
<BR>[Called By]<UL><LI><a href="#[85]">&gt;&gt;</a>&nbsp;&nbsp;&nbsp;ble_advdata_set
</UL>

<P><STRONG><a name="[8d]"></a>app_button_enable</STRONG> (Thumb, 32 bytes, Stack size 16 bytes, app_button.o(i.app_button_enable))
<BR><BR>[Stack]<UL><LI>Max Depth = 56<LI>Call Chain = app_button_enable &rArr; nrf_drv_gpiote_in_event_enable &rArr; nrf_gpiote_event_clear
</UL>
<BR>[Calls]<UL><LI><a href="#[8e]">&gt;&gt;</a>&nbsp;&nbsp;&nbsp;nrf_drv_gpiote_in_event_enable
</UL>
<BR>[Called By]<UL><LI><a href="#[ca]">&gt;&gt;</a>&nbsp;&nbsp;&nbsp;bsp_init
</UL>

<P><STRONG><a name="[8f]"></a>app_button_init</STRONG> (Thumb, 96 bytes, Stack size 24 bytes, app_button.o(i.app_button_init))
<BR><BR>[Stack]<UL><LI>Max Depth = 76<LI>Call Chain = app_button_init &rArr; nrf_drv_gpiote_in_init &rArr; channel_port_alloc
</UL>
<BR>[Calls]<UL><LI><a href="#[93]">&gt;&gt;</a>&nbsp;&nbsp;&nbsp;app_timer_create
<LI><a href="#[90]">&gt;&gt;</a>&nbsp;&nbsp;&nbsp;nrf_drv_gpiote_is_init
<LI><a href="#[91]">&gt;&gt;</a>&nbsp;&nbsp;&nbsp;nrf_drv_gpiote_init
<LI><a href="#[92]">&gt;&gt;</a>&nbsp;&nbsp;&nbsp;nrf_drv_gpiote_in_init
</UL>
<BR>[Called By]<UL><LI><a href="#[ca]">&gt;&gt;</a>&nbsp;&nbsp;&nbsp;bsp_init
</UL>

<P><STRONG><a name="[94]"></a>app_error_fault_handler</STRONG> (Thumb, 26 bytes, Stack size 0 bytes, app_error.o(i.app_error_fault_handler))
<BR><BR>[Called By]<UL><LI><a href="#[71]">&gt;&gt;</a>&nbsp;&nbsp;&nbsp;app_error_handler_bare
<LI><a href="#[48]">&gt;&gt;</a>&nbsp;&nbsp;&nbsp;softdevice_fault_handler
</UL>

<P><STRONG><a name="[71]"></a>app_error_handler_bare</STRONG> (Thumb, 20 bytes, Stack size 16 bytes, app_error.o(i.app_error_handler_bare))
<BR><BR>[Stack]<UL><LI>Max Depth = 16<LI>Call Chain = app_error_handler_bare
</UL>
<BR>[Calls]<UL><LI><a href="#[94]">&gt;&gt;</a>&nbsp;&nbsp;&nbsp;app_error_fault_handler
</UL>
<BR>[Called By]<UL><LI><a href="#[ab]">&gt;&gt;</a>&nbsp;&nbsp;&nbsp;dm_ble_evt_handler
<LI><a href="#[32]">&gt;&gt;</a>&nbsp;&nbsp;&nbsp;saadc_event_handler
<LI><a href="#[2f]">&gt;&gt;</a>&nbsp;&nbsp;&nbsp;main
<LI><a href="#[c7]">&gt;&gt;</a>&nbsp;&nbsp;&nbsp;sleep_mode_enter
<LI><a href="#[f3]">&gt;&gt;</a>&nbsp;&nbsp;&nbsp;services_init
<LI><a href="#[46]">&gt;&gt;</a>&nbsp;&nbsp;&nbsp;service_error_handler
<LI><a href="#[b2]">&gt;&gt;</a>&nbsp;&nbsp;&nbsp;on_ble_evt
<LI><a href="#[35]">&gt;&gt;</a>&nbsp;&nbsp;&nbsp;on_bas_evt
<LI><a href="#[ee]">&gt;&gt;</a>&nbsp;&nbsp;&nbsp;gap_params_init
<LI><a href="#[de]">&gt;&gt;</a>&nbsp;&nbsp;&nbsp;device_manager_init
<LI><a href="#[3f]">&gt;&gt;</a>&nbsp;&nbsp;&nbsp;device_manager_evt_handler
<LI><a href="#[43]">&gt;&gt;</a>&nbsp;&nbsp;&nbsp;conn_params_error_handler
<LI><a href="#[42]">&gt;&gt;</a>&nbsp;&nbsp;&nbsp;bsp_event_handler
<LI><a href="#[b7]">&gt;&gt;</a>&nbsp;&nbsp;&nbsp;ble_stack_init
<LI><a href="#[41]">&gt;&gt;</a>&nbsp;&nbsp;&nbsp;battery_level_meas_timeout_handler
<LI><a href="#[a2]">&gt;&gt;</a>&nbsp;&nbsp;&nbsp;bas_init
<LI><a href="#[8c]">&gt;&gt;</a>&nbsp;&nbsp;&nbsp;alert_signal
<LI><a href="#[86]">&gt;&gt;</a>&nbsp;&nbsp;&nbsp;advertising_start
<LI><a href="#[83]">&gt;&gt;</a>&nbsp;&nbsp;&nbsp;advertising_init
<LI><a href="#[75]">&gt;&gt;</a>&nbsp;&nbsp;&nbsp;adc_configure
<LI><a href="#[40]">&gt;&gt;</a>&nbsp;&nbsp;&nbsp;dm_pstorage_cb_handler
<LI><a href="#[72]">&gt;&gt;</a>&nbsp;&nbsp;&nbsp;intern_softdevice_events_execute
<LI><a href="#[20]">&gt;&gt;</a>&nbsp;&nbsp;&nbsp;SWI2_EGU2_IRQHandler
<LI><a href="#[6b]">&gt;&gt;</a>&nbsp;&nbsp;&nbsp;timer_timeouts_check
</UL>

<P><STRONG><a name="[93]"></a>app_timer_create</STRONG> (Thumb, 32 bytes, Stack size 0 bytes, app_timer.o(i.app_timer_create))
<BR><BR>[Called By]<UL><LI><a href="#[8f]">&gt;&gt;</a>&nbsp;&nbsp;&nbsp;app_button_init
<LI><a href="#[ca]">&gt;&gt;</a>&nbsp;&nbsp;&nbsp;bsp_init
<LI><a href="#[a7]">&gt;&gt;</a>&nbsp;&nbsp;&nbsp;ble_conn_params_init
<LI><a href="#[2f]">&gt;&gt;</a>&nbsp;&nbsp;&nbsp;main
</UL>

<P><STRONG><a name="[98]"></a>app_timer_init</STRONG> (Thumb, 134 bytes, Stack size 32 bytes, app_timer.o(i.app_timer_init))
<BR><BR>[Stack]<UL><LI>Max Depth = 48<LI>Call Chain = app_timer_init &rArr; rtc1_stop
</UL>
<BR>[Calls]<UL><LI><a href="#[99]">&gt;&gt;</a>&nbsp;&nbsp;&nbsp;rtc1_stop
<LI><a href="#[9b]">&gt;&gt;</a>&nbsp;&nbsp;&nbsp;NVIC_SetPriority
<LI><a href="#[9c]">&gt;&gt;</a>&nbsp;&nbsp;&nbsp;NVIC_EnableIRQ
<LI><a href="#[9a]">&gt;&gt;</a>&nbsp;&nbsp;&nbsp;NVIC_ClearPendingIRQ
</UL>
<BR>[Called By]<UL><LI><a href="#[2f]">&gt;&gt;</a>&nbsp;&nbsp;&nbsp;main
</UL>

<P><STRONG><a name="[9d]"></a>app_timer_start</STRONG> (Thumb, 118 bytes, Stack size 32 bytes, app_timer.o(i.app_timer_start))
<BR><BR>[Stack]<UL><LI>Max Depth = 32<LI>Call Chain = app_timer_start
</UL>
<BR>[Calls]<UL><LI><a href="#[9f]">&gt;&gt;</a>&nbsp;&nbsp;&nbsp;user_op_alloc
<LI><a href="#[9e]">&gt;&gt;</a>&nbsp;&nbsp;&nbsp;user_id_get
<LI><a href="#[a0]">&gt;&gt;</a>&nbsp;&nbsp;&nbsp;NVIC_SetPendingIRQ
</UL>
<BR>[Called By]<UL><LI><a href="#[aa]">&gt;&gt;</a>&nbsp;&nbsp;&nbsp;conn_params_negotiation
<LI><a href="#[c9]">&gt;&gt;</a>&nbsp;&nbsp;&nbsp;bsp_led_indication
<LI><a href="#[49]">&gt;&gt;</a>&nbsp;&nbsp;&nbsp;bsp_button_event_handler
<LI><a href="#[35]">&gt;&gt;</a>&nbsp;&nbsp;&nbsp;on_bas_evt
<LI><a href="#[33]">&gt;&gt;</a>&nbsp;&nbsp;&nbsp;gpiote_event_handler
</UL>

<P><STRONG><a name="[a1]"></a>app_timer_stop</STRONG> (Thumb, 76 bytes, Stack size 24 bytes, app_timer.o(i.app_timer_stop))
<BR><BR>[Stack]<UL><LI>Max Depth = 24<LI>Call Chain = app_timer_stop
</UL>
<BR>[Calls]<UL><LI><a href="#[9f]">&gt;&gt;</a>&nbsp;&nbsp;&nbsp;user_op_alloc
<LI><a href="#[9e]">&gt;&gt;</a>&nbsp;&nbsp;&nbsp;user_id_get
<LI><a href="#[a0]">&gt;&gt;</a>&nbsp;&nbsp;&nbsp;NVIC_SetPendingIRQ
</UL>
<BR>[Called By]<UL><LI><a href="#[c9]">&gt;&gt;</a>&nbsp;&nbsp;&nbsp;bsp_led_indication
<LI><a href="#[49]">&gt;&gt;</a>&nbsp;&nbsp;&nbsp;bsp_button_event_handler
<LI><a href="#[a9]">&gt;&gt;</a>&nbsp;&nbsp;&nbsp;ble_conn_params_on_ble_evt
<LI><a href="#[35]">&gt;&gt;</a>&nbsp;&nbsp;&nbsp;on_bas_evt
<LI><a href="#[33]">&gt;&gt;</a>&nbsp;&nbsp;&nbsp;gpiote_event_handler
</UL>

<P><STRONG><a name="[85]"></a>ble_advdata_set</STRONG> (Thumb, 104 bytes, Stack size 96 bytes, ble_advdata.o(i.ble_advdata_set))
<BR><BR>[Stack]<UL><LI>Max Depth = 224<LI>Call Chain = ble_advdata_set &rArr; adv_data_encode &rArr; uuid_list_encode &rArr; uuid_list_sized_encode
</UL>
<BR>[Calls]<UL><LI><a href="#[78]">&gt;&gt;</a>&nbsp;&nbsp;&nbsp;adv_data_encode
</UL>
<BR>[Called By]<UL><LI><a href="#[83]">&gt;&gt;</a>&nbsp;&nbsp;&nbsp;advertising_init
</UL>

<P><STRONG><a name="[100]"></a>ble_bas_battery_level_update</STRONG> (Thumb, 122 bytes, Stack size 48 bytes, ble_bas.o(i.ble_bas_battery_level_update))
<BR><BR>[Stack]<UL><LI>Max Depth = 48<LI>Call Chain = ble_bas_battery_level_update
</UL>
<BR>[Called By]<UL><LI><a href="#[32]">&gt;&gt;</a>&nbsp;&nbsp;&nbsp;saadc_event_handler
</UL>

<P><STRONG><a name="[a3]"></a>ble_bas_init</STRONG> (Thumb, 68 bytes, Stack size 16 bytes, ble_bas.o(i.ble_bas_init))
<BR><BR>[Stack]<UL><LI>Max Depth = 120<LI>Call Chain = ble_bas_init &rArr; battery_level_char_add
</UL>
<BR>[Calls]<UL><LI><a href="#[a4]">&gt;&gt;</a>&nbsp;&nbsp;&nbsp;battery_level_char_add
</UL>
<BR>[Called By]<UL><LI><a href="#[a2]">&gt;&gt;</a>&nbsp;&nbsp;&nbsp;bas_init
</UL>

<P><STRONG><a name="[ae]"></a>ble_bas_on_ble_evt</STRONG> (Thumb, 88 bytes, Stack size 8 bytes, ble_bas.o(i.ble_bas_on_ble_evt))
<BR><BR>[Stack]<UL><LI>Max Depth = 8<LI>Call Chain = ble_bas_on_ble_evt
</UL>
<BR>[Called By]<UL><LI><a href="#[37]">&gt;&gt;</a>&nbsp;&nbsp;&nbsp;ble_evt_dispatch
</UL>

<P><STRONG><a name="[a7]"></a>ble_conn_params_init</STRONG> (Thumb, 72 bytes, Stack size 16 bytes, ble_conn_params.o(i.ble_conn_params_init))
<BR><BR>[Stack]<UL><LI>Max Depth = 16<LI>Call Chain = ble_conn_params_init
</UL>
<BR>[Calls]<UL><LI><a href="#[93]">&gt;&gt;</a>&nbsp;&nbsp;&nbsp;app_timer_create
<LI><a href="#[a8]">&gt;&gt;</a>&nbsp;&nbsp;&nbsp;__aeabi_memcpy4
</UL>
<BR>[Called By]<UL><LI><a href="#[2f]">&gt;&gt;</a>&nbsp;&nbsp;&nbsp;main
</UL>

<P><STRONG><a name="[a9]"></a>ble_conn_params_on_ble_evt</STRONG> (Thumb, 126 bytes, Stack size 16 bytes, ble_conn_params.o(i.ble_conn_params_on_ble_evt))
<BR><BR>[Stack]<UL><LI>Max Depth = 72<LI>Call Chain = ble_conn_params_on_ble_evt &rArr; conn_params_negotiation &rArr; app_timer_start
</UL>
<BR>[Calls]<UL><LI><a href="#[aa]">&gt;&gt;</a>&nbsp;&nbsp;&nbsp;conn_params_negotiation
<LI><a href="#[a1]">&gt;&gt;</a>&nbsp;&nbsp;&nbsp;app_timer_stop
</UL>
<BR>[Called By]<UL><LI><a href="#[37]">&gt;&gt;</a>&nbsp;&nbsp;&nbsp;ble_evt_dispatch
</UL>

<P><STRONG><a name="[101]"></a>ble_ias_c_init</STRONG> (Thumb, 40 bytes, Stack size 0 bytes, ble_ias_c.o(i.ble_ias_c_init))
<BR><BR>[Called By]<UL><LI><a href="#[f3]">&gt;&gt;</a>&nbsp;&nbsp;&nbsp;services_init
</UL>

<P><STRONG><a name="[af]"></a>ble_ias_c_on_ble_evt</STRONG> (Thumb, 138 bytes, Stack size 16 bytes, ble_ias_c.o(i.ble_ias_c_on_ble_evt))
<BR><BR>[Stack]<UL><LI>Max Depth = 40<LI>Call Chain = ble_ias_c_on_ble_evt &rArr; on_char_disc_resp
</UL>
<BR>[Calls]<UL><LI><a href="#[b3]">&gt;&gt;</a>&nbsp;&nbsp;&nbsp;on_char_disc_resp
</UL>
<BR>[Called By]<UL><LI><a href="#[37]">&gt;&gt;</a>&nbsp;&nbsp;&nbsp;ble_evt_dispatch
</UL>

<P><STRONG><a name="[c8]"></a>ble_ias_c_send_alert_level</STRONG> (Thumb, 52 bytes, Stack size 32 bytes, ble_ias_c.o(i.ble_ias_c_send_alert_level))
<BR><BR>[Stack]<UL><LI>Max Depth = 32<LI>Call Chain = ble_ias_c_send_alert_level
</UL>
<BR>[Called By]<UL><LI><a href="#[42]">&gt;&gt;</a>&nbsp;&nbsp;&nbsp;bsp_event_handler
</UL>

<P><STRONG><a name="[b4]"></a>ble_ias_init</STRONG> (Thumb, 48 bytes, Stack size 16 bytes, ble_ias.o(i.ble_ias_init))
<BR><BR>[Stack]<UL><LI>Max Depth = 96<LI>Call Chain = ble_ias_init &rArr; alert_level_char_add
</UL>
<BR>[Calls]<UL><LI><a href="#[8a]">&gt;&gt;</a>&nbsp;&nbsp;&nbsp;alert_level_char_add
</UL>
<BR>[Called By]<UL><LI><a href="#[f3]">&gt;&gt;</a>&nbsp;&nbsp;&nbsp;services_init
</UL>

<P><STRONG><a name="[ac]"></a>ble_ias_on_ble_evt</STRONG> (Thumb, 54 bytes, Stack size 8 bytes, ble_ias.o(i.ble_ias_on_ble_evt))
<BR><BR>[Stack]<UL><LI>Max Depth = 8<LI>Call Chain = ble_ias_on_ble_evt
</UL>
<BR>[Called By]<UL><LI><a href="#[37]">&gt;&gt;</a>&nbsp;&nbsp;&nbsp;ble_evt_dispatch
</UL>

<P><STRONG><a name="[b6]"></a>ble_lls_alert_level_get</STRONG> (Thumb, 28 bytes, Stack size 16 bytes, ble_lls.o(i.ble_lls_alert_level_get))
<BR><BR>[Stack]<UL><LI>Max Depth = 16<LI>Call Chain = ble_lls_alert_level_get
</UL>
<BR>[Called By]<UL><LI><a href="#[ad]">&gt;&gt;</a>&nbsp;&nbsp;&nbsp;ble_lls_on_ble_evt
</UL>

<P><STRONG><a name="[b5]"></a>ble_lls_init</STRONG> (Thumb, 58 bytes, Stack size 16 bytes, ble_lls.o(i.ble_lls_init))
<BR><BR>[Stack]<UL><LI>Max Depth = 96<LI>Call Chain = ble_lls_init &rArr; alert_level_char_add
</UL>
<BR>[Calls]<UL><LI><a href="#[8b]">&gt;&gt;</a>&nbsp;&nbsp;&nbsp;alert_level_char_add
</UL>
<BR>[Called By]<UL><LI><a href="#[f3]">&gt;&gt;</a>&nbsp;&nbsp;&nbsp;services_init
</UL>

<P><STRONG><a name="[ad]"></a>ble_lls_on_ble_evt</STRONG> (Thumb, 88 bytes, Stack size 16 bytes, ble_lls.o(i.ble_lls_on_ble_evt))
<BR><BR>[Stack]<UL><LI>Max Depth = 32<LI>Call Chain = ble_lls_on_ble_evt &rArr; ble_lls_alert_level_get
</UL>
<BR>[Calls]<UL><LI><a href="#[b6]">&gt;&gt;</a>&nbsp;&nbsp;&nbsp;ble_lls_alert_level_get
</UL>
<BR>[Called By]<UL><LI><a href="#[37]">&gt;&gt;</a>&nbsp;&nbsp;&nbsp;ble_evt_dispatch
</UL>

<P><STRONG><a name="[a5]"></a>ble_srv_report_ref_encode</STRONG> (Thumb, 12 bytes, Stack size 0 bytes, ble_srv_common.o(i.ble_srv_report_ref_encode))
<BR><BR>[Called By]<UL><LI><a href="#[a4]">&gt;&gt;</a>&nbsp;&nbsp;&nbsp;battery_level_char_add
</UL>

<P><STRONG><a name="[be]"></a>ble_tps_init</STRONG> (Thumb, 42 bytes, Stack size 16 bytes, ble_tps.o(i.ble_tps_init))
<BR><BR>[Stack]<UL><LI>Max Depth = 96<LI>Call Chain = ble_tps_init &rArr; tx_power_level_char_add
</UL>
<BR>[Calls]<UL><LI><a href="#[bf]">&gt;&gt;</a>&nbsp;&nbsp;&nbsp;tx_power_level_char_add
</UL>
<BR>[Called By]<UL><LI><a href="#[f3]">&gt;&gt;</a>&nbsp;&nbsp;&nbsp;services_init
</UL>

<P><STRONG><a name="[b0]"></a>ble_tps_on_ble_evt</STRONG> (Thumb, 12 bytes, Stack size 0 bytes, ble_tps.o(i.ble_tps_on_ble_evt))
<BR><BR>[Called By]<UL><LI><a href="#[37]">&gt;&gt;</a>&nbsp;&nbsp;&nbsp;ble_evt_dispatch
</UL>

<P><STRONG><a name="[c0]"></a>bond_data_load</STRONG> (Thumb, 60 bytes, Stack size 16 bytes, device_manager_peripheral.o(i.bond_data_load))
<BR><BR>[Stack]<UL><LI>Max Depth = 48<LI>Call Chain = bond_data_load &rArr; pstorage_load
</UL>
<BR>[Calls]<UL><LI><a href="#[c2]">&gt;&gt;</a>&nbsp;&nbsp;&nbsp;pstorage_load
<LI><a href="#[c1]">&gt;&gt;</a>&nbsp;&nbsp;&nbsp;pstorage_block_identifier_get
</UL>
<BR>[Called By]<UL><LI><a href="#[ab]">&gt;&gt;</a>&nbsp;&nbsp;&nbsp;dm_ble_evt_handler
</UL>

<P><STRONG><a name="[c3]"></a>bsp_btn_ble_init</STRONG> (Thumb, 72 bytes, Stack size 24 bytes, bsp_btn_ble.o(i.bsp_btn_ble_init))
<BR><BR>[Stack]<UL><LI>Max Depth = 48<LI>Call Chain = bsp_btn_ble_init &rArr; advertising_buttons_configure &rArr; bsp_event_to_button_action_assign
</UL>
<BR>[Calls]<UL><LI><a href="#[81]">&gt;&gt;</a>&nbsp;&nbsp;&nbsp;advertising_buttons_configure
<LI><a href="#[c4]">&gt;&gt;</a>&nbsp;&nbsp;&nbsp;bsp_button_is_pressed
</UL>
<BR>[Called By]<UL><LI><a href="#[2f]">&gt;&gt;</a>&nbsp;&nbsp;&nbsp;main
</UL>

<P><STRONG><a name="[b1]"></a>bsp_btn_ble_on_ble_evt</STRONG> (Thumb, 106 bytes, Stack size 8 bytes, bsp_btn_ble.o(i.bsp_btn_ble_on_ble_evt))
<BR><BR>[Stack]<UL><LI>Max Depth = 32<LI>Call Chain = bsp_btn_ble_on_ble_evt &rArr; advertising_buttons_configure &rArr; bsp_event_to_button_action_assign
</UL>
<BR>[Calls]<UL><LI><a href="#[81]">&gt;&gt;</a>&nbsp;&nbsp;&nbsp;advertising_buttons_configure
<LI><a href="#[82]">&gt;&gt;</a>&nbsp;&nbsp;&nbsp;bsp_event_to_button_action_assign
</UL>
<BR>[Called By]<UL><LI><a href="#[37]">&gt;&gt;</a>&nbsp;&nbsp;&nbsp;ble_evt_dispatch
</UL>

<P><STRONG><a name="[c5]"></a>bsp_btn_ble_sleep_mode_prepare</STRONG> (Thumb, 18 bytes, Stack size 8 bytes, bsp_btn_ble.o(i.bsp_btn_ble_sleep_mode_prepare))
<BR><BR>[Stack]<UL><LI>Max Depth = 24<LI>Call Chain = bsp_btn_ble_sleep_mode_prepare &rArr; bsp_wakeup_buttons_set
</UL>
<BR>[Calls]<UL><LI><a href="#[c6]">&gt;&gt;</a>&nbsp;&nbsp;&nbsp;bsp_wakeup_buttons_set
</UL>
<BR>[Called By]<UL><LI><a href="#[c7]">&gt;&gt;</a>&nbsp;&nbsp;&nbsp;sleep_mode_enter
</UL>

<P><STRONG><a name="[c4]"></a>bsp_button_is_pressed</STRONG> (Thumb, 34 bytes, Stack size 0 bytes, bsp.o(i.bsp_button_is_pressed))
<BR><BR>[Called By]<UL><LI><a href="#[c3]">&gt;&gt;</a>&nbsp;&nbsp;&nbsp;bsp_btn_ble_init
</UL>

<P><STRONG><a name="[82]"></a>bsp_event_to_button_action_assign</STRONG> (Thumb, 64 bytes, Stack size 16 bytes, bsp.o(i.bsp_event_to_button_action_assign))
<BR><BR>[Stack]<UL><LI>Max Depth = 16<LI>Call Chain = bsp_event_to_button_action_assign
</UL>
<BR>[Called By]<UL><LI><a href="#[81]">&gt;&gt;</a>&nbsp;&nbsp;&nbsp;advertising_buttons_configure
<LI><a href="#[ca]">&gt;&gt;</a>&nbsp;&nbsp;&nbsp;bsp_init
<LI><a href="#[b1]">&gt;&gt;</a>&nbsp;&nbsp;&nbsp;bsp_btn_ble_on_ble_evt
</UL>

<P><STRONG><a name="[89]"></a>bsp_indication_set</STRONG> (Thumb, 20 bytes, Stack size 0 bytes, bsp.o(i.bsp_indication_set))
<BR><BR>[Stack]<UL><LI>Max Depth = 72<LI>Call Chain = bsp_indication_set &rArr; bsp_led_indication &rArr; app_timer_start
</UL>
<BR>[Calls]<UL><LI><a href="#[c9]">&gt;&gt;</a>&nbsp;&nbsp;&nbsp;bsp_led_indication
</UL>
<BR>[Called By]<UL><LI><a href="#[c7]">&gt;&gt;</a>&nbsp;&nbsp;&nbsp;sleep_mode_enter
<LI><a href="#[b2]">&gt;&gt;</a>&nbsp;&nbsp;&nbsp;on_ble_evt
<LI><a href="#[42]">&gt;&gt;</a>&nbsp;&nbsp;&nbsp;bsp_event_handler
<LI><a href="#[8c]">&gt;&gt;</a>&nbsp;&nbsp;&nbsp;alert_signal
<LI><a href="#[86]">&gt;&gt;</a>&nbsp;&nbsp;&nbsp;advertising_start
</UL>

<P><STRONG><a name="[ca]"></a>bsp_init</STRONG> (Thumb, 140 bytes, Stack size 16 bytes, bsp.o(i.bsp_init))
<BR><BR>[Stack]<UL><LI>Max Depth = 92<LI>Call Chain = bsp_init &rArr; app_button_init &rArr; nrf_drv_gpiote_in_init &rArr; channel_port_alloc
</UL>
<BR>[Calls]<UL><LI><a href="#[8f]">&gt;&gt;</a>&nbsp;&nbsp;&nbsp;app_button_init
<LI><a href="#[8d]">&gt;&gt;</a>&nbsp;&nbsp;&nbsp;app_button_enable
<LI><a href="#[82]">&gt;&gt;</a>&nbsp;&nbsp;&nbsp;bsp_event_to_button_action_assign
<LI><a href="#[93]">&gt;&gt;</a>&nbsp;&nbsp;&nbsp;app_timer_create
</UL>
<BR>[Called By]<UL><LI><a href="#[2f]">&gt;&gt;</a>&nbsp;&nbsp;&nbsp;main
</UL>

<P><STRONG><a name="[c6]"></a>bsp_wakeup_buttons_set</STRONG> (Thumb, 54 bytes, Stack size 16 bytes, bsp.o(i.bsp_wakeup_buttons_set))
<BR><BR>[Stack]<UL><LI>Max Depth = 16<LI>Call Chain = bsp_wakeup_buttons_set
</UL>
<BR>[Called By]<UL><LI><a href="#[c5]">&gt;&gt;</a>&nbsp;&nbsp;&nbsp;bsp_btn_ble_sleep_mode_prepare
</UL>

<P><STRONG><a name="[ab]"></a>dm_ble_evt_handler</STRONG> (Thumb, 1058 bytes, Stack size 112 bytes, device_manager_peripheral.o(i.dm_ble_evt_handler))
<BR><BR>[Stack]<UL><LI>Max Depth = 248<LI>Call Chain = dm_ble_evt_handler &rArr; device_instance_free &rArr; pstorage_clear &rArr; cmd_queue_enqueue &rArr; cmd_process &rArr; clear_operation_execute &rArr; sm_state_change &rArr;  cmd_process (Cycle)
</UL>
<BR>[Calls]<UL><LI><a href="#[71]">&gt;&gt;</a>&nbsp;&nbsp;&nbsp;app_error_handler_bare
<LI><a href="#[e2]">&gt;&gt;</a>&nbsp;&nbsp;&nbsp;dm_handle_initialize
<LI><a href="#[c0]">&gt;&gt;</a>&nbsp;&nbsp;&nbsp;bond_data_load
<LI><a href="#[dd]">&gt;&gt;</a>&nbsp;&nbsp;&nbsp;peer_instance_init
<LI><a href="#[db]">&gt;&gt;</a>&nbsp;&nbsp;&nbsp;device_instance_free
<LI><a href="#[d9]">&gt;&gt;</a>&nbsp;&nbsp;&nbsp;device_instance_find
<LI><a href="#[d8]">&gt;&gt;</a>&nbsp;&nbsp;&nbsp;device_context_store
<LI><a href="#[e5]">&gt;&gt;</a>&nbsp;&nbsp;&nbsp;connection_instance_init
<LI><a href="#[e3]">&gt;&gt;</a>&nbsp;&nbsp;&nbsp;connection_instance_find
<LI><a href="#[e4]">&gt;&gt;</a>&nbsp;&nbsp;&nbsp;app_evt_notify
</UL>
<BR>[Called By]<UL><LI><a href="#[37]">&gt;&gt;</a>&nbsp;&nbsp;&nbsp;ble_evt_dispatch
</UL>

<P><STRONG><a name="[e2]"></a>dm_handle_initialize</STRONG> (Thumb, 22 bytes, Stack size 0 bytes, device_manager_peripheral.o(i.dm_handle_initialize))
<BR><BR>[Called By]<UL><LI><a href="#[ab]">&gt;&gt;</a>&nbsp;&nbsp;&nbsp;dm_ble_evt_handler
<LI><a href="#[40]">&gt;&gt;</a>&nbsp;&nbsp;&nbsp;dm_pstorage_cb_handler
</UL>

<P><STRONG><a name="[e0]"></a>dm_init</STRONG> (Thumb, 186 bytes, Stack size 40 bytes, device_manager_peripheral.o(i.dm_init))
<BR><BR>[Stack]<UL><LI>Max Depth = 152<LI>Call Chain = dm_init &rArr; pstorage_clear &rArr; cmd_queue_enqueue &rArr; cmd_process &rArr; clear_operation_execute &rArr; sm_state_change &rArr;  cmd_process (Cycle)
</UL>
<BR>[Calls]<UL><LI><a href="#[e6]">&gt;&gt;</a>&nbsp;&nbsp;&nbsp;pstorage_register
<LI><a href="#[c2]">&gt;&gt;</a>&nbsp;&nbsp;&nbsp;pstorage_load
<LI><a href="#[dc]">&gt;&gt;</a>&nbsp;&nbsp;&nbsp;pstorage_clear
<LI><a href="#[c1]">&gt;&gt;</a>&nbsp;&nbsp;&nbsp;pstorage_block_identifier_get
<LI><a href="#[dd]">&gt;&gt;</a>&nbsp;&nbsp;&nbsp;peer_instance_init
<LI><a href="#[e5]">&gt;&gt;</a>&nbsp;&nbsp;&nbsp;connection_instance_init
</UL>
<BR>[Called By]<UL><LI><a href="#[de]">&gt;&gt;</a>&nbsp;&nbsp;&nbsp;device_manager_init
</UL>

<P><STRONG><a name="[e1]"></a>dm_register</STRONG> (Thumb, 92 bytes, Stack size 8 bytes, device_manager_peripheral.o(i.dm_register))
<BR><BR>[Stack]<UL><LI>Max Depth = 8<LI>Call Chain = dm_register
</UL>
<BR>[Called By]<UL><LI><a href="#[de]">&gt;&gt;</a>&nbsp;&nbsp;&nbsp;device_manager_init
</UL>

<P><STRONG><a name="[88]"></a>dm_whitelist_create</STRONG> (Thumb, 152 bytes, Stack size 20 bytes, device_manager_peripheral.o(i.dm_whitelist_create))
<BR><BR>[Stack]<UL><LI>Max Depth = 20<LI>Call Chain = dm_whitelist_create
</UL>
<BR>[Called By]<UL><LI><a href="#[86]">&gt;&gt;</a>&nbsp;&nbsp;&nbsp;advertising_start
</UL>

<P><STRONG><a name="[72]"></a>intern_softdevice_events_execute</STRONG> (Thumb, 106 bytes, Stack size 24 bytes, softdevice_handler.o(i.intern_softdevice_events_execute))
<BR><BR>[Stack]<UL><LI>Max Depth = 40<LI>Call Chain = intern_softdevice_events_execute &rArr; app_error_handler_bare
</UL>
<BR>[Calls]<UL><LI><a href="#[71]">&gt;&gt;</a>&nbsp;&nbsp;&nbsp;app_error_handler_bare
</UL>
<BR>[Called By]<UL><LI><a href="#[20]">&gt;&gt;</a>&nbsp;&nbsp;&nbsp;SWI2_EGU2_IRQHandler
</UL>

<P><STRONG><a name="[2f]"></a>main</STRONG> (Thumb, 186 bytes, Stack size 32 bytes, main.o(i.main))
<BR><BR>[Stack]<UL><LI>Max Depth = 472<LI>Call Chain = main &rArr; advertising_start &rArr; advertising_init &rArr; ble_advdata_set &rArr; adv_data_encode &rArr; uuid_list_encode &rArr; uuid_list_sized_encode
</UL>
<BR>[Calls]<UL><LI><a href="#[ca]">&gt;&gt;</a>&nbsp;&nbsp;&nbsp;bsp_init
<LI><a href="#[c3]">&gt;&gt;</a>&nbsp;&nbsp;&nbsp;bsp_btn_ble_init
<LI><a href="#[a7]">&gt;&gt;</a>&nbsp;&nbsp;&nbsp;ble_conn_params_init
<LI><a href="#[98]">&gt;&gt;</a>&nbsp;&nbsp;&nbsp;app_timer_init
<LI><a href="#[93]">&gt;&gt;</a>&nbsp;&nbsp;&nbsp;app_timer_create
<LI><a href="#[71]">&gt;&gt;</a>&nbsp;&nbsp;&nbsp;app_error_handler_bare
<LI><a href="#[f3]">&gt;&gt;</a>&nbsp;&nbsp;&nbsp;services_init
<LI><a href="#[ee]">&gt;&gt;</a>&nbsp;&nbsp;&nbsp;gap_params_init
<LI><a href="#[de]">&gt;&gt;</a>&nbsp;&nbsp;&nbsp;device_manager_init
<LI><a href="#[b7]">&gt;&gt;</a>&nbsp;&nbsp;&nbsp;ble_stack_init
<LI><a href="#[86]">&gt;&gt;</a>&nbsp;&nbsp;&nbsp;advertising_start
<LI><a href="#[83]">&gt;&gt;</a>&nbsp;&nbsp;&nbsp;advertising_init
<LI><a href="#[75]">&gt;&gt;</a>&nbsp;&nbsp;&nbsp;adc_configure
<LI><a href="#[84]">&gt;&gt;</a>&nbsp;&nbsp;&nbsp;__aeabi_memclr4
</UL>
<BR>[Address Reference Count : 1]<UL><LI> entry9a.o(.ARM.Collect$$$$0000000B)
</UL>
<P><STRONG><a name="[fa]"></a>nrf_drv_common_irq_enable</STRONG> (Thumb, 56 bytes, Stack size 0 bytes, nrf_drv_common.o(i.nrf_drv_common_irq_enable))
<BR><BR>[Called By]<UL><LI><a href="#[76]">&gt;&gt;</a>&nbsp;&nbsp;&nbsp;nrf_drv_saadc_init
<LI><a href="#[91]">&gt;&gt;</a>&nbsp;&nbsp;&nbsp;nrf_drv_gpiote_init
</UL>

<P><STRONG><a name="[8e]"></a>nrf_drv_gpiote_in_event_enable</STRONG> (Thumb, 150 bytes, Stack size 32 bytes, nrf_drv_gpiote.o(i.nrf_drv_gpiote_in_event_enable))
<BR><BR>[Stack]<UL><LI>Max Depth = 40<LI>Call Chain = nrf_drv_gpiote_in_event_enable &rArr; nrf_gpiote_event_clear
</UL>
<BR>[Calls]<UL><LI><a href="#[f6]">&gt;&gt;</a>&nbsp;&nbsp;&nbsp;pin_in_use_by_te
<LI><a href="#[f5]">&gt;&gt;</a>&nbsp;&nbsp;&nbsp;pin_in_use_by_port
<LI><a href="#[68]">&gt;&gt;</a>&nbsp;&nbsp;&nbsp;nrf_gpiote_event_clear
<LI><a href="#[6a]">&gt;&gt;</a>&nbsp;&nbsp;&nbsp;nrf_gpio_cfg_sense_set
<LI><a href="#[69]">&gt;&gt;</a>&nbsp;&nbsp;&nbsp;channel_port_get
</UL>
<BR>[Called By]<UL><LI><a href="#[8d]">&gt;&gt;</a>&nbsp;&nbsp;&nbsp;app_button_enable
</UL>

<P><STRONG><a name="[92]"></a>nrf_drv_gpiote_in_init</STRONG> (Thumb, 170 bytes, Stack size 32 bytes, nrf_drv_gpiote.o(i.nrf_drv_gpiote_in_init))
<BR><BR>[Stack]<UL><LI>Max Depth = 52<LI>Call Chain = nrf_drv_gpiote_in_init &rArr; channel_port_alloc
</UL>
<BR>[Calls]<UL><LI><a href="#[f8]">&gt;&gt;</a>&nbsp;&nbsp;&nbsp;nrf_gpio_cfg
<LI><a href="#[f7]">&gt;&gt;</a>&nbsp;&nbsp;&nbsp;channel_port_alloc
</UL>
<BR>[Called By]<UL><LI><a href="#[8f]">&gt;&gt;</a>&nbsp;&nbsp;&nbsp;app_button_init
</UL>

<P><STRONG><a name="[d7]"></a>nrf_drv_gpiote_in_is_set</STRONG> (Thumb, 16 bytes, Stack size 0 bytes, nrf_drv_gpiote.o(i.nrf_drv_gpiote_in_is_set))
<BR><BR>[Called By]<UL><LI><a href="#[33]">&gt;&gt;</a>&nbsp;&nbsp;&nbsp;gpiote_event_handler
<LI><a href="#[34]">&gt;&gt;</a>&nbsp;&nbsp;&nbsp;detection_delay_timeout_handler
</UL>

<P><STRONG><a name="[91]"></a>nrf_drv_gpiote_init</STRONG> (Thumb, 76 bytes, Stack size 16 bytes, nrf_drv_gpiote.o(i.nrf_drv_gpiote_init))
<BR><BR>[Stack]<UL><LI>Max Depth = 16<LI>Call Chain = nrf_drv_gpiote_init
</UL>
<BR>[Calls]<UL><LI><a href="#[f9]">&gt;&gt;</a>&nbsp;&nbsp;&nbsp;channel_free
<LI><a href="#[fa]">&gt;&gt;</a>&nbsp;&nbsp;&nbsp;nrf_drv_common_irq_enable
</UL>
<BR>[Called By]<UL><LI><a href="#[8f]">&gt;&gt;</a>&nbsp;&nbsp;&nbsp;app_button_init
</UL>

<P><STRONG><a name="[90]"></a>nrf_drv_gpiote_is_init</STRONG> (Thumb, 14 bytes, Stack size 0 bytes, nrf_drv_gpiote.o(i.nrf_drv_gpiote_is_init))
<BR><BR>[Called By]<UL><LI><a href="#[8f]">&gt;&gt;</a>&nbsp;&nbsp;&nbsp;app_button_init
</UL>

<P><STRONG><a name="[6d]"></a>nrf_drv_saadc_buffer_convert</STRONG> (Thumb, 210 bytes, Stack size 40 bytes, nrf_drv_saadc.o(i.nrf_drv_saadc_buffer_convert))
<BR><BR>[Stack]<UL><LI>Max Depth = 40<LI>Call Chain = nrf_drv_saadc_buffer_convert
</UL>
<BR>[Calls]<UL><LI><a href="#[6c]">&gt;&gt;</a>&nbsp;&nbsp;&nbsp;nrf_saadc_event_check
<LI><a href="#[6e]">&gt;&gt;</a>&nbsp;&nbsp;&nbsp;nrf_saadc_channel_input_set
<LI><a href="#[6f]">&gt;&gt;</a>&nbsp;&nbsp;&nbsp;nrf_saadc_buffer_init
</UL>
<BR>[Called By]<UL><LI><a href="#[32]">&gt;&gt;</a>&nbsp;&nbsp;&nbsp;saadc_event_handler
<LI><a href="#[75]">&gt;&gt;</a>&nbsp;&nbsp;&nbsp;adc_configure
<LI><a href="#[11]">&gt;&gt;</a>&nbsp;&nbsp;&nbsp;SAADC_IRQHandler
</UL>

<P><STRONG><a name="[77]"></a>nrf_drv_saadc_channel_init</STRONG> (Thumb, 128 bytes, Stack size 16 bytes, nrf_drv_saadc.o(i.nrf_drv_saadc_channel_init))
<BR><BR>[Stack]<UL><LI>Max Depth = 24<LI>Call Chain = nrf_drv_saadc_channel_init &rArr; input_is_allocated
</UL>
<BR>[Calls]<UL><LI><a href="#[6e]">&gt;&gt;</a>&nbsp;&nbsp;&nbsp;nrf_saadc_channel_input_set
<LI><a href="#[ef]">&gt;&gt;</a>&nbsp;&nbsp;&nbsp;input_is_allocated
<LI><a href="#[f0]">&gt;&gt;</a>&nbsp;&nbsp;&nbsp;input_is_ain
<LI><a href="#[fb]">&gt;&gt;</a>&nbsp;&nbsp;&nbsp;ain_set_allocated
<LI><a href="#[fc]">&gt;&gt;</a>&nbsp;&nbsp;&nbsp;nrf_saadc_channel_init
</UL>
<BR>[Called By]<UL><LI><a href="#[75]">&gt;&gt;</a>&nbsp;&nbsp;&nbsp;adc_configure
</UL>

<P><STRONG><a name="[76]"></a>nrf_drv_saadc_init</STRONG> (Thumb, 86 bytes, Stack size 8 bytes, nrf_drv_saadc.o(i.nrf_drv_saadc_init))
<BR><BR>[Stack]<UL><LI>Max Depth = 8<LI>Call Chain = nrf_drv_saadc_init
</UL>
<BR>[Calls]<UL><LI><a href="#[fa]">&gt;&gt;</a>&nbsp;&nbsp;&nbsp;nrf_drv_common_irq_enable
</UL>
<BR>[Called By]<UL><LI><a href="#[75]">&gt;&gt;</a>&nbsp;&nbsp;&nbsp;adc_configure
</UL>

<P><STRONG><a name="[a6]"></a>nrf_drv_saadc_sample</STRONG> (Thumb, 22 bytes, Stack size 0 bytes, nrf_drv_saadc.o(i.nrf_drv_saadc_sample))
<BR><BR>[Called By]<UL><LI><a href="#[41]">&gt;&gt;</a>&nbsp;&nbsp;&nbsp;battery_level_meas_timeout_handler
</UL>

<P><STRONG><a name="[fc]"></a>nrf_saadc_channel_init</STRONG> (Thumb, 90 bytes, Stack size 8 bytes, nrf_saadc.o(i.nrf_saadc_channel_init))
<BR><BR>[Stack]<UL><LI>Max Depth = 8<LI>Call Chain = nrf_saadc_channel_init
</UL>
<BR>[Called By]<UL><LI><a href="#[77]">&gt;&gt;</a>&nbsp;&nbsp;&nbsp;nrf_drv_saadc_channel_init
</UL>

<P><STRONG><a name="[87]"></a>pstorage_access_status_get</STRONG> (Thumb, 28 bytes, Stack size 0 bytes, pstorage.o(i.pstorage_access_status_get))
<BR><BR>[Called By]<UL><LI><a href="#[86]">&gt;&gt;</a>&nbsp;&nbsp;&nbsp;advertising_start
</UL>

<P><STRONG><a name="[c1]"></a>pstorage_block_identifier_get</STRONG> (Thumb, 66 bytes, Stack size 12 bytes, pstorage.o(i.pstorage_block_identifier_get))
<BR><BR>[Stack]<UL><LI>Max Depth = 12<LI>Call Chain = pstorage_block_identifier_get
</UL>
<BR>[Called By]<UL><LI><a href="#[e0]">&gt;&gt;</a>&nbsp;&nbsp;&nbsp;dm_init
<LI><a href="#[c0]">&gt;&gt;</a>&nbsp;&nbsp;&nbsp;bond_data_load
<LI><a href="#[40]">&gt;&gt;</a>&nbsp;&nbsp;&nbsp;dm_pstorage_cb_handler
<LI><a href="#[db]">&gt;&gt;</a>&nbsp;&nbsp;&nbsp;device_instance_free
<LI><a href="#[d8]">&gt;&gt;</a>&nbsp;&nbsp;&nbsp;device_context_store
</UL>

<P><STRONG><a name="[dc]"></a>pstorage_clear</STRONG> (Thumb, 138 bytes, Stack size 24 bytes, pstorage.o(i.pstorage_clear))
<BR><BR>[Stack]<UL><LI>Max Depth = 112<LI>Call Chain = pstorage_clear &rArr; cmd_queue_enqueue &rArr; cmd_process &rArr; clear_operation_execute &rArr; sm_state_change &rArr;  cmd_process (Cycle)
</UL>
<BR>[Calls]<UL><LI><a href="#[fd]">&gt;&gt;</a>&nbsp;&nbsp;&nbsp;is_word_aligned
<LI><a href="#[d0]">&gt;&gt;</a>&nbsp;&nbsp;&nbsp;cmd_queue_enqueue
</UL>
<BR>[Called By]<UL><LI><a href="#[e0]">&gt;&gt;</a>&nbsp;&nbsp;&nbsp;dm_init
<LI><a href="#[db]">&gt;&gt;</a>&nbsp;&nbsp;&nbsp;device_instance_free
</UL>

<P><STRONG><a name="[df]"></a>pstorage_init</STRONG> (Thumb, 68 bytes, Stack size 16 bytes, pstorage.o(i.pstorage_init))
<BR><BR>[Stack]<UL><LI>Max Depth = 24<LI>Call Chain = pstorage_init &rArr; pstorage_flash_page_end
</UL>
<BR>[Calls]<UL><LI><a href="#[cc]">&gt;&gt;</a>&nbsp;&nbsp;&nbsp;pstorage_flash_page_size
<LI><a href="#[fe]">&gt;&gt;</a>&nbsp;&nbsp;&nbsp;pstorage_flash_page_end
<LI><a href="#[d1]">&gt;&gt;</a>&nbsp;&nbsp;&nbsp;cmd_queue_element_init
</UL>
<BR>[Called By]<UL><LI><a href="#[de]">&gt;&gt;</a>&nbsp;&nbsp;&nbsp;device_manager_init
</UL>

<P><STRONG><a name="[c2]"></a>pstorage_load</STRONG> (Thumb, 148 bytes, Stack size 32 bytes, pstorage.o(i.pstorage_load))
<BR><BR>[Stack]<UL><LI>Max Depth = 32<LI>Call Chain = pstorage_load
</UL>
<BR>[Calls]<UL><LI><a href="#[fd]">&gt;&gt;</a>&nbsp;&nbsp;&nbsp;is_word_aligned
<LI><a href="#[f4]">&gt;&gt;</a>&nbsp;&nbsp;&nbsp;__aeabi_memcpy
</UL>
<BR>[Called By]<UL><LI><a href="#[e0]">&gt;&gt;</a>&nbsp;&nbsp;&nbsp;dm_init
<LI><a href="#[c0]">&gt;&gt;</a>&nbsp;&nbsp;&nbsp;bond_data_load
<LI><a href="#[4f]">&gt;&gt;</a>&nbsp;&nbsp;&nbsp;gatts_context_load
</UL>

<P><STRONG><a name="[e6]"></a>pstorage_register</STRONG> (Thumb, 172 bytes, Stack size 24 bytes, pstorage.o(i.pstorage_register))
<BR><BR>[Stack]<UL><LI>Max Depth = 32<LI>Call Chain = pstorage_register &rArr; pstorage_flash_page_end
</UL>
<BR>[Calls]<UL><LI><a href="#[cc]">&gt;&gt;</a>&nbsp;&nbsp;&nbsp;pstorage_flash_page_size
<LI><a href="#[fe]">&gt;&gt;</a>&nbsp;&nbsp;&nbsp;pstorage_flash_page_end
</UL>
<BR>[Called By]<UL><LI><a href="#[e0]">&gt;&gt;</a>&nbsp;&nbsp;&nbsp;dm_init
</UL>

<P><STRONG><a name="[3e]"></a>pstorage_store</STRONG> (Thumb, 118 bytes, Stack size 24 bytes, pstorage.o(i.pstorage_store))
<BR><BR>[Stack]<UL><LI>Max Depth = 112<LI>Call Chain = pstorage_store &rArr; cmd_queue_enqueue &rArr; cmd_process &rArr; clear_operation_execute &rArr; sm_state_change &rArr;  cmd_process (Cycle)
</UL>
<BR>[Calls]<UL><LI><a href="#[fd]">&gt;&gt;</a>&nbsp;&nbsp;&nbsp;is_word_aligned
<LI><a href="#[d0]">&gt;&gt;</a>&nbsp;&nbsp;&nbsp;cmd_queue_enqueue
</UL>
<BR>[Address Reference Count : 2]<UL><LI> device_manager_peripheral.o(i.device_context_store)
<LI> device_manager_peripheral.o(i.gatts_context_store)
</UL>
<P><STRONG><a name="[ff]"></a>pstorage_sys_event_handler</STRONG> (Thumb, 66 bytes, Stack size 0 bytes, pstorage.o(i.pstorage_sys_event_handler))
<BR><BR>[Stack]<UL><LI>Max Depth = 56<LI>Call Chain = pstorage_sys_event_handler &rArr; flash_operation_success_run &rArr; command_end_procedure_run &rArr; sm_state_change &rArr;  cmd_process (Cycle)
</UL>
<BR>[Calls]<UL><LI><a href="#[d5]">&gt;&gt;</a>&nbsp;&nbsp;&nbsp;swap_sub_state_state_change
<LI><a href="#[97]">&gt;&gt;</a>&nbsp;&nbsp;&nbsp;sm_state_change
<LI><a href="#[e9]">&gt;&gt;</a>&nbsp;&nbsp;&nbsp;flash_operation_success_run
<LI><a href="#[95]">&gt;&gt;</a>&nbsp;&nbsp;&nbsp;app_notify_error_state_transit
</UL>
<BR>[Called By]<UL><LI><a href="#[38]">&gt;&gt;</a>&nbsp;&nbsp;&nbsp;sys_evt_dispatch
</UL>

<P><STRONG><a name="[3d]"></a>pstorage_update</STRONG> (Thumb, 118 bytes, Stack size 24 bytes, pstorage.o(i.pstorage_update))
<BR><BR>[Stack]<UL><LI>Max Depth = 112<LI>Call Chain = pstorage_update &rArr; cmd_queue_enqueue &rArr; cmd_process &rArr; clear_operation_execute &rArr; sm_state_change &rArr;  cmd_process (Cycle)
</UL>
<BR>[Calls]<UL><LI><a href="#[fd]">&gt;&gt;</a>&nbsp;&nbsp;&nbsp;is_word_aligned
<LI><a href="#[d0]">&gt;&gt;</a>&nbsp;&nbsp;&nbsp;cmd_queue_enqueue
</UL>
<BR>[Address Reference Count : 2]<UL><LI> device_manager_peripheral.o(i.device_context_store)
<LI> device_manager_peripheral.o(i.gatts_context_store)
</UL>
<P><STRONG><a name="[32]"></a>saadc_event_handler</STRONG> (Thumb, 236 bytes, Stack size 8 bytes, main.o(i.saadc_event_handler))
<BR><BR>[Stack]<UL><LI>Max Depth = 56<LI>Call Chain = saadc_event_handler &rArr; ble_bas_battery_level_update
</UL>
<BR>[Calls]<UL><LI><a href="#[6d]">&gt;&gt;</a>&nbsp;&nbsp;&nbsp;nrf_drv_saadc_buffer_convert
<LI><a href="#[100]">&gt;&gt;</a>&nbsp;&nbsp;&nbsp;ble_bas_battery_level_update
<LI><a href="#[71]">&gt;&gt;</a>&nbsp;&nbsp;&nbsp;app_error_handler_bare
</UL>
<BR>[Address Reference Count : 1]<UL><LI> main.o(i.adc_configure)
</UL>
<P><STRONG><a name="[ba]"></a>sd_check_ram_start</STRONG> (Thumb, 10 bytes, Stack size 8 bytes, softdevice_handler.o(i.sd_check_ram_start))
<BR><BR>[Stack]<UL><LI>Max Depth = 8<LI>Call Chain = sd_check_ram_start
</UL>
<BR>[Called By]<UL><LI><a href="#[b7]">&gt;&gt;</a>&nbsp;&nbsp;&nbsp;ble_stack_init
</UL>

<P><STRONG><a name="[bc]"></a>softdevice_ble_evt_handler_set</STRONG> (Thumb, 14 bytes, Stack size 0 bytes, softdevice_handler.o(i.softdevice_ble_evt_handler_set))
<BR><BR>[Called By]<UL><LI><a href="#[b7]">&gt;&gt;</a>&nbsp;&nbsp;&nbsp;ble_stack_init
</UL>

<P><STRONG><a name="[bb]"></a>softdevice_enable</STRONG> (Thumb, 14 bytes, Stack size 16 bytes, softdevice_handler.o(i.softdevice_enable))
<BR><BR>[Stack]<UL><LI>Max Depth = 16<LI>Call Chain = softdevice_enable
</UL>
<BR>[Called By]<UL><LI><a href="#[b7]">&gt;&gt;</a>&nbsp;&nbsp;&nbsp;ble_stack_init
</UL>

<P><STRONG><a name="[b9]"></a>softdevice_enable_get_default_config</STRONG> (Thumb, 38 bytes, Stack size 16 bytes, softdevice_handler.o(i.softdevice_enable_get_default_config))
<BR><BR>[Stack]<UL><LI>Max Depth = 16<LI>Call Chain = softdevice_enable_get_default_config
</UL>
<BR>[Calls]<UL><LI><a href="#[84]">&gt;&gt;</a>&nbsp;&nbsp;&nbsp;__aeabi_memclr4
</UL>
<BR>[Called By]<UL><LI><a href="#[b7]">&gt;&gt;</a>&nbsp;&nbsp;&nbsp;ble_stack_init
</UL>

<P><STRONG><a name="[48]"></a>softdevice_fault_handler</STRONG> (Thumb, 4 bytes, Stack size 0 bytes, softdevice_handler.o(i.softdevice_fault_handler))
<BR><BR>[Calls]<UL><LI><a href="#[94]">&gt;&gt;</a>&nbsp;&nbsp;&nbsp;app_error_fault_handler
</UL>
<BR>[Address Reference Count : 1]<UL><LI> softdevice_handler.o(i.softdevice_handler_init)
</UL>
<P><STRONG><a name="[b8]"></a>softdevice_handler_init</STRONG> (Thumb, 38 bytes, Stack size 16 bytes, softdevice_handler.o(i.softdevice_handler_init))
<BR><BR>[Stack]<UL><LI>Max Depth = 16<LI>Call Chain = softdevice_handler_init
</UL>
<BR>[Called By]<UL><LI><a href="#[b7]">&gt;&gt;</a>&nbsp;&nbsp;&nbsp;ble_stack_init
</UL>

<P><STRONG><a name="[bd]"></a>softdevice_sys_evt_handler_set</STRONG> (Thumb, 14 bytes, Stack size 0 bytes, softdevice_handler.o(i.softdevice_sys_evt_handler_set))
<BR><BR>[Called By]<UL><LI><a href="#[b7]">&gt;&gt;</a>&nbsp;&nbsp;&nbsp;ble_stack_init
</UL>
<P>
<H3>
Local Symbols
</H3>
<P><STRONG><a name="[75]"></a>adc_configure</STRONG> (Thumb, 74 bytes, Stack size 16 bytes, main.o(i.adc_configure))
<BR><BR>[Stack]<UL><LI>Max Depth = 56<LI>Call Chain = adc_configure &rArr; nrf_drv_saadc_buffer_convert
</UL>
<BR>[Calls]<UL><LI><a href="#[76]">&gt;&gt;</a>&nbsp;&nbsp;&nbsp;nrf_drv_saadc_init
<LI><a href="#[77]">&gt;&gt;</a>&nbsp;&nbsp;&nbsp;nrf_drv_saadc_channel_init
<LI><a href="#[6d]">&gt;&gt;</a>&nbsp;&nbsp;&nbsp;nrf_drv_saadc_buffer_convert
<LI><a href="#[71]">&gt;&gt;</a>&nbsp;&nbsp;&nbsp;app_error_handler_bare
</UL>
<BR>[Called By]<UL><LI><a href="#[2f]">&gt;&gt;</a>&nbsp;&nbsp;&nbsp;main
</UL>

<P><STRONG><a name="[83]"></a>advertising_init</STRONG> (Thumb, 86 bytes, Stack size 80 bytes, main.o(i.advertising_init))
<BR><BR>[Stack]<UL><LI>Max Depth = 304<LI>Call Chain = advertising_init &rArr; ble_advdata_set &rArr; adv_data_encode &rArr; uuid_list_encode &rArr; uuid_list_sized_encode
</UL>
<BR>[Calls]<UL><LI><a href="#[85]">&gt;&gt;</a>&nbsp;&nbsp;&nbsp;ble_advdata_set
<LI><a href="#[71]">&gt;&gt;</a>&nbsp;&nbsp;&nbsp;app_error_handler_bare
<LI><a href="#[84]">&gt;&gt;</a>&nbsp;&nbsp;&nbsp;__aeabi_memclr4
</UL>
<BR>[Called By]<UL><LI><a href="#[2f]">&gt;&gt;</a>&nbsp;&nbsp;&nbsp;main
<LI><a href="#[86]">&gt;&gt;</a>&nbsp;&nbsp;&nbsp;advertising_start
</UL>

<P><STRONG><a name="[86]"></a>advertising_start</STRONG> (Thumb, 228 bytes, Stack size 136 bytes, main.o(i.advertising_start))
<BR><BR>[Stack]<UL><LI>Max Depth = 440<LI>Call Chain = advertising_start &rArr; advertising_init &rArr; ble_advdata_set &rArr; adv_data_encode &rArr; uuid_list_encode &rArr; uuid_list_sized_encode
</UL>
<BR>[Calls]<UL><LI><a href="#[87]">&gt;&gt;</a>&nbsp;&nbsp;&nbsp;pstorage_access_status_get
<LI><a href="#[88]">&gt;&gt;</a>&nbsp;&nbsp;&nbsp;dm_whitelist_create
<LI><a href="#[89]">&gt;&gt;</a>&nbsp;&nbsp;&nbsp;bsp_indication_set
<LI><a href="#[71]">&gt;&gt;</a>&nbsp;&nbsp;&nbsp;app_error_handler_bare
<LI><a href="#[83]">&gt;&gt;</a>&nbsp;&nbsp;&nbsp;advertising_init
<LI><a href="#[84]">&gt;&gt;</a>&nbsp;&nbsp;&nbsp;__aeabi_memclr4
</UL>
<BR>[Called By]<UL><LI><a href="#[2f]">&gt;&gt;</a>&nbsp;&nbsp;&nbsp;main
<LI><a href="#[38]">&gt;&gt;</a>&nbsp;&nbsp;&nbsp;sys_evt_dispatch
<LI><a href="#[b2]">&gt;&gt;</a>&nbsp;&nbsp;&nbsp;on_ble_evt
</UL>

<P><STRONG><a name="[8c]"></a>alert_signal</STRONG> (Thumb, 40 bytes, Stack size 8 bytes, main.o(i.alert_signal))
<BR><BR>[Stack]<UL><LI>Max Depth = 80<LI>Call Chain = alert_signal &rArr; bsp_indication_set &rArr; bsp_led_indication &rArr; app_timer_start
</UL>
<BR>[Calls]<UL><LI><a href="#[89]">&gt;&gt;</a>&nbsp;&nbsp;&nbsp;bsp_indication_set
<LI><a href="#[71]">&gt;&gt;</a>&nbsp;&nbsp;&nbsp;app_error_handler_bare
</UL>
<BR>[Called By]<UL><LI><a href="#[45]">&gt;&gt;</a>&nbsp;&nbsp;&nbsp;on_lls_evt
<LI><a href="#[44]">&gt;&gt;</a>&nbsp;&nbsp;&nbsp;on_ias_evt
</UL>

<P><STRONG><a name="[a2]"></a>bas_init</STRONG> (Thumb, 124 bytes, Stack size 24 bytes, main.o(i.bas_init))
<BR><BR>[Stack]<UL><LI>Max Depth = 144<LI>Call Chain = bas_init &rArr; ble_bas_init &rArr; battery_level_char_add
</UL>
<BR>[Calls]<UL><LI><a href="#[a3]">&gt;&gt;</a>&nbsp;&nbsp;&nbsp;ble_bas_init
<LI><a href="#[71]">&gt;&gt;</a>&nbsp;&nbsp;&nbsp;app_error_handler_bare
<LI><a href="#[84]">&gt;&gt;</a>&nbsp;&nbsp;&nbsp;__aeabi_memclr4
</UL>
<BR>[Called By]<UL><LI><a href="#[f3]">&gt;&gt;</a>&nbsp;&nbsp;&nbsp;services_init
</UL>

<P><STRONG><a name="[41]"></a>battery_level_meas_timeout_handler</STRONG> (Thumb, 20 bytes, Stack size 8 bytes, main.o(i.battery_level_meas_timeout_handler))
<BR><BR>[Stack]<UL><LI>Max Depth = 24<LI>Call Chain = battery_level_meas_timeout_handler &rArr; app_error_handler_bare
</UL>
<BR>[Calls]<UL><LI><a href="#[a6]">&gt;&gt;</a>&nbsp;&nbsp;&nbsp;nrf_drv_saadc_sample
<LI><a href="#[71]">&gt;&gt;</a>&nbsp;&nbsp;&nbsp;app_error_handler_bare
</UL>
<BR>[Address Reference Count : 1]<UL><LI> main.o(i.main)
</UL>
<P><STRONG><a name="[37]"></a>ble_evt_dispatch</STRONG> (Thumb, 78 bytes, Stack size 8 bytes, main.o(i.ble_evt_dispatch))
<BR><BR>[Stack]<UL><LI>Max Depth = 464<LI>Call Chain = ble_evt_dispatch &rArr; on_ble_evt &rArr; advertising_start &rArr; advertising_init &rArr; ble_advdata_set &rArr; adv_data_encode &rArr; uuid_list_encode &rArr; uuid_list_sized_encode
</UL>
<BR>[Calls]<UL><LI><a href="#[ab]">&gt;&gt;</a>&nbsp;&nbsp;&nbsp;dm_ble_evt_handler
<LI><a href="#[b1]">&gt;&gt;</a>&nbsp;&nbsp;&nbsp;bsp_btn_ble_on_ble_evt
<LI><a href="#[b0]">&gt;&gt;</a>&nbsp;&nbsp;&nbsp;ble_tps_on_ble_evt
<LI><a href="#[ad]">&gt;&gt;</a>&nbsp;&nbsp;&nbsp;ble_lls_on_ble_evt
<LI><a href="#[ac]">&gt;&gt;</a>&nbsp;&nbsp;&nbsp;ble_ias_on_ble_evt
<LI><a href="#[af]">&gt;&gt;</a>&nbsp;&nbsp;&nbsp;ble_ias_c_on_ble_evt
<LI><a href="#[a9]">&gt;&gt;</a>&nbsp;&nbsp;&nbsp;ble_conn_params_on_ble_evt
<LI><a href="#[ae]">&gt;&gt;</a>&nbsp;&nbsp;&nbsp;ble_bas_on_ble_evt
<LI><a href="#[b2]">&gt;&gt;</a>&nbsp;&nbsp;&nbsp;on_ble_evt
</UL>
<BR>[Address Reference Count : 1]<UL><LI> main.o(i.ble_stack_init)
</UL>
<P><STRONG><a name="[b7]"></a>ble_stack_init</STRONG> (Thumb, 92 bytes, Stack size 24 bytes, main.o(i.ble_stack_init))
<BR><BR>[Stack]<UL><LI>Max Depth = 40<LI>Call Chain = ble_stack_init &rArr; softdevice_handler_init
</UL>
<BR>[Calls]<UL><LI><a href="#[bd]">&gt;&gt;</a>&nbsp;&nbsp;&nbsp;softdevice_sys_evt_handler_set
<LI><a href="#[b8]">&gt;&gt;</a>&nbsp;&nbsp;&nbsp;softdevice_handler_init
<LI><a href="#[b9]">&gt;&gt;</a>&nbsp;&nbsp;&nbsp;softdevice_enable_get_default_config
<LI><a href="#[bb]">&gt;&gt;</a>&nbsp;&nbsp;&nbsp;softdevice_enable
<LI><a href="#[bc]">&gt;&gt;</a>&nbsp;&nbsp;&nbsp;softdevice_ble_evt_handler_set
<LI><a href="#[ba]">&gt;&gt;</a>&nbsp;&nbsp;&nbsp;sd_check_ram_start
<LI><a href="#[71]">&gt;&gt;</a>&nbsp;&nbsp;&nbsp;app_error_handler_bare
</UL>
<BR>[Called By]<UL><LI><a href="#[2f]">&gt;&gt;</a>&nbsp;&nbsp;&nbsp;main
</UL>

<P><STRONG><a name="[42]"></a>bsp_event_handler</STRONG> (Thumb, 112 bytes, Stack size 8 bytes, main.o(i.bsp_event_handler))
<BR><BR>[Stack]<UL><LI>Max Depth = 88<LI>Call Chain = bsp_event_handler &rArr; sleep_mode_enter &rArr; bsp_indication_set &rArr; bsp_led_indication &rArr; app_timer_start
</UL>
<BR>[Calls]<UL><LI><a href="#[89]">&gt;&gt;</a>&nbsp;&nbsp;&nbsp;bsp_indication_set
<LI><a href="#[c8]">&gt;&gt;</a>&nbsp;&nbsp;&nbsp;ble_ias_c_send_alert_level
<LI><a href="#[71]">&gt;&gt;</a>&nbsp;&nbsp;&nbsp;app_error_handler_bare
<LI><a href="#[c7]">&gt;&gt;</a>&nbsp;&nbsp;&nbsp;sleep_mode_enter
</UL>
<BR>[Address Reference Count : 1]<UL><LI> main.o(i.main)
</UL>
<P><STRONG><a name="[43]"></a>conn_params_error_handler</STRONG> (Thumb, 4 bytes, Stack size 0 bytes, main.o(i.conn_params_error_handler))
<BR><BR>[Stack]<UL><LI>Max Depth = 16<LI>Call Chain = conn_params_error_handler &rArr; app_error_handler_bare
</UL>
<BR>[Calls]<UL><LI><a href="#[71]">&gt;&gt;</a>&nbsp;&nbsp;&nbsp;app_error_handler_bare
</UL>
<BR>[Address Reference Count : 1]<UL><LI> main.o(i.main)
</UL>
<P><STRONG><a name="[3f]"></a>device_manager_evt_handler</STRONG> (Thumb, 14 bytes, Stack size 8 bytes, main.o(i.device_manager_evt_handler))
<BR><BR>[Stack]<UL><LI>Max Depth = 24<LI>Call Chain = device_manager_evt_handler &rArr; app_error_handler_bare
</UL>
<BR>[Calls]<UL><LI><a href="#[71]">&gt;&gt;</a>&nbsp;&nbsp;&nbsp;app_error_handler_bare
</UL>
<BR>[Address Reference Count : 1]<UL><LI> main.o(i.device_manager_init)
</UL>
<P><STRONG><a name="[de]"></a>device_manager_init</STRONG> (Thumb, 100 bytes, Stack size 24 bytes, main.o(i.device_manager_init))
<BR><BR>[Stack]<UL><LI>Max Depth = 176<LI>Call Chain = device_manager_init &rArr; dm_init &rArr; pstorage_clear &rArr; cmd_queue_enqueue &rArr; cmd_process &rArr; clear_operation_execute &rArr; sm_state_change &rArr;  cmd_process (Cycle)
</UL>
<BR>[Calls]<UL><LI><a href="#[df]">&gt;&gt;</a>&nbsp;&nbsp;&nbsp;pstorage_init
<LI><a href="#[e1]">&gt;&gt;</a>&nbsp;&nbsp;&nbsp;dm_register
<LI><a href="#[e0]">&gt;&gt;</a>&nbsp;&nbsp;&nbsp;dm_init
<LI><a href="#[71]">&gt;&gt;</a>&nbsp;&nbsp;&nbsp;app_error_handler_bare
</UL>
<BR>[Called By]<UL><LI><a href="#[2f]">&gt;&gt;</a>&nbsp;&nbsp;&nbsp;main
</UL>

<P><STRONG><a name="[ee]"></a>gap_params_init</STRONG> (Thumb, 102 bytes, Stack size 16 bytes, main.o(i.gap_params_init))
<BR><BR>[Stack]<UL><LI>Max Depth = 32<LI>Call Chain = gap_params_init &rArr; app_error_handler_bare
</UL>
<BR>[Calls]<UL><LI><a href="#[71]">&gt;&gt;</a>&nbsp;&nbsp;&nbsp;app_error_handler_bare
</UL>
<BR>[Called By]<UL><LI><a href="#[2f]">&gt;&gt;</a>&nbsp;&nbsp;&nbsp;main
</UL>

<P><STRONG><a name="[35]"></a>on_bas_evt</STRONG> (Thumb, 46 bytes, Stack size 8 bytes, main.o(i.on_bas_evt))
<BR><BR>[Stack]<UL><LI>Max Depth = 40<LI>Call Chain = on_bas_evt &rArr; app_timer_start
</UL>
<BR>[Calls]<UL><LI><a href="#[a1]">&gt;&gt;</a>&nbsp;&nbsp;&nbsp;app_timer_stop
<LI><a href="#[9d]">&gt;&gt;</a>&nbsp;&nbsp;&nbsp;app_timer_start
[...]
</UL>
<BR>[Calls]<UL><LI><a href="#[cc]">&gt;&gt;</a>&nbsp;&nbsp;&nbsp;pstorage_flash_page_size
<LI><a href="#[fe]">&gt;&gt;</a>&nbsp;&nbsp;&nbsp;pstorage_flash_page_end
<LI><a href="#[ed]">&gt;&gt;</a>&nbsp;&nbsp;&nbsp;flash_write
</UL>
<BR>[Address Reference Count : 1]<UL><LI> pstorage.o(.constdata)
</UL>
<P><STRONG><a name="[59]"></a>state_restore_tail_entry_run</STRONG> (Thumb, 72 bytes, Stack size 24 bytes, pstorage.o(i.state_restore_tail_entry_run))
<BR><BR>[Stack]<UL><LI>Max Depth = 48<LI>Call Chain = state_restore_tail_entry_run &rArr; flash_write &rArr; flash_api_err_code_process &rArr; app_notify_error_state_transit &rArr;  sm_state_change (Cycle)
</UL>
<BR>[Calls]<UL><LI><a href="#[cc]">&gt;&gt;</a>&nbsp;&nbsp;&nbsp;pstorage_flash_page_size
<LI><a href="#[fe]">&gt;&gt;</a>&nbsp;&nbsp;&nbsp;pstorage_flash_page_end
<LI><a href="#[ed]">&gt;&gt;</a>&nbsp;&nbsp;&nbsp;flash_write
</UL>
<BR>[Address Reference Count : 1]<UL><LI> pstorage.o(.constdata)
</UL>
<P><STRONG><a name="[56]"></a>state_swap_erase_entry_run</STRONG> (Thumb, 30 bytes, Stack size 8 bytes, pstorage.o(i.state_swap_erase_entry_run))
<BR><BR>[Stack]<UL><LI>Max Depth = 32<LI>Call Chain = state_swap_erase_entry_run &rArr; flash_page_erase &rArr; flash_api_err_code_process &rArr; app_notify_error_state_transit &rArr;  sm_state_change (Cycle)
</UL>
<BR>[Calls]<UL><LI><a href="#[cc]">&gt;&gt;</a>&nbsp;&nbsp;&nbsp;pstorage_flash_page_size
<LI><a href="#[fe]">&gt;&gt;</a>&nbsp;&nbsp;&nbsp;pstorage_flash_page_end
<LI><a href="#[ec]">&gt;&gt;</a>&nbsp;&nbsp;&nbsp;flash_page_erase
</UL>
<BR>[Address Reference Count : 1]<UL><LI> pstorage.o(.constdata)
</UL>
<P><STRONG><a name="[57]"></a>state_write_data_swap_entry_run</STRONG> (Thumb, 44 bytes, Stack size 16 bytes, pstorage.o(i.state_write_data_swap_entry_run))
<BR><BR>[Stack]<UL><LI>Max Depth = 40<LI>Call Chain = state_write_data_swap_entry_run &rArr; flash_write &rArr; flash_api_err_code_process &rArr; app_notify_error_state_transit &rArr;  sm_state_change (Cycle)
</UL>
<BR>[Calls]<UL><LI><a href="#[cc]">&gt;&gt;</a>&nbsp;&nbsp;&nbsp;pstorage_flash_page_size
<LI><a href="#[fe]">&gt;&gt;</a>&nbsp;&nbsp;&nbsp;pstorage_flash_page_end
<LI><a href="#[ed]">&gt;&gt;</a>&nbsp;&nbsp;&nbsp;flash_write
</UL>
<BR>[Address Reference Count : 1]<UL><LI> pstorage.o(.constdata)
</UL>
<P><STRONG><a name="[ea]"></a>store_cmd_flash_write_execute</STRONG> (Thumb, 84 bytes, Stack size 16 bytes, pstorage.o(i.store_cmd_flash_write_execute))
<BR><BR>[Stack]<UL><LI>Max Depth = 40<LI>Call Chain = store_cmd_flash_write_execute &rArr; flash_write &rArr; flash_api_err_code_process &rArr; app_notify_error_state_transit &rArr;  sm_state_change (Cycle)
</UL>
<BR>[Calls]<UL><LI><a href="#[cc]">&gt;&gt;</a>&nbsp;&nbsp;&nbsp;pstorage_flash_page_size
<LI><a href="#[ed]">&gt;&gt;</a>&nbsp;&nbsp;&nbsp;flash_write
</UL>
<BR>[Called By]<UL><LI><a href="#[97]">&gt;&gt;</a>&nbsp;&nbsp;&nbsp;sm_state_change
<LI><a href="#[e9]">&gt;&gt;</a>&nbsp;&nbsp;&nbsp;flash_operation_success_run
</UL>

<P><STRONG><a name="[5b]"></a>swap_erase_state_run</STRONG> (Thumb, 18 bytes, Stack size 0 bytes, pstorage.o(i.swap_erase_state_run))
<BR><BR>[Calls]<UL><LI><a href="#[d5]">&gt;&gt;</a>&nbsp;&nbsp;&nbsp;swap_sub_state_state_change
<LI><a href="#[d6]">&gt;&gt;</a>&nbsp;&nbsp;&nbsp;swap_sub_state_err_busy_process
</UL>
<BR>[Address Reference Count : 1]<UL><LI> pstorage.o(.constdata)
</UL>
<P><STRONG><a name="[d6]"></a>swap_sub_state_err_busy_process</STRONG> (Thumb, 16 bytes, Stack size 0 bytes, pstorage.o(i.swap_sub_state_err_busy_process))
<BR><BR>[Calls]<UL><LI><a href="#[d5]">&gt;&gt;</a>&nbsp;&nbsp;&nbsp;swap_sub_state_state_change
</UL>
<BR>[Called By]<UL><LI><a href="#[5e]">&gt;&gt;</a>&nbsp;&nbsp;&nbsp;tail_restore_state_run
<LI><a href="#[5b]">&gt;&gt;</a>&nbsp;&nbsp;&nbsp;swap_erase_state_run
<LI><a href="#[5f]">&gt;&gt;</a>&nbsp;&nbsp;&nbsp;head_restore_state_run
<LI><a href="#[5c]">&gt;&gt;</a>&nbsp;&nbsp;&nbsp;data_to_swap_write_state_run
<LI><a href="#[5d]">&gt;&gt;</a>&nbsp;&nbsp;&nbsp;data_page_erase_state_run
</UL>

<P><STRONG><a name="[d5]"></a>swap_sub_state_state_change</STRONG> (Thumb, 12 bytes, Stack size 0 bytes, pstorage.o(i.swap_sub_state_state_change))
<BR><BR>[Called By]<UL><LI><a href="#[ff]">&gt;&gt;</a>&nbsp;&nbsp;&nbsp;pstorage_sys_event_handler
<LI><a href="#[d6]">&gt;&gt;</a>&nbsp;&nbsp;&nbsp;swap_sub_state_err_busy_process
<LI><a href="#[5b]">&gt;&gt;</a>&nbsp;&nbsp;&nbsp;swap_erase_state_run
<LI><a href="#[102]">&gt;&gt;</a>&nbsp;&nbsp;&nbsp;state_data_erase_swap_entry_run
<LI><a href="#[5f]">&gt;&gt;</a>&nbsp;&nbsp;&nbsp;head_restore_state_run
<LI><a href="#[5c]">&gt;&gt;</a>&nbsp;&nbsp;&nbsp;data_to_swap_write_state_run
<LI><a href="#[5d]">&gt;&gt;</a>&nbsp;&nbsp;&nbsp;data_page_erase_state_run
</UL>

<P><STRONG><a name="[5e]"></a>tail_restore_state_run</STRONG> (Thumb, 16 bytes, Stack size 0 bytes, pstorage.o(i.tail_restore_state_run))
<BR><BR>[Stack]<UL><LI>Max Depth = 48<LI>Call Chain = tail_restore_state_run &rArr; clear_post_processing_run &rArr; command_end_procedure_run &rArr; sm_state_change &rArr;  cmd_process (Cycle)
</UL>
<BR>[Calls]<UL><LI><a href="#[d6]">&gt;&gt;</a>&nbsp;&nbsp;&nbsp;swap_sub_state_err_busy_process
<LI><a href="#[cd]">&gt;&gt;</a>&nbsp;&nbsp;&nbsp;clear_post_processing_run
</UL>
<BR>[Address Reference Count : 1]<UL><LI> pstorage.o(.constdata)
</UL>
<P><STRONG><a name="[f9]"></a>channel_free</STRONG> (Thumb, 22 bytes, Stack size 0 bytes, nrf_drv_gpiote.o(i.channel_free))
<BR><BR>[Called By]<UL><LI><a href="#[91]">&gt;&gt;</a>&nbsp;&nbsp;&nbsp;nrf_drv_gpiote_init
</UL>

<P><STRONG><a name="[f7]"></a>channel_port_alloc</STRONG> (Thumb, 66 bytes, Stack size 20 bytes, nrf_drv_gpiote.o(i.channel_port_alloc))
<BR><BR>[Stack]<UL><LI>Max Depth = 20<LI>Call Chain = channel_port_alloc
</UL>
<BR>[Called By]<UL><LI><a href="#[92]">&gt;&gt;</a>&nbsp;&nbsp;&nbsp;nrf_drv_gpiote_in_init
</UL>

<P><STRONG><a name="[69]"></a>channel_port_get</STRONG> (Thumb, 10 bytes, Stack size 0 bytes, nrf_drv_gpiote.o(i.channel_port_get))
<BR><BR>[Called By]<UL><LI><a href="#[8e]">&gt;&gt;</a>&nbsp;&nbsp;&nbsp;nrf_drv_gpiote_in_event_enable
<LI><a href="#[10]">&gt;&gt;</a>&nbsp;&nbsp;&nbsp;GPIOTE_IRQHandler
</UL>

<P><STRONG><a name="[f8]"></a>nrf_gpio_cfg</STRONG> (Thumb, 34 bytes, Stack size 12 bytes, nrf_drv_gpiote.o(i.nrf_gpio_cfg))
<BR><BR>[Stack]<UL><LI>Max Depth = 12<LI>Call Chain = nrf_gpio_cfg
</UL>
<BR>[Called By]<UL><LI><a href="#[92]">&gt;&gt;</a>&nbsp;&nbsp;&nbsp;nrf_drv_gpiote_in_init
</UL>

<P><STRONG><a name="[6a]"></a>nrf_gpio_cfg_sense_set</STRONG> (Thumb, 28 bytes, Stack size 0 bytes, nrf_drv_gpiote.o(i.nrf_gpio_cfg_sense_set))
<BR><BR>[Called By]<UL><LI><a href="#[8e]">&gt;&gt;</a>&nbsp;&nbsp;&nbsp;nrf_drv_gpiote_in_event_enable
<LI><a href="#[10]">&gt;&gt;</a>&nbsp;&nbsp;&nbsp;GPIOTE_IRQHandler
</UL>

<P><STRONG><a name="[68]"></a>nrf_gpiote_event_clear</STRONG> (Thumb, 16 bytes, Stack size 8 bytes, nrf_drv_gpiote.o(i.nrf_gpiote_event_clear))
<BR><BR>[Stack]<UL><LI>Max Depth = 8<LI>Call Chain = nrf_gpiote_event_clear
</UL>
<BR>[Called By]<UL><LI><a href="#[8e]">&gt;&gt;</a>&nbsp;&nbsp;&nbsp;nrf_drv_gpiote_in_event_enable
<LI><a href="#[10]">&gt;&gt;</a>&nbsp;&nbsp;&nbsp;GPIOTE_IRQHandler
</UL>

<P><STRONG><a name="[67]"></a>nrf_gpiote_event_is_set</STRONG> (Thumb, 12 bytes, Stack size 0 bytes, nrf_drv_gpiote.o(i.nrf_gpiote_event_is_set))
<BR><BR>[Called By]<UL><LI><a href="#[10]">&gt;&gt;</a>&nbsp;&nbsp;&nbsp;GPIOTE_IRQHandler
</UL>

<P><STRONG><a name="[f5]"></a>pin_in_use_by_port</STRONG> (Thumb, 20 bytes, Stack size 0 bytes, nrf_drv_gpiote.o(i.pin_in_use_by_port))
<BR><BR>[Called By]<UL><LI><a href="#[8e]">&gt;&gt;</a>&nbsp;&nbsp;&nbsp;nrf_drv_gpiote_in_event_enable
</UL>

<P><STRONG><a name="[f6]"></a>pin_in_use_by_te</STRONG> (Thumb, 20 bytes, Stack size 0 bytes, nrf_drv_gpiote.o(i.pin_in_use_by_te))
<BR><BR>[Called By]<UL><LI><a href="#[8e]">&gt;&gt;</a>&nbsp;&nbsp;&nbsp;nrf_drv_gpiote_in_event_enable
</UL>

<P><STRONG><a name="[fb]"></a>ain_set_allocated</STRONG> (Thumb, 24 bytes, Stack size 0 bytes, nrf_drv_saadc.o(i.ain_set_allocated))
<BR><BR>[Called By]<UL><LI><a href="#[77]">&gt;&gt;</a>&nbsp;&nbsp;&nbsp;nrf_drv_saadc_channel_init
</UL>

<P><STRONG><a name="[f0]"></a>input_is_ain</STRONG> (Thumb, 14 bytes, Stack size 0 bytes, nrf_drv_saadc.o(i.input_is_ain))
<BR><BR>[Called By]<UL><LI><a href="#[77]">&gt;&gt;</a>&nbsp;&nbsp;&nbsp;nrf_drv_saadc_channel_init
<LI><a href="#[ef]">&gt;&gt;</a>&nbsp;&nbsp;&nbsp;input_is_allocated
</UL>

<P><STRONG><a name="[ef]"></a>input_is_allocated</STRONG> (Thumb, 34 bytes, Stack size 8 bytes, nrf_drv_saadc.o(i.input_is_allocated))
<BR><BR>[Stack]<UL><LI>Max Depth = 8<LI>Call Chain = input_is_allocated
</UL>
<BR>[Calls]<UL><LI><a href="#[f0]">&gt;&gt;</a>&nbsp;&nbsp;&nbsp;input_is_ain
</UL>
<BR>[Called By]<UL><LI><a href="#[77]">&gt;&gt;</a>&nbsp;&nbsp;&nbsp;nrf_drv_saadc_channel_init
</UL>

<P><STRONG><a name="[6f]"></a>nrf_saadc_buffer_init</STRONG> (Thumb, 10 bytes, Stack size 0 bytes, nrf_drv_saadc.o(i.nrf_saadc_buffer_init))
<BR><BR>[Called By]<UL><LI><a href="#[6d]">&gt;&gt;</a>&nbsp;&nbsp;&nbsp;nrf_drv_saadc_buffer_convert
<LI><a href="#[11]">&gt;&gt;</a>&nbsp;&nbsp;&nbsp;SAADC_IRQHandler
</UL>

<P><STRONG><a name="[6e]"></a>nrf_saadc_channel_input_set</STRONG> (Thumb, 16 bytes, Stack size 0 bytes, nrf_drv_saadc.o(i.nrf_saadc_channel_input_set))
<BR><BR>[Called By]<UL><LI><a href="#[77]">&gt;&gt;</a>&nbsp;&nbsp;&nbsp;nrf_drv_saadc_channel_init
<LI><a href="#[6d]">&gt;&gt;</a>&nbsp;&nbsp;&nbsp;nrf_drv_saadc_buffer_convert
<LI><a href="#[11]">&gt;&gt;</a>&nbsp;&nbsp;&nbsp;SAADC_IRQHandler
</UL>

<P><STRONG><a name="[6c]"></a>nrf_saadc_event_check</STRONG> (Thumb, 12 bytes, Stack size 0 bytes, nrf_drv_saadc.o(i.nrf_saadc_event_check))
<BR><BR>[Called By]<UL><LI><a href="#[6d]">&gt;&gt;</a>&nbsp;&nbsp;&nbsp;nrf_drv_saadc_buffer_convert
<LI><a href="#[11]">&gt;&gt;</a>&nbsp;&nbsp;&nbsp;SAADC_IRQHandler
</UL>

<P><STRONG><a name="[106]"></a>nrf_uart_event_check</STRONG> (Thumb, 10 bytes, Stack size 0 bytes, nrf_drv_uart.o(i.nrf_uart_event_check))
<BR><BR>[Called By]<UL><LI><a href="#[74]">&gt;&gt;</a>&nbsp;&nbsp;&nbsp;uart_irq_handler
</UL>

<P><STRONG><a name="[105]"></a>nrf_uart_int_enable_check</STRONG> (Thumb, 12 bytes, Stack size 0 bytes, nrf_drv_uart.o(i.nrf_uart_int_enable_check))
<BR><BR>[Called By]<UL><LI><a href="#[74]">&gt;&gt;</a>&nbsp;&nbsp;&nbsp;uart_irq_handler
</UL>

<P><STRONG><a name="[10b]"></a>nrf_uarte_event_check</STRONG> (Thumb, 10 bytes, Stack size 0 bytes, nrf_drv_uart.o(i.nrf_uarte_event_check))
<BR><BR>[Called By]<UL><LI><a href="#[73]">&gt;&gt;</a>&nbsp;&nbsp;&nbsp;uarte_irq_handler
</UL>

<P><STRONG><a name="[107]"></a>rx_byte</STRONG> (Thumb, 38 bytes, Stack size 0 bytes, nrf_drv_uart.o(i.rx_byte))
<BR><BR>[Called By]<UL><LI><a href="#[74]">&gt;&gt;</a>&nbsp;&nbsp;&nbsp;uart_irq_handler
</UL>

<P><STRONG><a name="[108]"></a>rx_done_event</STRONG> (Thumb, 26 bytes, Stack size 24 bytes, nrf_drv_uart.o(i.rx_done_event))
<BR><BR>[Stack]<UL><LI>Max Depth = 24<LI>Call Chain = rx_done_event
</UL>
<BR>[Called By]<UL><LI><a href="#[73]">&gt;&gt;</a>&nbsp;&nbsp;&nbsp;uarte_irq_handler
<LI><a href="#[74]">&gt;&gt;</a>&nbsp;&nbsp;&nbsp;uart_irq_handler
</UL>

<P><STRONG><a name="[109]"></a>tx_byte</STRONG> (Thumb, 28 bytes, Stack size 0 bytes, nrf_drv_uart.o(i.tx_byte))
<BR><BR>[Called By]<UL><LI><a href="#[74]">&gt;&gt;</a>&nbsp;&nbsp;&nbsp;uart_irq_handler
</UL>

<P><STRONG><a name="[10a]"></a>tx_done_event</STRONG> (Thumb, 30 bytes, Stack size 24 bytes, nrf_drv_uart.o(i.tx_done_event))
<BR><BR>[Stack]<UL><LI>Max Depth = 24<LI>Call Chain = tx_done_event
</UL>
<BR>[Called By]<UL><LI><a href="#[73]">&gt;&gt;</a>&nbsp;&nbsp;&nbsp;uarte_irq_handler
<LI><a href="#[74]">&gt;&gt;</a>&nbsp;&nbsp;&nbsp;uart_irq_handler
</UL>

<P><STRONG><a name="[74]"></a>uart_irq_handler</STRONG> (Thumb, 254 bytes, Stack size 40 bytes, nrf_drv_uart.o(i.uart_irq_handler))
<BR><BR>[Stack]<UL><LI>Max Depth = 64<LI>Call Chain = uart_irq_handler &rArr; tx_done_event
</UL>
<BR>[Calls]<UL><LI><a href="#[10a]">&gt;&gt;</a>&nbsp;&nbsp;&nbsp;tx_done_event
<LI><a href="#[109]">&gt;&gt;</a>&nbsp;&nbsp;&nbsp;tx_byte
<LI><a href="#[108]">&gt;&gt;</a>&nbsp;&nbsp;&nbsp;rx_done_event
<LI><a href="#[107]">&gt;&gt;</a>&nbsp;&nbsp;&nbsp;rx_byte
<LI><a href="#[105]">&gt;&gt;</a>&nbsp;&nbsp;&nbsp;nrf_uart_int_enable_check
<LI><a href="#[106]">&gt;&gt;</a>&nbsp;&nbsp;&nbsp;nrf_uart_event_check
</UL>
<BR>[Called By]<UL><LI><a href="#[c]">&gt;&gt;</a>&nbsp;&nbsp;&nbsp;UARTE0_UART0_IRQHandler
</UL>

<P><STRONG><a name="[73]"></a>uarte_irq_handler</STRONG> (Thumb, 206 bytes, Stack size 32 bytes, nrf_drv_uart.o(i.uarte_irq_handler))
<BR><BR>[Stack]<UL><LI>Max Depth = 56<LI>Call Chain = uarte_irq_handler &rArr; tx_done_event
</UL>
<BR>[Calls]<UL><LI><a href="#[10a]">&gt;&gt;</a>&nbsp;&nbsp;&nbsp;tx_done_event
<LI><a href="#[108]">&gt;&gt;</a>&nbsp;&nbsp;&nbsp;rx_done_event
<LI><a href="#[10b]">&gt;&gt;</a>&nbsp;&nbsp;&nbsp;nrf_uarte_event_check
</UL>
<BR>[Called By]<UL><LI><a href="#[c]">&gt;&gt;</a>&nbsp;&nbsp;&nbsp;UARTE0_UART0_IRQHandler
</UL>

<P><STRONG><a name="[34]"></a>detection_delay_timeout_handler</STRONG> (Thumb, 92 bytes, Stack size 24 bytes, app_button.o(i.detection_delay_timeout_handler))
<BR><BR>[Stack]<UL><LI>Max Depth = 24<LI>Call Chain = detection_delay_timeout_handler
</UL>
<BR>[Calls]<UL><LI><a href="#[d7]">&gt;&gt;</a>&nbsp;&nbsp;&nbsp;nrf_drv_gpiote_in_is_set
</UL>
<BR>[Address Reference Count : 1]<UL><LI> app_button.o(i.app_button_init)
</UL>
<P><STRONG><a name="[33]"></a>gpiote_event_handler</STRONG> (Thumb, 78 bytes, Stack size 24 bytes, app_button.o(i.gpiote_event_handler))
<BR><BR>[Stack]<UL><LI>Max Depth = 56<LI>Call Chain = gpiote_event_handler &rArr; app_timer_start
</UL>
<BR>[Calls]<UL><LI><a href="#[a1]">&gt;&gt;</a>&nbsp;&nbsp;&nbsp;app_timer_stop
<LI><a href="#[9d]">&gt;&gt;</a>&nbsp;&nbsp;&nbsp;app_timer_start
<LI><a href="#[d7]">&gt;&gt;</a>&nbsp;&nbsp;&nbsp;nrf_drv_gpiote_in_is_set
</UL>
<BR>[Address Reference Count : 1]<UL><LI> app_button.o(i.app_button_init)
</UL>
<P><STRONG><a name="[9a]"></a>NVIC_ClearPendingIRQ</STRONG> (Thumb, 22 bytes, Stack size 0 bytes, app_timer.o(i.NVIC_ClearPendingIRQ))
<BR><BR>[Called By]<UL><LI><a href="#[98]">&gt;&gt;</a>&nbsp;&nbsp;&nbsp;app_timer_init
<LI><a href="#[d2]">&gt;&gt;</a>&nbsp;&nbsp;&nbsp;compare_reg_update
</UL>

<P><STRONG><a name="[9c]"></a>NVIC_EnableIRQ</STRONG> (Thumb, 22 bytes, Stack size 0 bytes, app_timer.o(i.NVIC_EnableIRQ))
<BR><BR>[Called By]<UL><LI><a href="#[98]">&gt;&gt;</a>&nbsp;&nbsp;&nbsp;app_timer_init
<LI><a href="#[d2]">&gt;&gt;</a>&nbsp;&nbsp;&nbsp;compare_reg_update
</UL>

<P><STRONG><a name="[a0]"></a>NVIC_SetPendingIRQ</STRONG> (Thumb, 22 bytes, Stack size 0 bytes, app_timer.o(i.NVIC_SetPendingIRQ))
<BR><BR>[Called By]<UL><LI><a href="#[a1]">&gt;&gt;</a>&nbsp;&nbsp;&nbsp;app_timer_stop
<LI><a href="#[9d]">&gt;&gt;</a>&nbsp;&nbsp;&nbsp;app_timer_start
<LI><a href="#[6b]">&gt;&gt;</a>&nbsp;&nbsp;&nbsp;timer_timeouts_check
<LI><a href="#[d2]">&gt;&gt;</a>&nbsp;&nbsp;&nbsp;compare_reg_update
</UL>

<P><STRONG><a name="[9b]"></a>NVIC_SetPriority</STRONG> (Thumb, 32 bytes, Stack size 0 bytes, app_timer.o(i.NVIC_SetPriority))
<BR><BR>[Called By]<UL><LI><a href="#[98]">&gt;&gt;</a>&nbsp;&nbsp;&nbsp;app_timer_init
</UL>

<P><STRONG><a name="[d2]"></a>compare_reg_update</STRONG> (Thumb, 160 bytes, Stack size 40 bytes, app_timer.o(i.compare_reg_update))
<BR><BR>[Stack]<UL><LI>Max Depth = 56<LI>Call Chain = compare_reg_update &rArr; rtc1_stop
</UL>
<BR>[Calls]<UL><LI><a href="#[62]">&gt;&gt;</a>&nbsp;&nbsp;&nbsp;__asm___11_app_timer_c_cd27f9c3__nrf_delay_us
<LI><a href="#[99]">&gt;&gt;</a>&nbsp;&nbsp;&nbsp;rtc1_stop
<LI><a href="#[a0]">&gt;&gt;</a>&nbsp;&nbsp;&nbsp;NVIC_SetPendingIRQ
<LI><a href="#[9c]">&gt;&gt;</a>&nbsp;&nbsp;&nbsp;NVIC_EnableIRQ
<LI><a href="#[9a]">&gt;&gt;</a>&nbsp;&nbsp;&nbsp;NVIC_ClearPendingIRQ
</UL>
<BR>[Called By]<UL><LI><a href="#[70]">&gt;&gt;</a>&nbsp;&nbsp;&nbsp;timer_list_handler
</UL>

<P><STRONG><a name="[103]"></a>elapsed_ticks_acquire</STRONG> (Thumb, 58 bytes, Stack size 8 bytes, app_timer.o(i.elapsed_ticks_acquire))
<BR><BR>[Stack]<UL><LI>Max Depth = 8<LI>Call Chain = elapsed_ticks_acquire
</UL>
<BR>[Called By]<UL><LI><a href="#[70]">&gt;&gt;</a>&nbsp;&nbsp;&nbsp;timer_list_handler
</UL>

<P><STRONG><a name="[104]"></a>list_deletions_handler</STRONG> (Thumb, 178 bytes, Stack size 32 bytes, app_timer.o(i.list_deletions_handler))
<BR><BR>[Stack]<UL><LI>Max Depth = 32<LI>Call Chain = list_deletions_handler
</UL>
<BR>[Called By]<UL><LI><a href="#[70]">&gt;&gt;</a>&nbsp;&nbsp;&nbsp;timer_list_handler
</UL>

<P><STRONG><a name="[f1]"></a>list_insertions_handler</STRONG> (Thumb, 196 bytes, Stack size 32 bytes, app_timer.o(i.list_insertions_handler))
<BR><BR>[Stack]<UL><LI>Max Depth = 40<LI>Call Chain = list_insertions_handler &rArr; timer_list_insert
</UL>
<BR>[Calls]<UL><LI><a href="#[f2]">&gt;&gt;</a>&nbsp;&nbsp;&nbsp;timer_list_insert
</UL>
<BR>[Called By]<UL><LI><a href="#[70]">&gt;&gt;</a>&nbsp;&nbsp;&nbsp;timer_list_handler
</UL>

<P><STRONG><a name="[99]"></a>rtc1_stop</STRONG> (Thumb, 52 bytes, Stack size 16 bytes, app_timer.o(i.rtc1_stop))
<BR><BR>[Stack]<UL><LI>Max Depth = 16<LI>Call Chain = rtc1_stop
</UL>
<BR>[Calls]<UL><LI><a href="#[62]">&gt;&gt;</a>&nbsp;&nbsp;&nbsp;__asm___11_app_timer_c_cd27f9c3__nrf_delay_us
</UL>
<BR>[Called By]<UL><LI><a href="#[98]">&gt;&gt;</a>&nbsp;&nbsp;&nbsp;app_timer_init
<LI><a href="#[d2]">&gt;&gt;</a>&nbsp;&nbsp;&nbsp;compare_reg_update
</UL>

<P><STRONG><a name="[70]"></a>timer_list_handler</STRONG> (Thumb, 134 bytes, Stack size 40 bytes, app_timer.o(i.timer_list_handler))
<BR><BR>[Stack]<UL><LI>Max Depth = 96<LI>Call Chain = timer_list_handler &rArr; compare_reg_update &rArr; rtc1_stop
</UL>
<BR>[Calls]<UL><LI><a href="#[f1]">&gt;&gt;</a>&nbsp;&nbsp;&nbsp;list_insertions_handler
<LI><a href="#[104]">&gt;&gt;</a>&nbsp;&nbsp;&nbsp;list_deletions_handler
<LI><a href="#[103]">&gt;&gt;</a>&nbsp;&nbsp;&nbsp;elapsed_ticks_acquire
<LI><a href="#[d2]">&gt;&gt;</a>&nbsp;&nbsp;&nbsp;compare_reg_update
</UL>
<BR>[Called By]<UL><LI><a href="#[1e]">&gt;&gt;</a>&nbsp;&nbsp;&nbsp;SWI0_EGU0_IRQHandler
</UL>

<P><STRONG><a name="[f2]"></a>timer_list_insert</STRONG> (Thumb, 56 bytes, Stack size 8 bytes, app_timer.o(i.timer_list_insert))
<BR><BR>[Stack]<UL><LI>Max Depth = 8<LI>Call Chain = timer_list_insert
</UL>
<BR>[Called By]<UL><LI><a href="#[f1]">&gt;&gt;</a>&nbsp;&nbsp;&nbsp;list_insertions_handler
</UL>

<P><STRONG><a name="[6b]"></a>timer_timeouts_check</STRONG> (Thumb, 124 bytes, Stack size 24 bytes, app_timer.o(i.timer_timeouts_check))
<BR><BR>[Stack]<UL><LI>Max Depth = 40<LI>Call Chain = timer_timeouts_check &rArr; app_error_handler_bare
</UL>
<BR>[Calls]<UL><LI><a href="#[71]">&gt;&gt;</a>&nbsp;&nbsp;&nbsp;app_error_handler_bare
<LI><a href="#[a0]">&gt;&gt;</a>&nbsp;&nbsp;&nbsp;NVIC_SetPendingIRQ
</UL>
<BR>[Called By]<UL><LI><a href="#[1b]">&gt;&gt;</a>&nbsp;&nbsp;&nbsp;RTC1_IRQHandler
</UL>

<P><STRONG><a name="[9e]"></a>user_id_get</STRONG> (Thumb, 62 bytes, Stack size 0 bytes, app_timer.o(i.user_id_get))
<BR><BR>[Called By]<UL><LI><a href="#[a1]">&gt;&gt;</a>&nbsp;&nbsp;&nbsp;app_timer_stop
<LI><a href="#[9d]">&gt;&gt;</a>&nbsp;&nbsp;&nbsp;app_timer_start
</UL>

<P><STRONG><a name="[9f]"></a>user_op_alloc</STRONG> (Thumb, 40 bytes, Stack size 0 bytes, app_timer.o(i.user_op_alloc))
<BR><BR>[Called By]<UL><LI><a href="#[a1]">&gt;&gt;</a>&nbsp;&nbsp;&nbsp;app_timer_stop
<LI><a href="#[9d]">&gt;&gt;</a>&nbsp;&nbsp;&nbsp;app_timer_start
</UL>
<P>
<H3>
Undefined Global Symbols
</H3><HR></body></html>
