Archive member included to satisfy reference by file (symbol)

c:/program files (x86)/gnu tools arm embedded/6 2017-q1-update/bin/../lib/gcc/arm-none-eabi/6.3.1/../../../../arm-none-eabi/lib/thumb/v7e-m/fpv4-sp/hard\libc_nano.a(lib_a-exit.o)
                              c:/program files (x86)/gnu tools arm embedded/6 2017-q1-update/bin/../lib/gcc/arm-none-eabi/6.3.1/../../../../arm-none-eabi/lib/thumb/v7e-m/fpv4-sp/hard/crt0.o (exit)
c:/program files (x86)/gnu tools arm embedded/6 2017-q1-update/bin/../lib/gcc/arm-none-eabi/6.3.1/../../../../arm-none-eabi/lib/thumb/v7e-m/fpv4-sp/hard\libc_nano.a(lib_a-impure.o)
                              c:/program files (x86)/gnu tools arm embedded/6 2017-q1-update/bin/../lib/gcc/arm-none-eabi/6.3.1/../../../../arm-none-eabi/lib/thumb/v7e-m/fpv4-sp/hard\libc_nano.a(lib_a-exit.o) (_global_impure_ptr)
c:/program files (x86)/gnu tools arm embedded/6 2017-q1-update/bin/../lib/gcc/arm-none-eabi/6.3.1/../../../../arm-none-eabi/lib/thumb/v7e-m/fpv4-sp/hard\libc_nano.a(lib_a-init.o)
                              c:/program files (x86)/gnu tools arm embedded/6 2017-q1-update/bin/../lib/gcc/arm-none-eabi/6.3.1/../../../../arm-none-eabi/lib/thumb/v7e-m/fpv4-sp/hard/crt0.o (__libc_init_array)
c:/program files (x86)/gnu tools arm embedded/6 2017-q1-update/bin/../lib/gcc/arm-none-eabi/6.3.1/../../../../arm-none-eabi/lib/thumb/v7e-m/fpv4-sp/hard\libc_nano.a(lib_a-memset.o)
                              c:/program files (x86)/gnu tools arm embedded/6 2017-q1-update/bin/../lib/gcc/arm-none-eabi/6.3.1/../../../../arm-none-eabi/lib/thumb/v7e-m/fpv4-sp/hard/crt0.o (memset)
c:/program files (x86)/gnu tools arm embedded/6 2017-q1-update/bin/../lib/gcc/arm-none-eabi/6.3.1/../../../../arm-none-eabi/lib/thumb/v7e-m/fpv4-sp/hard\libnosys.a(_exit.o)
                              c:/program files (x86)/gnu tools arm embedded/6 2017-q1-update/bin/../lib/gcc/arm-none-eabi/6.3.1/../../../../arm-none-eabi/lib/thumb/v7e-m/fpv4-sp/hard\libc_nano.a(lib_a-exit.o) (_exit)
c:/program files (x86)/gnu tools arm embedded/6 2017-q1-update/bin/../lib/gcc/arm-none-eabi/6.3.1/../../../../arm-none-eabi/lib/thumb/v7e-m/fpv4-sp/hard\libc_nano.a(lib_a-memcpy-stub.o)
                              _build/nrf52832_xxaa_SEGGER_RTT.c.o (memcpy)
c:/program files (x86)/gnu tools arm embedded/6 2017-q1-update/bin/../lib/gcc/arm-none-eabi/6.3.1/../../../../arm-none-eabi/lib/thumb/v7e-m/fpv4-sp/hard\libc_nano.a(lib_a-strcpy.o)
                              _build/nrf52832_xxaa_SEGGER_RTT.c.o (strcpy)
c:/program files (x86)/gnu tools arm embedded/6 2017-q1-update/bin/../lib/gcc/arm-none-eabi/6.3.1/../../../../arm-none-eabi/lib/thumb/v7e-m/fpv4-sp/hard\libc_nano.a(lib_a-strlen.o)
                              _build/nrf52832_xxaa_SEGGER_RTT.c.o (strlen)

Allocating common symbols
Common symbol       size              file

_SEGGER_RTT         0x78              _build/nrf52832_xxaa_SEGGER_RTT.c.o

Discarded input sections

 .text          0x00000000        0x0 c:/program files (x86)/gnu tools arm embedded/6 2017-q1-update/bin/../lib/gcc/arm-none-eabi/6.3.1/thumb/v7e-m/fpv4-sp/hard/crti.o
 .data          0x00000000        0x0 c:/program files (x86)/gnu tools arm embedded/6 2017-q1-update/bin/../lib/gcc/arm-none-eabi/6.3.1/thumb/v7e-m/fpv4-sp/hard/crti.o
 .bss           0x00000000        0x0 c:/program files (x86)/gnu tools arm embedded/6 2017-q1-update/bin/../lib/gcc/arm-none-eabi/6.3.1/thumb/v7e-m/fpv4-sp/hard/crti.o
 .data          0x00000000        0x4 c:/program files (x86)/gnu tools arm embedded/6 2017-q1-update/bin/../lib/gcc/arm-none-eabi/6.3.1/thumb/v7e-m/fpv4-sp/hard/crtbegin.o
 .data          0x00000000        0x0 c:/program files (x86)/gnu tools arm embedded/6 2017-q1-update/bin/../lib/gcc/arm-none-eabi/6.3.1/../../../../arm-none-eabi/lib/thumb/v7e-m/fpv4-sp/hard/crt0.o
 .bss           0x00000000        0x0 c:/program files (x86)/gnu tools arm embedded/6 2017-q1-update/bin/../lib/gcc/arm-none-eabi/6.3.1/../../../../arm-none-eabi/lib/thumb/v7e-m/fpv4-sp/hard/crt0.o
 .ARM.extab     0x00000000        0x0 c:/program files (x86)/gnu tools arm embedded/6 2017-q1-update/bin/../lib/gcc/arm-none-eabi/6.3.1/../../../../arm-none-eabi/lib/thumb/v7e-m/fpv4-sp/hard/crt0.o
 .text          0x00000000        0x0 c:/program files (x86)/gnu tools arm embedded/6 2017-q1-update/bin/../lib/gcc/arm-none-eabi/6.3.1/../../../../arm-none-eabi/lib/thumb/v7e-m/fpv4-sp/hard\libc_nano.a(lib_a-exit.o)
 .data          0x00000000        0x0 c:/program files (x86)/gnu tools arm embedded/6 2017-q1-update/bin/../lib/gcc/arm-none-eabi/6.3.1/../../../../arm-none-eabi/lib/thumb/v7e-m/fpv4-sp/hard\libc_nano.a(lib_a-exit.o)
 .bss           0x00000000        0x0 c:/program files (x86)/gnu tools arm embedded/6 2017-q1-update/bin/../lib/gcc/arm-none-eabi/6.3.1/../../../../arm-none-eabi/lib/thumb/v7e-m/fpv4-sp/hard\libc_nano.a(lib_a-exit.o)
[...]
Memory Configuration

Name             Origin             Length             Attributes
FLASH            0x00000000         0x00080000         xr
RAM              0x20000000         0x00010000         xrw
*default*        0x00000000         0xffffffff

Linker script and memory map


.text           0x00000000     0x1450
 *(.isr_vector)
 .isr_vector    0x00000000      0x400 _build/nrf52832_xxaa_gcc_startup_nrf52.S.o
                0x00000000                __isr_vector
 *(.text*)
 .text          0x00000400       0x6c c:/program files (x86)/gnu tools arm embedded/6 2017-q1-update/bin/../lib/gcc/arm-none-eabi/6.3.1/thumb/v7e-m/fpv4-sp/hard/crtbegin.o
 .text          0x0000046c       0x74 c:/program files (x86)/gnu tools arm embedded/6 2017-q1-update/bin/../lib/gcc/arm-none-eabi/6.3.1/../../../../arm-none-eabi/lib/thumb/v7e-m/fpv4-sp/hard/crt0.o
                0x0000046c                _start
                0x0000046c                _mainCRTStartup
 .text.exit     0x000004e0       0x28 c:/program files (x86)/gnu tools arm embedded/6 2017-q1-update/bin/../lib/gcc/arm-none-eabi/6.3.1/../../../../arm-none-eabi/lib/thumb/v7e-m/fpv4-sp/hard\libc_nano.a(lib_a-exit.o)
                0x000004e0                exit
 .text.__libc_init_array
                0x00000508       0x48 c:/program files (x86)/gnu tools arm embedded/6 2017-q1-update/bin/../lib/gcc/arm-none-eabi/6.3.1/../../../../arm-none-eabi/lib/thumb/v7e-m/fpv4-sp/hard\libc_nano.a(lib_a-init.o)
                0x00000508                __libc_init_array
 .text.memset   0x00000550       0x10 c:/program files (x86)/gnu tools arm embedded/6 2017-q1-update/bin/../lib/gcc/arm-none-eabi/6.3.1/../../../../arm-none-eabi/lib/thumb/v7e-m/fpv4-sp/hard\libc_nano.a(lib_a-memset.o)
                0x00000550                memset
 .text._exit    0x00000560        0x4 c:/program files (x86)/gnu tools arm embedded/6 2017-q1-update/bin/../lib/gcc/arm-none-eabi/6.3.1/../../../../arm-none-eabi/lib/thumb/v7e-m/fpv4-sp/hard\libnosys.a(_exit.o)
                0x00000560                _exit
 .text.app_error_handler_bare
                0x00000564       0x20 _build/nrf52832_xxaa_app_error.c.o
                0x00000564                app_error_handler_bare
 .text.app_error_fault_handler
                0x00000584       0x24 _build/nrf52832_xxaa_app_error_weak.c.o
                0x00000584                app_error_fault_handler
 .text.RTC1_IRQHandler
                0x000005a8       0xc4 _build/nrf52832_xxaa_app_timer.c.o
                0x000005a8                RTC1_IRQHandler
 .text.SWI0_EGU0_IRQHandler
                0x0000066c      0x624 _build/nrf52832_xxaa_app_timer.c.o
                0x0000066c                SWI0_EGU0_IRQHandler
 .text.bsp_board_led_invert
                0x00000c90       0x24 _build/nrf52832_xxaa_boards.c.o
                0x00000c90                bsp_board_led_invert
 .text.bsp_board_leds_init
                0x00000cb4       0x3c _build/nrf52832_xxaa_boards.c.o
                0x00000cb4                bsp_board_leds_init
 .text.POWER_CLOCK_IRQHandler
                0x00000cf0       0x78 _build/nrf52832_xxaa_nrf_drv_clock.c.o
                0x00000cf0                POWER_CLOCK_IRQHandler
 .text.UARTE0_UART0_IRQHandler
                0x00000d68      0x2f4 _build/nrf52832_xxaa_nrf_drv_uart.c.o
                0x00000d68                UARTE0_UART0_IRQHandler
 .text.startup.main
                0x0000105c       0xa4 _build/nrf52832_xxaa_main.c.o
                0x0000105c                main
 .text          0x00001100       0x3c _build/nrf52832_xxaa_gcc_startup_nrf52.S.o
                0x00001100                Reset_Handler
                0x00001128                NMI_Handler
                0x0000112a                HardFault_Handler
                0x0000112c                MemoryManagement_Handler
                0x0000112e                BusFault_Handler
                0x00001130                UsageFault_Handler
                0x00001132                SVC_Handler
                0x00001134                DebugMon_Handler
                0x00001136                PendSV_Handler
                0x00001138                SysTick_Handler
                0x0000113a                RADIO_IRQHandler
                0x0000113a                PDM_IRQHandler
                0x0000113a                TEMP_IRQHandler
                0x0000113a                RTC0_IRQHandler
                0x0000113a                TIMER3_IRQHandler
                0x0000113a                FPU_IRQHandler
                0x0000113a                SPIM0_SPIS0_TWIM0_TWIS0_SPI0_TWI0_IRQHandler
                0x0000113a                GPIOTE_IRQHandler
                0x0000113a                QDEC_IRQHandler
                0x0000113a                I2S_IRQHandler
                0x0000113a                SWI4_EGU4_IRQHandler
                0x0000113a                PWM1_IRQHandler
                0x0000113a                TIMER2_IRQHandler
                0x0000113a                TIMER1_IRQHandler
                0x0000113a                PWM2_IRQHandler
                0x0000113a                ECB_IRQHandler
                0x0000113a                SPIM1_SPIS1_TWIM1_TWIS1_SPI1_TWI1_IRQHandler
                0x0000113a                Default_Handler
                0x0000113a                SAADC_IRQHandler
                0x0000113a                CCM_AAR_IRQHandler
                0x0000113a                WDT_IRQHandler
                0x0000113a                TIMER4_IRQHandler
                0x0000113a                SWI5_EGU5_IRQHandler
                0x0000113a                RNG_IRQHandler
                0x0000113a                RTC2_IRQHandler
                0x0000113a                PWM0_IRQHandler
                0x0000113a                SWI3_EGU3_IRQHandler
                0x0000113a                SWI1_EGU1_IRQHandler
                0x0000113a                SPIM2_SPIS2_SPI2_IRQHandler
                0x0000113a                NFCT_IRQHandler
                0x0000113a                SWI2_EGU2_IRQHandler
                0x0000113a                MWU_IRQHandler
                0x0000113a                TIMER0_IRQHandler
                0x0000113a                COMP_LPCOMP_IRQHandler
 .text.SystemInit
                0x0000113c      0x2f0 _build/nrf52832_xxaa_system_nrf52.c.o
                0x0000113c                SystemInit
 *(.init)
 .init          0x0000142c        0x4 c:/program files (x86)/gnu tools arm embedded/6 2017-q1-update/bin/../lib/gcc/arm-none-eabi/6.3.1/thumb/v7e-m/fpv4-sp/hard/crti.o
                0x0000142c                _init
 .init          0x00001430        0x8 c:/program files (x86)/gnu tools arm embedded/6 2017-q1-update/bin/../lib/gcc/arm-none-eabi/6.3.1/thumb/v7e-m/fpv4-sp/hard/crtn.o
 *(.fini)
 .fini          0x00001438        0x4 c:/program files (x86)/gnu tools arm embedded/6 2017-q1-update/bin/../lib/gcc/arm-none-eabi/6.3.1/thumb/v7e-m/fpv4-sp/hard/crti.o
                0x00001438                _fini
 .fini          0x0000143c        0x8 c:/program files (x86)/gnu tools arm embedded/6 2017-q1-update/bin/../lib/gcc/arm-none-eabi/6.3.1/thumb/v7e-m/fpv4-sp/hard/crtn.o
 *crtbegin.o(.ctors)
 *crtbegin?.o(.ctors)
 *(EXCLUDE_FILE(*crtend.o *crtend?.o) .ctors)
 *(SORT(.ctors.*))
 *(.ctors)
 *crtbegin.o(.dtors)
 *crtbegin?.o(.dtors)
 *(EXCLUDE_FILE(*crtend.o *crtend?.o) .dtors)
 *(SORT(.dtors.*))
 *(.dtors)
 *(.rodata*)
 .rodata._global_impure_ptr
                0x00001444        0x4 c:/program files (x86)/gnu tools arm embedded/6 2017-q1-update/bin/../lib/gcc/arm-none-eabi/6.3.1/../../../../arm-none-eabi/lib/thumb/v7e-m/fpv4-sp/hard\libc_nano.a(lib_a-impure.o)
                0x00001444                _global_impure_ptr
 .rodata.m_board_led_list
                0x00001448        0x4 _build/nrf52832_xxaa_boards.c.o
 *(.eh_frame*)
 .eh_frame      0x0000144c        0x0 c:/program files (x86)/gnu tools arm embedded/6 2017-q1-update/bin/../lib/gcc/arm-none-eabi/6.3.1/thumb/v7e-m/fpv4-sp/hard/crtbegin.o
 .eh_frame      0x0000144c        0x4 c:/program files (x86)/gnu tools arm embedded/6 2017-q1-update/bin/../lib/gcc/arm-none-eabi/6.3.1/thumb/v7e-m/fpv4-sp/hard/crtend.o

.glue_7         0x00001450        0x0
 .glue_7        0x00001450        0x0 linker stubs

.glue_7t        0x00001450        0x0
 .glue_7t       0x00001450        0x0 linker stubs

.vfp11_veneer   0x00001450        0x0
 .vfp11_veneer  0x00001450        0x0 linker stubs

.v4_bx          0x00001450        0x0
 .v4_bx         0x00001450        0x0 linker stubs

.iplt           0x00001450        0x0
 .iplt          0x00001450        0x0 c:/program files (x86)/gnu tools arm embedded/6 2017-q1-update/bin/../lib/gcc/arm-none-eabi/6.3.1/thumb/v7e-m/fpv4-sp/hard/crtbegin.o

.ARM.extab
 *(.ARM.extab* .gnu.linkonce.armextab.*)
                0x00001450                __exidx_start = .

.ARM.exidx      0x00001450        0x8
 *(.ARM.exidx* .gnu.linkonce.armexidx.*)
 .ARM.exidx     0x00001450        0x8 c:/program files (x86)/gnu tools arm embedded/6 2017-q1-update/bin/../lib/gcc/arm-none-eabi/6.3.1/../../../../arm-none-eabi/lib/thumb/v7e-m/fpv4-sp/hard/crt0.o
                0x00001458                __exidx_end = .
                0x00001458                __etext = .

.rel.dyn        0x00001458        0x0
 .rel.iplt      0x00001458        0x0 c:/program files (x86)/gnu tools arm embedded/6 2017-q1-update/bin/../lib/gcc/arm-none-eabi/6.3.1/thumb/v7e-m/fpv4-sp/hard/crtbegin.o

.data           0x20000000       0x70 load address 0x00001458
                0x20000000                __data_start__ = .
 *(vtable)
 *(.data*)
 .data.impure_data
                0x20000000       0x60 c:/program files (x86)/gnu tools arm embedded/6 2017-q1-update/bin/../lib/gcc/arm-none-eabi/6.3.1/../../../../arm-none-eabi/lib/thumb/v7e-m/fpv4-sp/hard\libc_nano.a(lib_a-impure.o)
 .data.SystemCoreClock
                0x20000060        0x4 _build/nrf52832_xxaa_system_nrf52.c.o
                0x20000060                SystemCoreClock
                0x20000064                . = ALIGN (0x4)
                0x20000064                PROVIDE (__preinit_array_start, .)
 *(.preinit_array)
                0x20000064                PROVIDE (__preinit_array_end, .)
                0x20000064                . = ALIGN (0x4)
                0x20000064                PROVIDE (__init_array_start, .)
 *(SORT(.init_array.*))
 *(.init_array)
 .init_array    0x20000064        0x4 c:/program files (x86)/gnu tools arm embedded/6 2017-q1-update/bin/../lib/gcc/arm-none-eabi/6.3.1/thumb/v7e-m/fpv4-sp/hard/crtbegin.o
                0x20000068                PROVIDE (__init_array_end, .)
                0x20000068                . = ALIGN (0x4)
                [!provide]                PROVIDE (__fini_array_start, .)
 *(SORT(.fini_array.*))
 *(.fini_array)
 .fini_array    0x20000068        0x4 c:/program files (x86)/gnu tools arm embedded/6 2017-q1-update/bin/../lib/gcc/arm-none-eabi/6.3.1/thumb/v7e-m/fpv4-sp/hard/crtbegin.o
                [!provide]                PROVIDE (__fini_array_end, .)
 *(.jcr*)
 .jcr           0x2000006c        0x0 c:/program files (x86)/gnu tools arm embedded/6 2017-q1-update/bin/../lib/gcc/arm-none-eabi/6.3.1/thumb/v7e-m/fpv4-sp/hard/crtbegin.o
 .jcr           0x2000006c        0x4 c:/program files (x86)/gnu tools arm embedded/6 2017-q1-update/bin/../lib/gcc/arm-none-eabi/6.3.1/thumb/v7e-m/fpv4-sp/hard/crtend.o
                0x20000070                . = ALIGN (0x4)
                0x20000070                __data_end__ = .
LOAD c:/program files (x86)/gnu tools arm embedded/6 2017-q1-update/bin/../lib/gcc/arm-none-eabi/6.3.1/thumb/v7e-m/fpv4-sp/hard/crti.o
LOAD c:/program files (x86)/gnu tools arm embedded/6 2017-q1-update/bin/../lib/gcc/arm-none-eabi/6.3.1/thumb/v7e-m/fpv4-sp/hard/crtbegin.o
LOAD c:/program files (x86)/gnu tools arm embedded/6 2017-q1-update/bin/../lib/gcc/arm-none-eabi/6.3.1/../../../../arm-none-eabi/lib/thumb/v7e-m/fpv4-sp/hard/crt0.o
LOAD c:/program files (x86)/gnu tools arm embedded/6 2017-q1-update/bin/../lib/gcc/arm-none-eabi/6.3.1/../../../../arm-none-eabi/lib/thumb/v7e-m/fpv4-sp/hard\libc_nano.a
LOAD c:/program files (x86)/gnu tools arm embedded/6 2017-q1-update/bin/../lib/gcc/arm-none-eabi/6.3.1/../../../../arm-none-eabi/lib/thumb/v7e-m/fpv4-sp/hard\libnosys.a
LOAD _build/nrf52832_xxaa_nrf_log_backend_serial.c.o
LOAD _build/nrf52832_xxaa_nrf_log_frontend.c.o
LOAD _build/nrf52832_xxaa_app_error.c.o
LOAD _build/nrf52832_xxaa_app_error_weak.c.o
LOAD _build/nrf52832_xxaa_app_timer.c.o
LOAD _build/nrf52832_xxaa_app_util_platform.c.o
LOAD _build/nrf52832_xxaa_hardfault_implementation.c.o
LOAD _build/nrf52832_xxaa_nrf_assert.c.o
LOAD _build/nrf52832_xxaa_sdk_errors.c.o
LOAD _build/nrf52832_xxaa_boards.c.o
LOAD _build/nrf52832_xxaa_nrf_drv_clock.c.o
LOAD _build/nrf52832_xxaa_nrf_drv_common.c.o
LOAD _build/nrf52832_xxaa_nrf_drv_uart.c.o
LOAD _build/nrf52832_xxaa_nrf_nvic.c.o
LOAD _build/nrf52832_xxaa_nrf_soc.c.o
LOAD _build/nrf52832_xxaa_main.c.o
LOAD _build/nrf52832_xxaa_RTT_Syscalls_GCC.c.o
LOAD _build/nrf52832_xxaa_SEGGER_RTT.c.o
LOAD _build/nrf52832_xxaa_SEGGER_RTT_printf.c.o
LOAD _build/nrf52832_xxaa_gcc_startup_nrf52.S.o
LOAD _build/nrf52832_xxaa_system_nrf52.c.o
LOAD c:/program files (x86)/gnu tools arm embedded/6 2017-q1-update/bin/../lib/gcc/arm-none-eabi/6.3.1/../../../../arm-none-eabi/lib/thumb/v7e-m/fpv4-sp/hard\libm.a
START GROUP
LOAD c:/program files (x86)/gnu tools arm embedded/6 2017-q1-update/bin/../lib/gcc/arm-none-eabi/6.3.1/thumb/v7e-m/fpv4-sp/hard\libgcc.a
LOAD c:/program files (x86)/gnu tools arm embedded/6 2017-q1-update/bin/../lib/gcc/arm-none-eabi/6.3.1/../../../../arm-none-eabi/lib/thumb/v7e-m/fpv4-sp/hard\libc_nano.a
END GROUP
START GROUP
LOAD c:/program files (x86)/gnu tools arm embedded/6 2017-q1-update/bin/../lib/gcc/arm-none-eabi/6.3.1/thumb/v7e-m/fpv4-sp/hard\libgcc.a
LOAD c:/program files (x86)/gnu tools arm embedded/6 2017-q1-update/bin/../lib/gcc/arm-none-eabi/6.3.1/../../../../arm-none-eabi/lib/thumb/v7e-m/fpv4-sp/hard\libc_nano.a
END GROUP
LOAD c:/program files (x86)/gnu tools arm embedded/6 2017-q1-update/bin/../lib/gcc/arm-none-eabi/6.3.1/thumb/v7e-m/fpv4-sp/hard/crtend.o
LOAD c:/program files (x86)/gnu tools arm embedded/6 2017-q1-update/bin/../lib/gcc/arm-none-eabi/6.3.1/thumb/v7e-m/fpv4-sp/hard/crtn.o
START GROUP
LOAD c:/program files (x86)/gnu tools arm embedded/6 2017-q1-update/bin/../lib/gcc/arm-none-eabi/6.3.1/thumb/v7e-m/fpv4-sp/hard\libgcc.a
LOAD c:/program files (x86)/gnu tools arm embedded/6 2017-q1-update/bin/../lib/gcc/arm-none-eabi/6.3.1/../../../../arm-none-eabi/lib/thumb/v7e-m/fpv4-sp/hard\libc.a
LOAD c:/program files (x86)/gnu tools arm embedded/6 2017-q1-update/bin/../lib/gcc/arm-none-eabi/6.3.1/../../../../arm-none-eabi/lib/thumb/v7e-m/fpv4-sp/hard\libnosys.a
END GROUP

.igot.plt       0x20000070        0x0 load address 0x000014c8
 .igot.plt      0x20000070        0x0 c:/program files (x86)/gnu tools arm embedded/6 2017-q1-update/bin/../lib/gcc/arm-none-eabi/6.3.1/thumb/v7e-m/fpv4-sp/hard/crtbegin.o

.fs_data        0x20000070        0x0
                [!provide]                PROVIDE (__start_fs_data, .)
 *(.fs_data)
                [!provide]                PROVIDE (__stop_fs_data, .)

.pwr_mgmt_data  0x20000070        0x0
                [!provide]                PROVIDE (__start_pwr_mgmt_data, .)
 *(.pwr_mgmt_data)
                [!provide]                PROVIDE (__stop_pwr_mgmt_data, .)

.bss            0x20000070       0x74 load address 0x000014c8
                0x20000070                . = ALIGN (0x4)
                0x20000070                __bss_start__ = .
 *(.bss*)
 .bss           0x20000070       0x1c c:/program files (x86)/gnu tools arm embedded/6 2017-q1-update/bin/../lib/gcc/arm-none-eabi/6.3.1/thumb/v7e-m/fpv4-sp/hard/crtbegin.o
 .bss.m_evt_schedule_func
                0x2000008c        0x4 _build/nrf52832_xxaa_app_timer.c.o
 .bss.m_op_queue
                0x20000090        0x8 _build/nrf52832_xxaa_app_timer.c.o
 .bss.m_rtc1_reset
                0x20000098        0x1 _build/nrf52832_xxaa_app_timer.c.o
 .bss.m_rtc1_running
                0x20000099        0x1 _build/nrf52832_xxaa_app_timer.c.o
 *fill*         0x2000009a        0x2 
 .bss.m_ticks_elapsed
                0x2000009c        0x8 _build/nrf52832_xxaa_app_timer.c.o
 .bss.m_ticks_elapsed_q_read_ind
                0x200000a4        0x1 _build/nrf52832_xxaa_app_timer.c.o
 .bss.m_ticks_elapsed_q_write_ind
                0x200000a5        0x1 _build/nrf52832_xxaa_app_timer.c.o
 *fill*         0x200000a6        0x2 
 .bss.m_ticks_latest
                0x200000a8        0x4 _build/nrf52832_xxaa_app_timer.c.o
 .bss.mp_timer_id_head
                0x200000ac        0x4 _build/nrf52832_xxaa_app_timer.c.o
 .bss.m_clock_cb
                0x200000b0       0x14 _build/nrf52832_xxaa_nrf_drv_clock.c.o
 .bss.m_cb      0x200000c4       0x20 _build/nrf52832_xxaa_nrf_drv_uart.c.o
 *(COMMON)
                0x200000e4                . = ALIGN (0x4)
                0x200000e4                __bss_end__ = .

.heap           0x200000e8     0x2000
                0x200000e8                __HeapBase = .
                0x200000e8                __end__ = .
                [!provide]                PROVIDE (end, .)
 *(.heap*)
 .heap          0x200000e8     0x2000 _build/nrf52832_xxaa_gcc_startup_nrf52.S.o
                0x200020e8                __HeapLimit = .

.stack_dummy    0x200000e8     0x2000
 *(.stack*)
 .stack         0x200000e8     0x2000 _build/nrf52832_xxaa_gcc_startup_nrf52.S.o
                0x20010000                __StackTop = (ORIGIN (RAM) + LENGTH (RAM))
                0x2000e000                __StackLimit = (__StackTop - SIZEOF (.stack_dummy))
                0x20010000                PROVIDE (__stack, __StackTop)
                0x00000001                ASSERT ((__StackLimit >= __HeapLimit), region RAM overflowed with stack)
OUTPUT(_build/nrf52832_xxaa.out elf32-littlearm)

.ARM.attributes
                0x00000000       0x30
 .ARM.attributes
                0x00000000       0x22 c:/program files (x86)/gnu tools arm embedded/6 2017-q1-update/bin/../lib/gcc/arm-none-eabi/6.3.1/thumb/v7e-m/fpv4-sp/hard/crti.o
 .ARM.attributes
                0x00000022       0x34 c:/program files (x86)/gnu tools arm embedded/6 2017-q1-update/bin/../lib/gcc/arm-none-eabi/6.3.1/thumb/v7e-m/fpv4-sp/hard/crtbegin.o
 .ARM.attributes
                0x00000056       0x20 c:/program files (x86)/gnu tools arm embedded/6 2017-q1-update/bin/../lib/gcc/arm-none-eabi/6.3.1/../../../../arm-none-eabi/lib/thumb/v7e-m/fpv4-sp/hard/crt0.o
 .ARM.attributes
                0x00000076       0x34 c:/program files (x86)/gnu tools arm embedded/6 2017-q1-update/bin/../lib/gcc/arm-none-eabi/6.3.1/../../../../arm-none-eabi/lib/thumb/v7e-m/fpv4-sp/hard\libc_nano.a(lib_a-exit.o)
 .ARM.attributes
                0x000000aa       0x34 c:/program files (x86)/gnu tools arm embedded/6 2017-q1-update/bin/../lib/gcc/arm-none-eabi/6.3.1/../../../../arm-none-eabi/lib/thumb/v7e-m/fpv4-sp/hard\libc_nano.a(lib_a-impure.o)
 .ARM.attributes
                0x000000de       0x34 c:/program files (x86)/gnu tools arm embedded/6 2017-q1-update/bin/../lib/gcc/arm-none-eabi/6.3.1/../../../../arm-none-eabi/lib/thumb/v7e-m/fpv4-sp/hard\libc_nano.a(lib_a-init.o)
 .ARM.attributes
                0x00000112       0x34 c:/program files (x86)/gnu tools arm embedded/6 2017-q1-update/bin/../lib/gcc/arm-none-eabi/6.3.1/../../../../arm-none-eabi/lib/thumb/v7e-m/fpv4-sp/hard\libc_nano.a(lib_a-memset.o)
 .ARM.attributes
                0x00000146       0x34 c:/program files (x86)/gnu tools arm embedded/6 2017-q1-update/bin/../lib/gcc/arm-none-eabi/6.3.1/../../../../arm-none-eabi/lib/thumb/v7e-m/fpv4-sp/hard\libnosys.a(_exit.o)
 .ARM.attributes
                0x0000017a       0x39 _build/nrf52832_xxaa_app_error.c.o
 .ARM.attributes
                0x000001b3       0x39 _build/nrf52832_xxaa_app_error_weak.c.o
 .ARM.attributes
                0x000001ec       0x39 _build/nrf52832_xxaa_app_timer.c.o
 .ARM.attributes
                0x00000225       0x39 _build/nrf52832_xxaa_boards.c.o
 .ARM.attributes
                0x0000025e       0x39 _build/nrf52832_xxaa_nrf_drv_clock.c.o
 .ARM.attributes
                0x00000297       0x39 _build/nrf52832_xxaa_nrf_drv_uart.c.o
 .ARM.attributes
                0x000002d0       0x39 _build/nrf52832_xxaa_main.c.o
 .ARM.attributes
                0x00000309       0x1c _build/nrf52832_xxaa_gcc_startup_nrf52.S.o
 .ARM.attributes
                0x00000325       0x39 _build/nrf52832_xxaa_system_nrf52.c.o
 .ARM.attributes
                0x0000035e       0x34 c:/program files (x86)/gnu tools arm embedded/6 2017-q1-update/bin/../lib/gcc/arm-none-eabi/6.3.1/thumb/v7e-m/fpv4-sp/hard/crtend.o
 .ARM.attributes
                0x00000392       0x22 c:/program files (x86)/gnu tools arm embedded/6 2017-q1-update/bin/../lib/gcc/arm-none-eabi/6.3.1/thumb/v7e-m/fpv4-sp/hard/crtn.o

.comment        0x00000000       0x7f
 .comment       0x00000000       0x7f _build/nrf52832_xxaa_app_error.c.o
                                 0x80 (size before relaxing)
 .comment       0x0000007f       0x80 _build/nrf52832_xxaa_app_error_weak.c.o
 .comment       0x0000007f       0x80 _build/nrf52832_xxaa_app_timer.c.o
 .comment       0x0000007f       0x80 _build/nrf52832_xxaa_boards.c.o
 .comment       0x0000007f       0x80 _build/nrf52832_xxaa_nrf_drv_clock.c.o
 .comment       0x0000007f       0x80 _build/nrf52832_xxaa_nrf_drv_uart.c.o
 .comment       0x0000007f       0x80 _build/nrf52832_xxaa_main.c.o
 .comment       0x0000007f       0x80 _build/nrf52832_xxaa_system_nrf52.c.o

.debug_frame    0x00000000      0x6a4
 .debug_frame   0x00000000       0x28 c:/program files (x86)/gnu tools arm embedded/6 2017-q1-update/bin/../lib/gcc/arm-none-eabi/6.3.1/../../../../arm-none-eabi/lib/thumb/v7e-m/fpv4-sp/hard\libc_nano.a(lib_a-exit.o)
 .debug_frame   0x00000028       0x2c c:/program files (x86)/gnu tools arm embedded/6 2017-q1-update/bin/../lib/gcc/arm-none-eabi/6.3.1/../../../../arm-none-eabi/lib/thumb/v7e-m/fpv4-sp/hard\libc_nano.a(lib_a-init.o)
 .debug_frame   0x00000054       0x20 c:/program files (x86)/gnu tools arm embedded/6 2017-q1-update/bin/../lib/gcc/arm-none-eabi/6.3.1/../../../../arm-none-eabi/lib/thumb/v7e-m/fpv4-sp/hard\libc_nano.a(lib_a-memset.o)
 .debug_frame   0x00000074       0x20 c:/program files (x86)/gnu tools arm embedded/6 2017-q1-update/bin/../lib/gcc/arm-none-eabi/6.3.1/../../../../arm-none-eabi/lib/thumb/v7e-m/fpv4-sp/hard\libnosys.a(_exit.o)
 .debug_frame   0x00000094       0x70 _build/nrf52832_xxaa_app_error.c.o
 .debug_frame   0x00000104       0x20 _build/nrf52832_xxaa_app_error_weak.c.o
 .debug_frame   0x00000124      0x114 _build/nrf52832_xxaa_app_timer.c.o
 .debug_frame   0x00000238      0x104 _build/nrf52832_xxaa_boards.c.o
 .debug_frame   0x0000033c      0x140 _build/nrf52832_xxaa_nrf_drv_clock.c.o
 .debug_frame   0x0000047c      0x1b0 _build/nrf52832_xxaa_nrf_drv_uart.c.o
 .debug_frame   0x0000062c       0x30 _build/nrf52832_xxaa_main.c.o
 .debug_frame   0x0000065c       0x48 _build/nrf52832_xxaa_system_nrf52.c.o

.debug_info     0x00000000     0xcaf2
 .debug_info    0x00000000      0xb75 _build/nrf52832_xxaa_app_error.c.o
 .debug_info    0x00000b75      0xb57 _build/nrf52832_xxaa_app_error_weak.c.o
 .debug_info    0x000016cc     0x23de _build/nrf52832_xxaa_app_timer.c.o
 .debug_info    0x00003aaa     0x1407 _build/nrf52832_xxaa_boards.c.o
 .debug_info    0x00004eb1     0x1955 _build/nrf52832_xxaa_nrf_drv_clock.c.o
 .debug_info    0x00006806     0x4b4c _build/nrf52832_xxaa_nrf_drv_uart.c.o
 .debug_info    0x0000b352      0x9ca _build/nrf52832_xxaa_main.c.o
 .debug_info    0x0000bd1c      0xdd6 _build/nrf52832_xxaa_system_nrf52.c.o

.debug_abbrev   0x00000000     0x19ea
 .debug_abbrev  0x00000000      0x235 _build/nrf52832_xxaa_app_error.c.o
 .debug_abbrev  0x00000235      0x21c _build/nrf52832_xxaa_app_error_weak.c.o
 .debug_abbrev  0x00000451      0x47c _build/nrf52832_xxaa_app_timer.c.o
 .debug_abbrev  0x000008cd      0x382 _build/nrf52832_xxaa_boards.c.o
 .debug_abbrev  0x00000c4f      0x4be _build/nrf52832_xxaa_nrf_drv_clock.c.o
 .debug_abbrev  0x0000110d      0x495 _build/nrf52832_xxaa_nrf_drv_uart.c.o
 .debug_abbrev  0x000015a2      0x266 _build/nrf52832_xxaa_main.c.o
 .debug_abbrev  0x00001808      0x1e2 _build/nrf52832_xxaa_system_nrf52.c.o

.debug_loc      0x00000000     0x4455
 .debug_loc     0x00000000      0x145 _build/nrf52832_xxaa_app_error.c.o
 .debug_loc     0x00000145       0x42 _build/nrf52832_xxaa_app_error_weak.c.o
 .debug_loc     0x00000187      0xde6 _build/nrf52832_xxaa_app_timer.c.o
 .debug_loc     0x00000f6d      0x845 _build/nrf52832_xxaa_boards.c.o
 .debug_loc     0x000017b2      0x406 _build/nrf52832_xxaa_nrf_drv_clock.c.o
 .debug_loc     0x00001bb8     0x2850 _build/nrf52832_xxaa_nrf_drv_uart.c.o
 .debug_loc     0x00004408       0x4d _build/nrf52832_xxaa_main.c.o

.debug_aranges  0x00000000      0x268
 .debug_aranges
                0x00000000       0x30 _build/nrf52832_xxaa_app_error.c.o
 .debug_aranges
                0x00000030       0x20 _build/nrf52832_xxaa_app_error_weak.c.o
 .debug_aranges
                0x00000050       0x60 _build/nrf52832_xxaa_app_timer.c.o
 .debug_aranges
                0x000000b0       0x80 _build/nrf52832_xxaa_boards.c.o
 .debug_aranges
                0x00000130       0x80 _build/nrf52832_xxaa_nrf_drv_clock.c.o
 .debug_aranges
                0x000001b0       0x70 _build/nrf52832_xxaa_nrf_drv_uart.c.o
 .debug_aranges
                0x00000220       0x20 _build/nrf52832_xxaa_main.c.o
 .debug_aranges
                0x00000240       0x28 _build/nrf52832_xxaa_system_nrf52.c.o

.debug_ranges   0x00000000     0x1270
 .debug_ranges  0x00000000       0x20 _build/nrf52832_xxaa_app_error.c.o
 .debug_ranges  0x00000020       0x10 _build/nrf52832_xxaa_app_error_weak.c.o
 .debug_ranges  0x00000030      0x4b0 _build/nrf52832_xxaa_app_timer.c.o
 .debug_ranges  0x000004e0      0x178 _build/nrf52832_xxaa_boards.c.o
 .debug_ranges  0x00000658      0x2b8 _build/nrf52832_xxaa_nrf_drv_clock.c.o
 .debug_ranges  0x00000910      0x830 _build/nrf52832_xxaa_nrf_drv_uart.c.o
 .debug_ranges  0x00001140       0x28 _build/nrf52832_xxaa_main.c.o
 .debug_ranges  0x00001168      0x108 _build/nrf52832_xxaa_system_nrf52.c.o

.debug_macro    0x00000000     0x2760
 .debug_macro   0x00000000      0x2a6 _build/nrf52832_xxaa_app_error.c.o
 .debug_macro   0x000002a6       0x35 _build/nrf52832_xxaa_app_error.c.o
 .debug_macro   0x000002db       0x22 _build/nrf52832_xxaa_app_error.c.o
 .debug_macro   0x000002fd       0x16 _build/nrf52832_xxaa_app_error.c.o
 .debug_macro   0x00000313       0x97 _build/nrf52832_xxaa_app_error.c.o
 .debug_macro   0x000003aa       0xf6 _build/nrf52832_xxaa_app_error.c.o
 .debug_macro   0x000004a0       0x10 _build/nrf52832_xxaa_app_error.c.o
 .debug_macro   0x000004b0       0x10 _build/nrf52832_xxaa_app_error.c.o
 .debug_macro   0x000004c0       0xb6 _build/nrf52832_xxaa_app_error.c.o
 .debug_macro   0x00000576       0x16 _build/nrf52832_xxaa_app_error.c.o
 .debug_macro   0x0000058c      0x145 _build/nrf52832_xxaa_app_error.c.o
 .debug_macro   0x000006d1       0x2b _build/nrf52832_xxaa_app_error.c.o
 .debug_macro   0x000006fc       0x22 _build/nrf52832_xxaa_app_error.c.o
 .debug_macro   0x0000071e       0x16 _build/nrf52832_xxaa_app_error.c.o
 .debug_macro   0x00000734      0x39a _build/nrf52832_xxaa_app_error.c.o
 .debug_macro   0x00000ace      0x16c _build/nrf52832_xxaa_app_error.c.o
 .debug_macro   0x00000c3a       0x59 _build/nrf52832_xxaa_app_error.c.o
 .debug_macro   0x00000c93       0x28 _build/nrf52832_xxaa_app_error.c.o
 .debug_macro   0x00000cbb       0x22 _build/nrf52832_xxaa_app_error.c.o
 .debug_macro   0x00000cdd      0x2a6 _build/nrf52832_xxaa_app_error_weak.c.o
 .debug_macro   0x00000f83       0x1c _build/nrf52832_xxaa_app_error_weak.c.o
 .debug_macro   0x00000f9f      0x312 _build/nrf52832_xxaa_app_timer.c.o
 .debug_macro   0x000012b1       0x1c _build/nrf52832_xxaa_app_timer.c.o
 .debug_macro   0x000012cd       0x35 _build/nrf52832_xxaa_app_timer.c.o
 .debug_macro   0x00001302       0x16 _build/nrf52832_xxaa_app_timer.c.o
 .debug_macro   0x00001318       0x22 _build/nrf52832_xxaa_app_timer.c.o
 .debug_macro   0x0000133a       0x10 _build/nrf52832_xxaa_app_timer.c.o
 .debug_macro   0x0000134a       0x10 _build/nrf52832_xxaa_app_timer.c.o
 .debug_macro   0x0000135a       0x74 _build/nrf52832_xxaa_app_timer.c.o
 .debug_macro   0x000013ce      0x29d _build/nrf52832_xxaa_boards.c.o
 .debug_macro   0x0000166b      0x296 _build/nrf52832_xxaa_boards.c.o
 .debug_macro   0x00001901       0x16 _build/nrf52832_xxaa_boards.c.o
 .debug_macro   0x00001917      0x24d _build/nrf52832_xxaa_boards.c.o
 .debug_macro   0x00001b64      0x115 _build/nrf52832_xxaa_boards.c.o
 .debug_macro   0x00001c79      0x32d _build/nrf52832_xxaa_nrf_drv_clock.c.o
 .debug_macro   0x00001fa6       0x10 _build/nrf52832_xxaa_nrf_drv_clock.c.o
 .debug_macro   0x00001fb6       0x28 _build/nrf52832_xxaa_nrf_drv_clock.c.o
 .debug_macro   0x00001fde       0x16 _build/nrf52832_xxaa_nrf_drv_clock.c.o
 .debug_macro   0x00001ff4      0x37e _build/nrf52832_xxaa_nrf_drv_uart.c.o
 .debug_macro   0x00002372       0x10 _build/nrf52832_xxaa_nrf_drv_uart.c.o
 .debug_macro   0x00002382       0x42 _build/nrf52832_xxaa_nrf_drv_uart.c.o
 .debug_macro   0x000023c4      0x2a7 _build/nrf52832_xxaa_main.c.o
 .debug_macro   0x0000266b       0xf5 _build/nrf52832_xxaa_system_nrf52.c.o

.debug_line     0x00000000     0x4432
 .debug_line    0x00000000      0x651 _build/nrf52832_xxaa_app_error.c.o
 .debug_line    0x00000651      0x618 _build/nrf52832_xxaa_app_error_weak.c.o
 .debug_line    0x00000c69      0xaa3 _build/nrf52832_xxaa_app_timer.c.o
 .debug_line    0x0000170c      0x754 _build/nrf52832_xxaa_boards.c.o
 .debug_line    0x00001e60      0x977 _build/nrf52832_xxaa_nrf_drv_clock.c.o
 .debug_line    0x000027d7     0x118e _build/nrf52832_xxaa_nrf_drv_uart.c.o
 .debug_line    0x00003965      0x639 _build/nrf52832_xxaa_main.c.o
 .debug_line    0x00003f9e      0x494 _build/nrf52832_xxaa_system_nrf52.c.o

.debug_str      0x00000000    0x69d92
 .debug_str     0x00000000    0x649e3 _build/nrf52832_xxaa_app_error.c.o
                              0x655c3 (size before relaxing)
 .debug_str     0x000649e3       0xd8 _build/nrf52832_xxaa_app_error_weak.c.o
                              0x6554c (size before relaxing)
 .debug_str     0x00064abb     0x127a _build/nrf52832_xxaa_app_timer.c.o
                              0x6509a (size before relaxing)
 .debug_str     0x00065d35     0x1a24 _build/nrf52832_xxaa_boards.c.o
                              0x62392 (size before relaxing)
 .debug_str     0x00067759      0xae5 _build/nrf52832_xxaa_nrf_drv_clock.c.o
                              0x6658a (size before relaxing)
 .debug_str     0x0006823e     0x18aa _build/nrf52832_xxaa_nrf_drv_uart.c.o
                              0x67f79 (size before relaxing)
 .debug_str     0x00069ae8       0x2f _build/nrf52832_xxaa_main.c.o
                              0x61ed1 (size before relaxing)
 .debug_str     0x00069b17      0x27b _build/nrf52832_xxaa_system_nrf52.c.o
                              0x5baeb (size before relaxing)
